Component: ARM Compiler 6.10.1 Tool: armlink [5d142800]

==============================================================================

Section Cross References

    startup_stm32l476xx.o(RESET) refers to startup_stm32l476xx.o(STACK) for __initial_sp
    startup_stm32l476xx.o(RESET) refers to startup_stm32l476xx.o(.text) for Reset_Handler
    startup_stm32l476xx.o(RESET) refers to smtc_hal_mcu_gpio_stm32l4.o(.text.EXTI0_IRQHandler) for EXTI0_IRQHandler
    startup_stm32l476xx.o(RESET) refers to smtc_hal_mcu_gpio_stm32l4.o(.text.EXTI1_IRQHandler) for EXTI1_IRQHandler
    startup_stm32l476xx.o(RESET) refers to smtc_hal_mcu_gpio_stm32l4.o(.text.EXTI2_IRQHandler) for EXTI2_IRQHandler
    startup_stm32l476xx.o(RESET) refers to smtc_hal_mcu_gpio_stm32l4.o(.text.EXTI3_IRQHandler) for EXTI3_IRQHandler
    startup_stm32l476xx.o(RESET) refers to smtc_hal_mcu_gpio_stm32l4.o(.text.EXTI4_IRQHandler) for EXTI4_IRQHandler
    startup_stm32l476xx.o(RESET) refers to smtc_hal_mcu_gpio_stm32l4.o(.text.EXTI9_5_IRQHandler) for EXTI9_5_IRQHandler
    startup_stm32l476xx.o(RESET) refers to smtc_hal_mcu_uart_stm32l4.o(.text.USART2_IRQHandler) for USART2_IRQHandler
    startup_stm32l476xx.o(RESET) refers to smtc_hal_mcu_gpio_stm32l4.o(.text.EXTI15_10_IRQHandler) for EXTI15_10_IRQHandler
    startup_stm32l476xx.o(RESET) refers to smtc_hal_mcu_timer_stm32l4.o(.text.LPTIM1_IRQHandler) for LPTIM1_IRQHandler
    startup_stm32l476xx.o(.text) refers to system_stm32l4xx.o(.text.SystemInit) for SystemInit
    startup_stm32l476xx.o(.text) refers to entry.o(.ARM.Collect$$$$00000000) for __main
    apps_common.o(.text.apps_common_lr11xx_get_context) refers to smtc_shield_pinout_mapping.o(.text.smtc_shield_pinout_mapping_get_gpio_cfg) for smtc_shield_pinout_mapping_get_gpio_cfg
    apps_common.o(.text.apps_common_lr11xx_get_context) refers to apps_common.o(.bss.context) for context
    apps_common.o(.text.apps_common_lr11xx_get_context) refers to apps_common.o(.text.radio_on_dio_irq) for radio_on_dio_irq
    apps_common.o(.text.apps_common_lr11xx_get_context) refers to smtc_hal_mcu_gpio_stm32l4.o(.text.smtc_hal_mcu_gpio_init_input) for smtc_hal_mcu_gpio_init_input
    apps_common.o(.text.apps_common_lr11xx_get_context) refers to smtc_hal_mcu_gpio_stm32l4.o(.text.smtc_hal_mcu_gpio_init_output) for smtc_hal_mcu_gpio_init_output
    apps_common.o(.text.apps_common_lr11xx_get_context) refers to smtc_hal_mcu_gpio_stm32l4.o(.text.smtc_hal_mcu_gpio_enable_irq) for smtc_hal_mcu_gpio_enable_irq
    apps_common.o(.text.apps_common_lr11xx_get_context) refers to smtc_hal_mcu_spi_stm32l4.o(.text.smtc_hal_mcu_spi_init) for smtc_hal_mcu_spi_init
    apps_common.o(.ARM.exidx.text.apps_common_lr11xx_get_context) refers to apps_common.o(.text.apps_common_lr11xx_get_context) for [Anonymous Symbol]
    apps_common.o(.text.radio_on_dio_irq) refers to apps_common.o(.bss.irq_fired) for irq_fired
    apps_common.o(.ARM.exidx.text.radio_on_dio_irq) refers to apps_common.o(.text.radio_on_dio_irq) for [Anonymous Symbol]
    apps_common.o(.text.apps_common_shield_init) refers to apps_common.o(.text.smtc_shield_lr11xx_get_pinout) for smtc_shield_lr11xx_get_pinout
    apps_common.o(.text.apps_common_shield_init) refers to apps_common.o(.bss.shield_pinout) for shield_pinout
    apps_common.o(.text.apps_common_shield_init) refers to smtc_shield_pinout_mapping.o(.text.smtc_shield_pinout_mapping_get_gpio_cfg) for smtc_shield_pinout_mapping_get_gpio_cfg
    apps_common.o(.text.apps_common_shield_init) refers to apps_common.o(.bss.led_tx) for led_tx
    apps_common.o(.text.apps_common_shield_init) refers to smtc_hal_mcu_gpio_stm32l4.o(.text.smtc_hal_mcu_gpio_init_output) for smtc_hal_mcu_gpio_init_output
    apps_common.o(.text.apps_common_shield_init) refers to apps_common.o(.bss.led_rx) for led_rx
    apps_common.o(.text.apps_common_shield_init) refers to apps_common.o(.bss.led_scan) for led_scan
    apps_common.o(.text.apps_common_shield_init) refers to apps_common.o(.bss.lna_ctrl) for lna_ctrl
    apps_common.o(.ARM.exidx.text.apps_common_shield_init) refers to apps_common.o(.text.apps_common_shield_init) for [Anonymous Symbol]
    apps_common.o(.text.smtc_shield_lr11xx_get_pinout) refers to apps_common.o(.data.shield) for shield
    apps_common.o(.ARM.exidx.text.smtc_shield_lr11xx_get_pinout) refers to apps_common.o(.text.smtc_shield_lr11xx_get_pinout) for [Anonymous Symbol]
    apps_common.o(.text.apps_common_lr11xx_system_init) refers to lr11xx_system.o(.text.lr11xx_system_reset) for lr11xx_system_reset
    apps_common.o(.text.apps_common_lr11xx_system_init) refers to apps_common.o(.rodata.str1.1) for .L.str
    apps_common.o(.text.apps_common_lr11xx_system_init) refers to smtc_hal_dbg_trace.o(.text.hal_mcu_trace_print) for hal_mcu_trace_print
    apps_common.o(.text.apps_common_lr11xx_system_init) refers to apps_common.o(.text.smtc_shield_lr11xx_get_reg_mode) for smtc_shield_lr11xx_get_reg_mode
[...]
    [Anonymous Symbol]                       0x2000039c   Section        0  apps_common.o(.bss.led_scan)
    led_scan                                 0x2000039c   Data          12  apps_common.o(.bss.led_scan)
    [Anonymous Symbol]                       0x200003a8   Section        0  apps_common.o(.bss.led_tx)
    led_tx                                   0x200003a8   Data          12  apps_common.o(.bss.led_tx)
    [Anonymous Symbol]                       0x200003b4   Section        0  apps_common.o(.bss.lna_ctrl)
    lna_ctrl                                 0x200003b4   Data          12  apps_common.o(.bss.lna_ctrl)
    [Anonymous Symbol]                       0x200003c0   Section        0  main_per.o(.bss.nb_fsk_len_error)
    nb_fsk_len_error                         0x200003c0   Data           2  main_per.o(.bss.nb_fsk_len_error)
    [Anonymous Symbol]                       0x200003c2   Section        0  main_per.o(.bss.nb_ok)
    nb_ok                                    0x200003c2   Data           2  main_per.o(.bss.nb_ok)
    [Anonymous Symbol]                       0x200003c4   Section        0  main_per.o(.bss.nb_rx_error)
    nb_rx_error                              0x200003c4   Data           2  main_per.o(.bss.nb_rx_error)
    [Anonymous Symbol]                       0x200003c6   Section        0  main_per.o(.bss.nb_rx_timeout)
    nb_rx_timeout                            0x200003c6   Data           2  main_per.o(.bss.nb_rx_timeout)
    [Anonymous Symbol]                       0x200003c8   Section        0  main_per.o(.bss.per_index)
    per_index                                0x200003c8   Data           2  main_per.o(.bss.per_index)
    [Anonymous Symbol]                       0x200003ca   Section        0  main_per.o(.bss.per_msg)
    per_msg                                  0x200003ca   Data           7  main_per.o(.bss.per_msg)
    [Anonymous Symbol]                       0x200003d1   Section        0  main_per.o(.bss.rolling_counter)
    rolling_counter                          0x200003d1   Data           1  main_per.o(.bss.rolling_counter)
    [Anonymous Symbol]                       0x200003d4   Section        0  apps_common.o(.bss.shield_pinout)
    shield_pinout                            0x200003d4   Data           4  apps_common.o(.bss.shield_pinout)
    [Anonymous Symbol]                       0x200003d8   Section        0  smtc_hal_mcu_spi_stm32l4.o(.bss.spi_inst_array)
    spi_inst_array                           0x200003d8   Data          32  smtc_hal_mcu_spi_stm32l4.o(.bss.spi_inst_array)
    [Anonymous Symbol]                       0x200003f8   Section        0  smtc_hal_mcu_timer_stm32l4.o(.bss.tim_inst_array)
    tim_inst_array                           0x200003f8   Data          16  smtc_hal_mcu_timer_stm32l4.o(.bss.tim_inst_array)
    [Anonymous Symbol]                       0x20000408   Section        0  smtc_hal_mcu_uart_stm32l4.o(.bss.uart_inst_array)
    uart_inst_array                          0x20000408   Data          12  smtc_hal_mcu_uart_stm32l4.o(.bss.uart_inst_array)
    STACK                                    0x20000418   Section     1024  startup_stm32l476xx.o(STACK)

    Global Symbols

    Symbol Name                              Value     Ov Type        Size  Object(Section)

    BuildAttributes$$THM_ISAv4$E$P$D$K$B$S$7EM$VFPi3$EXTD16$VFPS$VFMA$PE$A:L22UL41UL21$X:L11$S22US41US21$IEEE1$IW$~IW$USESV6$~STKCKD$USESV7$~SHL$OTIME$ROPI$EBA8$MICROLIB$REQ8$PRES8$EABIv2 0x00000000   Number         0  anon$$obj.o ABSOLUTE
    __cpp_initialize__aeabi_                  - Undefined Weak Reference
    __cxa_finalize                            - Undefined Weak Reference
    __decompress                              - Undefined Weak Reference
    _clock_init                               - Undefined Weak Reference
    _microlib_exit                            - Undefined Weak Reference
    __Vectors_Size                           0x00000188   Number         0  startup_stm32l476xx.o ABSOLUTE
    __Vectors                                0x08000000   Data           4  startup_stm32l476xx.o(RESET)
    __Vectors_End                            0x08000188   Data           0  startup_stm32l476xx.o(RESET)
    __main                                   0x08000189   Thumb Code     0  entry.o(.ARM.Collect$$$$00000000)
    _main_stk                                0x08000189   Thumb Code     0  entry2.o(.ARM.Collect$$$$00000001)
    _main_scatterload                        0x0800018d   Thumb Code     0  entry5.o(.ARM.Collect$$$$00000004)
    __main_after_scatterload                 0x08000191   Thumb Code     0  entry5.o(.ARM.Collect$$$$00000004)
    _main_clock                              0x08000191   Thumb Code     0  entry7b.o(.ARM.Collect$$$$00000008)
    _main_cpp_init                           0x08000191   Thumb Code     0  entry8b.o(.ARM.Collect$$$$0000000A)
    _main_init                               0x08000191   Thumb Code     0  entry9a.o(.ARM.Collect$$$$0000000B)
    __rt_final_cpp                           0x08000199   Thumb Code     0  entry10a.o(.ARM.Collect$$$$0000000D)
    __rt_final_exit                          0x08000199   Thumb Code     0  entry11a.o(.ARM.Collect$$$$0000000F)
    Reset_Handler                            0x0800019d   Thumb Code     8  startup_stm32l476xx.o(.text)
    NMI_Handler                              0x080001a5   Thumb Code     2  startup_stm32l476xx.o(.text)
    HardFault_Handler                        0x080001a7   Thumb Code     2  startup_stm32l476xx.o(.text)
    MemManage_Handler                        0x080001a9   Thumb Code     2  startup_stm32l476xx.o(.text)
    BusFault_Handler                         0x080001ab   Thumb Code     2  startup_stm32l476xx.o(.text)
    UsageFault_Handler                       0x080001ad   Thumb Code     2  startup_stm32l476xx.o(.text)
    SVC_Handler                              0x080001af   Thumb Code     2  startup_stm32l476xx.o(.text)
    DebugMon_Handler                         0x080001b1   Thumb Code     2  startup_stm32l476xx.o(.text)
    PendSV_Handler                           0x080001b3   Thumb Code     2  startup_stm32l476xx.o(.text)
    SysTick_Handler                          0x080001b5   Thumb Code     2  startup_stm32l476xx.o(.text)
    ADC1_2_IRQHandler                        0x080001b7   Thumb Code     0  startup_stm32l476xx.o(.text)
    ADC3_IRQHandler                          0x080001b7   Thumb Code     0  startup_stm32l476xx.o(.text)
    CAN1_RX0_IRQHandler                      0x080001b7   Thumb Code     0  startup_stm32l476xx.o(.text)
    CAN1_RX1_IRQHandler                      0x080001b7   Thumb Code     0  startup_stm32l476xx.o(.text)
    CAN1_SCE_IRQHandler                      0x080001b7   Thumb Code     0  startup_stm32l476xx.o(.text)
    CAN1_TX_IRQHandler                       0x080001b7   Thumb Code     0  startup_stm32l476xx.o(.text)
    COMP_IRQHandler                          0x080001b7   Thumb Code     0  startup_stm32l476xx.o(.text)
    DFSDM1_FLT0_IRQHandler                   0x080001b7   Thumb Code     0  startup_stm32l476xx.o(.text)
    DFSDM1_FLT1_IRQHandler                   0x080001b7   Thumb Code     0  startup_stm32l476xx.o(.text)
    DFSDM1_FLT2_IRQHandler                   0x080001b7   Thumb Code     0  startup_stm32l476xx.o(.text)
    DFSDM1_FLT3_IRQHandler                   0x080001b7   Thumb Code     0  startup_stm32l476xx.o(.text)
    DMA1_Channel1_IRQHandler                 0x080001b7   Thumb Code     0  startup_stm32l476xx.o(.text)
    DMA1_Channel2_IRQHandler                 0x080001b7   Thumb Code     0  startup_stm32l476xx.o(.text)
    DMA1_Channel3_IRQHandler                 0x080001b7   Thumb Code     0  startup_stm32l476xx.o(.text)
    DMA1_Channel4_IRQHandler                 0x080001b7   Thumb Code     0  startup_stm32l476xx.o(.text)
    DMA1_Channel5_IRQHandler                 0x080001b7   Thumb Code     0  startup_stm32l476xx.o(.text)
    DMA1_Channel6_IRQHandler                 0x080001b7   Thumb Code     0  startup_stm32l476xx.o(.text)
    DMA1_Channel7_IRQHandler                 0x080001b7   Thumb Code     0  startup_stm32l476xx.o(.text)
    DMA2_Channel1_IRQHandler                 0x080001b7   Thumb Code     0  startup_stm32l476xx.o(.text)
    DMA2_Channel2_IRQHandler                 0x080001b7   Thumb Code     0  startup_stm32l476xx.o(.text)
    DMA2_Channel3_IRQHandler                 0x080001b7   Thumb Code     0  startup_stm32l476xx.o(.text)
    DMA2_Channel4_IRQHandler                 0x080001b7   Thumb Code     0  startup_stm32l476xx.o(.text)
    DMA2_Channel5_IRQHandler                 0x080001b7   Thumb Code     0  startup_stm32l476xx.o(.text)
    DMA2_Channel6_IRQHandler                 0x080001b7   Thumb Code     0  startup_stm32l476xx.o(.text)
    DMA2_Channel7_IRQHandler                 0x080001b7   Thumb Code     0  startup_stm32l476xx.o(.text)
    FLASH_IRQHandler                         0x080001b7   Thumb Code     0  startup_stm32l476xx.o(.text)
    FMC_IRQHandler                           0x080001b7   Thumb Code     0  startup_stm32l476xx.o(.text)
    FPU_IRQHandler                           0x080001b7   Thumb Code     0  startup_stm32l476xx.o(.text)
    I2C1_ER_IRQHandler                       0x080001b7   Thumb Code     0  startup_stm32l476xx.o(.text)
    I2C1_EV_IRQHandler                       0x080001b7   Thumb Code     0  startup_stm32l476xx.o(.text)
    I2C2_ER_IRQHandler                       0x080001b7   Thumb Code     0  startup_stm32l476xx.o(.text)
    I2C2_EV_IRQHandler                       0x080001b7   Thumb Code     0  startup_stm32l476xx.o(.text)
    I2C3_ER_IRQHandler                       0x080001b7   Thumb Code     0  startup_stm32l476xx.o(.text)
    I2C3_EV_IRQHandler                       0x080001b7   Thumb Code     0  startup_stm32l476xx.o(.text)
    LCD_IRQHandler                           0x080001b7   Thumb Code     0  startup_stm32l476xx.o(.text)
    LPTIM2_IRQHandler                        0x080001b7   Thumb Code     0  startup_stm32l476xx.o(.text)
    LPUART1_IRQHandler                       0x080001b7   Thumb Code     0  startup_stm32l476xx.o(.text)
    OTG_FS_IRQHandler                        0x080001b7   Thumb Code     0  startup_stm32l476xx.o(.text)
    PVD_PVM_IRQHandler                       0x080001b7   Thumb Code     0  startup_stm32l476xx.o(.text)
    QUADSPI_IRQHandler                       0x080001b7   Thumb Code     0  startup_stm32l476xx.o(.text)
    RCC_IRQHandler                           0x080001b7   Thumb Code     0  startup_stm32l476xx.o(.text)
    RNG_IRQHandler                           0x080001b7   Thumb Code     0  startup_stm32l476xx.o(.text)
    RTC_Alarm_IRQHandler                     0x080001b7   Thumb Code     0  startup_stm32l476xx.o(.text)
    RTC_WKUP_IRQHandler                      0x080001b7   Thumb Code     0  startup_stm32l476xx.o(.text)
    SAI1_IRQHandler                          0x080001b7   Thumb Code     0  startup_stm32l476xx.o(.text)
    SAI2_IRQHandler                          0x080001b7   Thumb Code     0  startup_stm32l476xx.o(.text)
    SDMMC1_IRQHandler                        0x080001b7   Thumb Code     0  startup_stm32l476xx.o(.text)
    SPI1_IRQHandler                          0x080001b7   Thumb Code     0  startup_stm32l476xx.o(.text)
    SPI2_IRQHandler                          0x080001b7   Thumb Code     0  startup_stm32l476xx.o(.text)
    SPI3_IRQHandler                          0x080001b7   Thumb Code     0  startup_stm32l476xx.o(.text)
    SWPMI1_IRQHandler                        0x080001b7   Thumb Code     0  startup_stm32l476xx.o(.text)
    TAMP_STAMP_IRQHandler                    0x080001b7   Thumb Code     0  startup_stm32l476xx.o(.text)
    TIM1_BRK_TIM15_IRQHandler                0x080001b7   Thumb Code     0  startup_stm32l476xx.o(.text)
    TIM1_CC_IRQHandler                       0x080001b7   Thumb Code     0  startup_stm32l476xx.o(.text)
    TIM1_TRG_COM_TIM17_IRQHandler            0x080001b7   Thumb Code     0  startup_stm32l476xx.o(.text)
    TIM1_UP_TIM16_IRQHandler                 0x080001b7   Thumb Code     0  startup_stm32l476xx.o(.text)
    TIM2_IRQHandler                          0x080001b7   Thumb Code     0  startup_stm32l476xx.o(.text)
    TIM3_IRQHandler                          0x080001b7   Thumb Code     0  startup_stm32l476xx.o(.text)
    TIM4_IRQHandler                          0x080001b7   Thumb Code     0  startup_stm32l476xx.o(.text)
    TIM5_IRQHandler                          0x080001b7   Thumb Code     0  startup_stm32l476xx.o(.text)
    TIM6_DAC_IRQHandler                      0x080001b7   Thumb Code     0  startup_stm32l476xx.o(.text)
    TIM7_IRQHandler                          0x080001b7   Thumb Code     0  startup_stm32l476xx.o(.text)
    TIM8_BRK_IRQHandler                      0x080001b7   Thumb Code     0  startup_stm32l476xx.o(.text)
    TIM8_CC_IRQHandler                       0x080001b7   Thumb Code     0  startup_stm32l476xx.o(.text)
    TIM8_TRG_COM_IRQHandler                  0x080001b7   Thumb Code     0  startup_stm32l476xx.o(.text)
    TIM8_UP_IRQHandler                       0x080001b7   Thumb Code     0  startup_stm32l476xx.o(.text)
    TSC_IRQHandler                           0x080001b7   Thumb Code     0  startup_stm32l476xx.o(.text)
    UART4_IRQHandler                         0x080001b7   Thumb Code     0  startup_stm32l476xx.o(.text)
    UART5_IRQHandler                         0x080001b7   Thumb Code     0  startup_stm32l476xx.o(.text)
    USART1_IRQHandler                        0x080001b7   Thumb Code     0  startup_stm32l476xx.o(.text)
    USART3_IRQHandler                        0x080001b7   Thumb Code     0  startup_stm32l476xx.o(.text)
    WWDG_IRQHandler                          0x080001b7   Thumb Code     0  startup_stm32l476xx.o(.text)
    __aeabi_uldivmod                         0x080001c1   Thumb Code    98  uldiv.o(.text)
    __aeabi_memset                           0x08000229   Thumb Code    14  memseta.o(.text)
    __aeabi_memset4                          0x08000229   Thumb Code     0  memseta.o(.text)
    __aeabi_memset8                          0x08000229   Thumb Code     0  memseta.o(.text)
    __aeabi_memclr                           0x08000237   Thumb Code     4  memseta.o(.text)
    __aeabi_memclr4                          0x08000237   Thumb Code     0  memseta.o(.text)
    __aeabi_memclr8                          0x08000237   Thumb Code     0  memseta.o(.text)
    _memset$wrapper                          0x0800023b   Thumb Code    18  memseta.o(.text)
    strlen                                   0x0800024d   Thumb Code    14  strlen.o(.text)
    memcmp                                   0x0800025b   Thumb Code    26  memcmp.o(.text)
    __aeabi_uidiv                            0x08000275   Thumb Code     0  uidiv.o(.text)
    __aeabi_uidivmod                         0x08000275   Thumb Code    44  uidiv.o(.text)
    __aeabi_llsl                             0x080002a1   Thumb Code    30  llshl.o(.text)
    _ll_shift_l                              0x080002a1   Thumb Code     0  llshl.o(.text)
    __aeabi_llsr                             0x080002bf   Thumb Code    32  llushr.o(.text)
    _ll_ushift_r                             0x080002bf   Thumb Code     0  llushr.o(.text)
    __I$use$fp                               0x080002df   Thumb Code     0  iusefp.o(.text)
    __aeabi_dadd                             0x080002df   Thumb Code   322  dadd.o(.text)
    __aeabi_dsub                             0x08000421   Thumb Code     6  dadd.o(.text)
    __aeabi_drsub                            0x08000427   Thumb Code     6  dadd.o(.text)
    __aeabi_dmul                             0x0800043d   Thumb Code   228  dmul.o(.text)
    __aeabi_ddiv                             0x08000527   Thumb Code   222  ddiv.o(.text)
    __aeabi_d2ulz                            0x08000605   Thumb Code    48  dfixul.o(.text)
    __aeabi_cdrcmple                         0x08000635   Thumb Code    48  cdrcmple.o(.text)
    __scatterload                            0x08000665   Thumb Code    28  init.o(.text)
    __scatterload_rt2                        0x08000665   Thumb Code     0  init.o(.text)
    __aeabi_lasr                             0x08000689   Thumb Code    36  llsshr.o(.text)
    _ll_sshift_r                             0x08000689   Thumb Code     0  llsshr.o(.text)
    _double_round                            0x080006ad   Thumb Code    30  depilogue.o(.text)
    _double_epilogue                         0x080006cb   Thumb Code   156  depilogue.o(.text)
    EXTI0_IRQHandler                         0x08000769   Thumb Code    30  smtc_hal_mcu_gpio_stm32l4.o(.text.EXTI0_IRQHandler)
    EXTI15_10_IRQHandler                     0x08000789   Thumb Code   166  smtc_hal_mcu_gpio_stm32l4.o(.text.EXTI15_10_IRQHandler)
    EXTI1_IRQHandler                         0x08000831   Thumb Code    30  smtc_hal_mcu_gpio_stm32l4.o(.text.EXTI1_IRQHandler)
    EXTI2_IRQHandler                         0x08000851   Thumb Code    30  smtc_hal_mcu_gpio_stm32l4.o(.text.EXTI2_IRQHandler)
    EXTI3_IRQHandler                         0x08000871   Thumb Code    30  smtc_hal_mcu_gpio_stm32l4.o(.text.EXTI3_IRQHandler)
    EXTI4_IRQHandler                         0x08000891   Thumb Code    30  smtc_hal_mcu_gpio_stm32l4.o(.text.EXTI4_IRQHandler)
    EXTI9_5_IRQHandler                       0x080008b1   Thumb Code   122  smtc_hal_mcu_gpio_stm32l4.o(.text.EXTI9_5_IRQHandler)
    LL_EXTI_Init                             0x08000b31   Thumb Code   254  stm32l4xx_ll_exti.o(.text.LL_EXTI_Init)
    LL_GPIO_Init                             0x08000c85   Thumb Code   128  stm32l4xx_ll_gpio.o(.text.LL_GPIO_Init)
    LL_Init1msTick                           0x08000ddd   Thumb Code     4  stm32l4xx_ll_utils.o(.text.LL_Init1msTick)
    LL_RCC_GetUARTClockFreq                  0x08000e91   Thumb Code   128  stm32l4xx_ll_rcc.o(.text.LL_RCC_GetUARTClockFreq)
    LL_RCC_GetUSARTClockFreq                 0x08000f25   Thumb Code   174  stm32l4xx_ll_rcc.o(.text.LL_RCC_GetUSARTClockFreq)
    LL_SPI_Init                              0x08001209   Thumb Code   120  stm32l4xx_ll_spi.o(.text.LL_SPI_Init)
    LL_SetSystemCoreClock                    0x080012ed   Thumb Code    12  stm32l4xx_ll_utils.o(.text.LL_SetSystemCoreClock)
    LL_USART_Init                            0x0800132d   Thumb Code   190  stm32l4xx_ll_usart.o(.text.LL_USART_Init)
    LL_mDelay                                0x08001491   Thumb Code    40  stm32l4xx_ll_utils.o(.text.LL_mDelay)
    LPTIM1_IRQHandler                        0x080014b9   Thumb Code    50  smtc_hal_mcu_timer_stm32l4.o(.text.LPTIM1_IRQHandler)
    SystemInit                               0x080016a5   Thumb Code    18  system_stm32l4xx.o(.text.SystemInit)
    USART2_IRQHandler                        0x080016b9   Thumb Code    58  smtc_hal_mcu_uart_stm32l4.o(.text.USART2_IRQHandler)
    apps_common_lr11xx_fetch_and_print_version 0x08001759   Thumb Code    22  apps_common.o(.text.apps_common_lr11xx_fetch_and_print_version)
    apps_common_lr11xx_fetch_version         0x08001771   Thumb Code   132  apps_common.o(.text.apps_common_lr11xx_fetch_version)
    apps_common_lr11xx_get_context           0x080017f5   Thumb Code   174  apps_common.o(.text.apps_common_lr11xx_get_context)
    apps_common_lr11xx_handle_post_rx        0x080018a5   Thumb Code    42  apps_common.o(.text.apps_common_lr11xx_handle_post_rx)
    apps_common_lr11xx_handle_post_tx        0x080018d1   Thumb Code    42  apps_common.o(.text.apps_common_lr11xx_handle_post_tx)
    apps_common_lr11xx_handle_pre_rx         0x080018fd   Thumb Code    42  apps_common.o(.text.apps_common_lr11xx_handle_pre_rx)
    apps_common_lr11xx_handle_pre_tx         0x08001929   Thumb Code    42  apps_common.o(.text.apps_common_lr11xx_handle_pre_tx)
    apps_common_lr11xx_irq_process           0x08001955   Thumb Code  1048  apps_common.o(.text.apps_common_lr11xx_irq_process)
    apps_common_lr11xx_print_version         0x08001d6d   Thumb Code   484  apps_common.o(.text.apps_common_lr11xx_print_version)
    apps_common_lr11xx_radio_init            0x08001f51   Thumb Code  1026  apps_common.o(.text.apps_common_lr11xx_radio_init)
    apps_common_lr11xx_receive               0x08002355   Thumb Code   456  apps_common.o(.text.apps_common_lr11xx_receive)
    apps_common_lr11xx_system_init           0x0800251d   Thumb Code   934  apps_common.o(.text.apps_common_lr11xx_system_init)
    apps_common_print_sdk_driver_version     0x080028c5   Thumb Code    62  apps_common.o(.text.apps_common_print_sdk_driver_version)
    apps_common_shield_init                  0x08002905   Thumb Code   170  apps_common.o(.text.apps_common_shield_init)
    common_version_print                     0x080029b1   Thumb Code    96  common_version.o(.text.common_version_print)
    get_time_on_air_in_ms                    0x08002a11   Thumb Code    20  apps_common.o(.text.get_time_on_air_in_ms)
    hal_mcu_trace_print                      0x08002a25   Thumb Code    32  smtc_hal_dbg_trace.o(.text.hal_mcu_trace_print)
    lr11xx_driver_version_get_version_string 0x08002a45   Thumb Code    12  lr11xx_driver_version.o(.text.lr11xx_driver_version_get_version_string)
    lr11xx_hal_direct_read                   0x08002a51   Thumb Code    44  lr11xx_hal.o(.text.lr11xx_hal_direct_read)
    lr11xx_hal_read                          0x08002a7d   Thumb Code   112  lr11xx_hal.o(.text.lr11xx_hal_read)
    lr11xx_hal_reset                         0x08002aed   Thumb Code    30  lr11xx_hal.o(.text.lr11xx_hal_reset)
    lr11xx_hal_wait_on_busy                  0x08002b0d   Thumb Code    32  lr11xx_hal.o(.text.lr11xx_hal_wait_on_busy)
    lr11xx_hal_write                         0x08002b2d   Thumb Code    62  lr11xx_hal.o(.text.lr11xx_hal_write)
    lr11xx_radio_apply_high_acp_workaround   0x08002b6d   Thumb Code    16  lr11xx_radio.o(.text.lr11xx_radio_apply_high_acp_workaround)
    lr11xx_radio_cfg_rx_boosted              0x08002b7d   Thumb Code    36  lr11xx_radio.o(.text.lr11xx_radio_cfg_rx_boosted)
    lr11xx_radio_convert_time_in_ms_to_rtc_step 0x08002ba1   Thumb Code    18  lr11xx_radio.o(.text.lr11xx_radio_convert_time_in_ms_to_rtc_step)
    lr11xx_radio_fallback_modes_to_str       0x08002bb5   Thumb Code    34  lr11xx_radio_types_str.o(.text.lr11xx_radio_fallback_modes_to_str)
    lr11xx_radio_get_lora_bw_in_hz           0x08002bd9   Thumb Code    80  lr11xx_radio.o(.text.lr11xx_radio_get_lora_bw_in_hz)
    lr11xx_radio_get_lora_pkt_status         0x08002c29   Thumb Code    76  lr11xx_radio.o(.text.lr11xx_radio_get_lora_pkt_status)
    lr11xx_radio_get_lora_time_on_air_in_ms  0x08002c75   Thumb Code    32  lr11xx_radio.o(.text.lr11xx_radio_get_lora_time_on_air_in_ms)
    lr11xx_radio_get_lora_time_on_air_numerator 0x08002c95   Thumb Code   234  lr11xx_radio.o(.text.lr11xx_radio_get_lora_time_on_air_numerator)
    lr11xx_radio_get_rx_buffer_status        0x08002d81   Thumb Code    56  lr11xx_radio.o(.text.lr11xx_radio_get_rx_buffer_status)
    lr11xx_radio_lora_bw_to_str              0x08002db9   Thumb Code    34  lr11xx_radio_types_str.o(.text.lr11xx_radio_lora_bw_to_str)
    lr11xx_radio_lora_cr_to_str              0x08002ddd   Thumb Code    30  lr11xx_radio_types_str.o(.text.lr11xx_radio_lora_cr_to_str)
    lr11xx_radio_lora_crc_to_str             0x08002dfd   Thumb Code    84  lr11xx_radio_types_str.o(.text.lr11xx_radio_lora_crc_to_str)
    lr11xx_radio_lora_iq_to_str              0x08002e51   Thumb Code    92  lr11xx_radio_types_str.o(.text.lr11xx_radio_lora_iq_to_str)
    lr11xx_radio_lora_pkt_len_modes_to_str   0x08002ead   Thumb Code    92  lr11xx_radio_types_str.o(.text.lr11xx_radio_lora_pkt_len_modes_to_str)
    lr11xx_radio_lora_sf_to_str              0x08002f09   Thumb Code    34  lr11xx_radio_types_str.o(.text.lr11xx_radio_lora_sf_to_str)
    lr11xx_radio_pkt_type_to_str             0x08002f2d   Thumb Code    30  lr11xx_radio_types_str.o(.text.lr11xx_radio_pkt_type_to_str)
    lr11xx_radio_set_lora_mod_params         0x08002f4d   Thumb Code    56  lr11xx_radio.o(.text.lr11xx_radio_set_lora_mod_params)
    lr11xx_radio_set_lora_pkt_params         0x08002f85   Thumb Code    66  lr11xx_radio.o(.text.lr11xx_radio_set_lora_pkt_params)
    lr11xx_radio_set_lora_sync_word          0x08002fc9   Thumb Code    36  lr11xx_radio.o(.text.lr11xx_radio_set_lora_sync_word)
    lr11xx_radio_set_pa_cfg                  0x08002fed   Thumb Code    56  lr11xx_radio.o(.text.lr11xx_radio_set_pa_cfg)
    lr11xx_radio_set_pkt_type                0x08003025   Thumb Code    36  lr11xx_radio.o(.text.lr11xx_radio_set_pkt_type)
    lr11xx_radio_set_rf_freq                 0x08003049   Thumb Code    54  lr11xx_radio.o(.text.lr11xx_radio_set_rf_freq)
    lr11xx_radio_set_rssi_calibration        0x08003081   Thumb Code   182  lr11xx_radio.o(.text.lr11xx_radio_set_rssi_calibration)
    lr11xx_radio_set_rx                      0x08003139   Thumb Code    22  lr11xx_radio.o(.text.lr11xx_radio_set_rx)
    lr11xx_radio_set_rx_tx_fallback_mode     0x08003151   Thumb Code    36  lr11xx_radio.o(.text.lr11xx_radio_set_rx_tx_fallback_mode)
    lr11xx_radio_set_rx_with_timeout_in_rtc_step 0x08003175   Thumb Code    64  lr11xx_radio.o(.text.lr11xx_radio_set_rx_with_timeout_in_rtc_step)
    lr11xx_radio_set_tx                      0x080031b5   Thumb Code    22  lr11xx_radio.o(.text.lr11xx_radio_set_tx)
    lr11xx_radio_set_tx_params               0x080031cd   Thumb Code    38  lr11xx_radio.o(.text.lr11xx_radio_set_tx_params)
    lr11xx_radio_set_tx_with_timeout_in_rtc_step 0x080031f5   Thumb Code    64  lr11xx_radio.o(.text.lr11xx_radio_set_tx_with_timeout_in_rtc_step)
    lr11xx_regmem_read_buffer8               0x0800324d   Thumb Code    38  lr11xx_regmem.o(.text.lr11xx_regmem_read_buffer8)
    lr11xx_regmem_write_buffer8              0x08003275   Thumb Code    26  lr11xx_regmem.o(.text.lr11xx_regmem_write_buffer8)
    lr11xx_regmem_write_regmem32_mask        0x08003291   Thumb Code    90  lr11xx_regmem.o(.text.lr11xx_regmem_write_regmem32_mask)
    lr11xx_system_calibrate                  0x080032ed   Thumb Code    36  lr11xx_system.o(.text.lr11xx_system_calibrate)
    lr11xx_system_cfg_lfclk                  0x08003311   Thumb Code    40  lr11xx_system.o(.text.lr11xx_system_cfg_lfclk)
    lr11xx_system_clear_errors               0x08003339   Thumb Code    28  lr11xx_system.o(.text.lr11xx_system_clear_errors)
    lr11xx_system_clear_irq_status           0x08003355   Thumb Code    54  lr11xx_system.o(.text.lr11xx_system_clear_irq_status)
    lr11xx_system_get_and_clear_irq_status   0x080033b9   Thumb Code    46  lr11xx_system.o(.text.lr11xx_system_get_and_clear_irq_status)
    lr11xx_system_get_errors                 0x080033e9   Thumb Code    50  lr11xx_system.o(.text.lr11xx_system_get_errors)
    lr11xx_system_get_status                 0x08003429   Thumb Code    60  lr11xx_system.o(.text.lr11xx_system_get_status)
    lr11xx_system_get_version                0x08003465   Thumb Code    62  lr11xx_system.o(.text.lr11xx_system_get_version)
    lr11xx_system_reset                      0x080034a5   Thumb Code     4  lr11xx_system.o(.text.lr11xx_system_reset)
    lr11xx_system_set_dio_as_rf_switch       0x080034a9   Thumb Code    80  lr11xx_system.o(.text.lr11xx_system_set_dio_as_rf_switch)
    lr11xx_system_set_dio_irq_params         0x080034f9   Thumb Code    76  lr11xx_system.o(.text.lr11xx_system_set_dio_irq_params)
    lr11xx_system_set_reg_mode               0x08003545   Thumb Code    36  lr11xx_system.o(.text.lr11xx_system_set_reg_mode)
    lr11xx_system_set_tcxo_mode              0x08003569   Thumb Code    52  lr11xx_system.o(.text.lr11xx_system_set_tcxo_mode)
    main                                     0x0800359d   Thumb Code   740  main_per.o(.text.main)
    on_cad_done_detected                     0x08003881   Thumb Code    54  apps_common.o(.text.on_cad_done_detected)
    on_cad_done_undetected                   0x080038b9   Thumb Code    54  apps_common.o(.text.on_cad_done_undetected)
    on_fsk_len_error                         0x080038f1   Thumb Code    12  main_per.o(.text.on_fsk_len_error)
    on_gnss_scan_done                        0x080038fd   Thumb Code    54  apps_common.o(.text.on_gnss_scan_done)
    on_header_error                          0x08003935   Thumb Code    54  apps_common.o(.text.on_header_error)
    on_lora_rx_timestamp                     0x0800396d   Thumb Code    54  apps_common.o(.text.on_lora_rx_timestamp)
    on_preamble_detected                     0x080039a5   Thumb Code    54  apps_common.o(.text.on_preamble_detected)
    on_rx_crc_error                          0x080039dd   Thumb Code    12  main_per.o(.text.on_rx_crc_error)
    on_rx_done                               0x080039e9   Thumb Code   432  main_per.o(.text.on_rx_done)
    on_rx_timeout                            0x08003b99   Thumb Code    12  main_per.o(.text.on_rx_timeout)
    on_syncword_header_valid                 0x08003ba5   Thumb Code    54  apps_common.o(.text.on_syncword_header_valid)
    on_tx_done                               0x08003bdd   Thumb Code   292  main_per.o(.text.on_tx_done)
    on_wifi_scan_done                        0x08003d01   Thumb Code    54  apps_common.o(.text.on_wifi_scan_done)
    print_common_configuration               0x08003de9   Thumb Code   304  apps_common.o(.text.print_common_configuration)
    print_lora_configuration                 0x08003f6d   Thumb Code   560  apps_common.o(.text.print_lora_configuration)
    radio_on_dio_irq                         0x0800419d   Thumb Code    14  apps_common.o(.text.radio_on_dio_irq)
    smtc_hal_mcu_gpio_enable_irq             0x080041ad   Thumb Code    58  smtc_hal_mcu_gpio_stm32l4.o(.text.smtc_hal_mcu_gpio_enable_irq)
    smtc_hal_mcu_gpio_get_state              0x080041e9   Thumb Code    74  smtc_hal_mcu_gpio_stm32l4.o(.text.smtc_hal_mcu_gpio_get_state)
    smtc_hal_mcu_gpio_init_input             0x08004235   Thumb Code   186  smtc_hal_mcu_gpio_stm32l4.o(.text.smtc_hal_mcu_gpio_init_input)
    smtc_hal_mcu_gpio_init_output            0x080042f1   Thumb Code   106  smtc_hal_mcu_gpio_stm32l4.o(.text.smtc_hal_mcu_gpio_init_output)
    smtc_hal_mcu_gpio_set_state              0x0800435d   Thumb Code    48  smtc_hal_mcu_gpio_stm32l4.o(.text.smtc_hal_mcu_gpio_set_state)
    smtc_hal_mcu_init                        0x08004695   Thumb Code   140  smtc_hal_mcu_stm32l4.o(.text.smtc_hal_mcu_init)
    smtc_hal_mcu_spi_init                    0x08004721   Thumb Code   240  smtc_hal_mcu_spi_stm32l4.o(.text.smtc_hal_mcu_spi_init)
    smtc_hal_mcu_spi_rw_buffer               0x08004811   Thumb Code   176  smtc_hal_mcu_spi_stm32l4.o(.text.smtc_hal_mcu_spi_rw_buffer)
    smtc_hal_mcu_uart_init                   0x0800490d   Thumb Code   188  smtc_hal_mcu_uart_stm32l4.o(.text.smtc_hal_mcu_uart_init)
    smtc_hal_mcu_uart_send                   0x080049c9   Thumb Code    56  smtc_hal_mcu_uart_stm32l4.o(.text.smtc_hal_mcu_uart_send)
    smtc_shield_lr1120mb1dis_get_lfclk_cfg   0x08004a15   Thumb Code     4  smtc_shield_lr1120mb1dis.o(.text.smtc_shield_lr1120mb1dis_get_lfclk_cfg)
    smtc_shield_lr1120mb1dis_get_pa_pwr_cfg  0x08004a19   Thumb Code     4  smtc_shield_lr1120mb1dis.o(.text.smtc_shield_lr1120mb1dis_get_pa_pwr_cfg)
    smtc_shield_lr1120mb1dis_get_pinout      0x08004a1d   Thumb Code     4  smtc_shield_lr1120mb1dis.o(.text.smtc_shield_lr1120mb1dis_get_pinout)
    smtc_shield_lr1120mb1dis_get_reg_mode    0x08004a21   Thumb Code     4  smtc_shield_lr1120mb1dis.o(.text.smtc_shield_lr1120mb1dis_get_reg_mode)
    smtc_shield_lr1120mb1dis_get_rf_switch_cfg 0x08004a25   Thumb Code     4  smtc_shield_lr1120mb1dis.o(.text.smtc_shield_lr1120mb1dis_get_rf_switch_cfg)
    smtc_shield_lr1120mb1dis_get_rssi_calibration_table 0x08004a29   Thumb Code     4  smtc_shield_lr1120mb1dis.o(.text.smtc_shield_lr1120mb1dis_get_rssi_calibration_table)
    smtc_shield_lr1120mb1dis_get_xosc_cfg    0x08004a2d   Thumb Code     4  smtc_shield_lr1120mb1dis.o(.text.smtc_shield_lr1120mb1dis_get_xosc_cfg)
    smtc_shield_lr1120mb1dxs_common_get_pa_pwr_cfg 0x08004a31   Thumb Code   152  smtc_shield_lr1120mb1dxs_common.o(.text.smtc_shield_lr1120mb1dxs_common_get_pa_pwr_cfg)
    smtc_shield_lr11x0_common_get_xosc_cfg   0x08004ac9   Thumb Code    10  smtc_shield_lr11x0_common.o(.text.smtc_shield_lr11x0_common_get_xosc_cfg)
    smtc_shield_lr11xx_common_get_lfclk_cfg  0x08004ad5   Thumb Code    10  smtc_shield_lr11xx_common.o(.text.smtc_shield_lr11xx_common_get_lfclk_cfg)
    smtc_shield_lr11xx_common_get_pinout     0x08004ae1   Thumb Code    10  smtc_shield_lr11xx_common.o(.text.smtc_shield_lr11xx_common_get_pinout)
    smtc_shield_lr11xx_common_get_reg_mode   0x08004aed   Thumb Code     4  smtc_shield_lr11xx_common.o(.text.smtc_shield_lr11xx_common_get_reg_mode)
    smtc_shield_lr11xx_common_get_rf_switch_cfg 0x08004af1   Thumb Code    10  smtc_shield_lr11xx_common.o(.text.smtc_shield_lr11xx_common_get_rf_switch_cfg)
    smtc_shield_lr11xx_get_rssi_calibration_table 0x08004b45   Thumb Code    56  smtc_shield_lr11xx_common.o(.text.smtc_shield_lr11xx_get_rssi_calibration_table)
    smtc_shield_pinout_mapping_get_gpio_cfg  0x08004b89   Thumb Code    14  smtc_shield_pinout_mapping.o(.text.smtc_shield_pinout_mapping_get_gpio_cfg)
    uart_init                                0x08004b99   Thumb Code     6  uart_init.o(.text.uart_init)
    uart_init_base                           0x08004ba1   Thumb Code    38  uart_init.o(.text.uart_init_base)
    vprint                                   0x08004bc9   Thumb Code    54  uart_init.o(.text.vprint)
    __0vsprintf                              0x08004c01   Thumb Code    30  printfa.o(i.__0vsprintf)
    __1vsprintf                              0x08004c01   Thumb Code     0  printfa.o(i.__0vsprintf)
    __2vsprintf                              0x08004c01   Thumb Code     0  printfa.o(i.__0vsprintf)
    __c89vsprintf                            0x08004c01   Thumb Code     0  printfa.o(i.__0vsprintf)
    vsprintf                                 0x08004c01   Thumb Code     0  printfa.o(i.__0vsprintf)
    __scatterload_copy                       0x08004c25   Thumb Code    14  handlers.o(i.__scatterload_copy)
    __scatterload_null                       0x08004c33   Thumb Code     2  handlers.o(i.__scatterload_null)
    __scatterload_zeroinit                   0x08004c35   Thumb Code    14  handlers.o(i.__scatterload_zeroinit)
    AHBPrescTable                            0x08005600   Data          16  system_stm32l4xx.o(.rodata.AHBPrescTable)
    APBPrescTable                            0x08005610   Data           8  system_stm32l4xx.o(.rodata.APBPrescTable)
    MSIRangeTable                            0x08005618   Data          48  system_stm32l4xx.o(.rodata.MSIRangeTable)
    arduino_mapping                          0x08005648   Data         176  smtc_shield_pinout_mapping.o(.rodata.arduino_mapping)
    smtc_shield_lr1120mb1dxs_common_pa_pwr_cfg_table 0x0800570a   Data         200  smtc_shield_lr1120mb1dxs_common.o(.rodata.smtc_shield_lr1120mb1dxs_common_pa_pwr_cfg_table)
    smtc_shield_lr1120mb1dxs_common_pa_pwr_hf_cfg_table 0x080057d2   Data         160  smtc_shield_lr1120mb1dxs_common.o(.rodata.smtc_shield_lr1120mb1dxs_common_pa_pwr_hf_cfg_table)
    smtc_shield_lr11x0_common_xosc_cfg       0x08005874   Data           8  smtc_shield_lr11x0_common.o(.rodata.smtc_shield_lr11x0_common_xosc_cfg)
    smtc_shield_lr11xx_common_lfclk_cfg      0x0800587c   Data           2  smtc_shield_lr11xx_common.o(.rodata.smtc_shield_lr11xx_common_lfclk_cfg)
    smtc_shield_lr11xx_common_pinout         0x0800587e   Data           8  smtc_shield_lr11xx_common.o(.rodata.smtc_shield_lr11xx_common_pinout)
    smtc_shield_lr11xx_common_rf_switch_cfg  0x08005886   Data           8  smtc_shield_lr11xx_common.o(.rodata.smtc_shield_lr11xx_common_rf_switch_cfg)
    Region$$Table$$Base                      0x08006054   Number         0  anon$$obj.o(Region$$Table)
    Region$$Table$$Limit                     0x08006074   Number         0  anon$$obj.o(Region$$Table)
    SystemCoreClock                          0x20000000   Data           4  system_stm32l4xx.o(.data.SystemCoreClock)
    mode                                     0x20000008   Data           4  main_per.o(.data.mode)
    shield                                   0x20000010   Data          28  apps_common.o(.data.shield)
    __initial_sp                             0x20000818   Data           0  startup_stm32l476xx.o(STACK)



==============================================================================

Memory Map of the image

  Image Entry point : 0x08000189

  Load Region LR_IROM1 (Base: 0x08000000, Size: 0x000060a8, Max: 0x00100000, ABSOLUTE)

    Execution Region ER_IROM1 (Exec base: 0x08000000, Load base: 0x08000000, Size: 0x00006074, Max: 0x00100000, ABSOLUTE)

    Exec Addr    Load Addr    Size         Type   Attr      Idx    E Section Name        Object

    0x08000000   0x08000000   0x00000188   Data   RO            3    RESET               startup_stm32l476xx.o
    0x08000188   0x08000188   0x00000000   Code   RO         2111  * .ARM.Collect$$$$00000000  mc_w.l(entry.o)
    0x08000188   0x08000188   0x00000004   Code   RO         2154    .ARM.Collect$$$$00000001  mc_w.l(entry2.o)
    0x0800018c   0x0800018c   0x00000004   Code   RO         2157    .ARM.Collect$$$$00000004  mc_w.l(entry5.o)
    0x08000190   0x08000190   0x00000000   Code   RO         2159    .ARM.Collect$$$$00000008  mc_w.l(entry7b.o)
    0x08000190   0x08000190   0x00000000   Code   RO         2161    .ARM.Collect$$$$0000000A  mc_w.l(entry8b.o)
    0x08000190   0x08000190   0x00000008   Code   RO         2162    .ARM.Collect$$$$0000000B  mc_w.l(entry9a.o)
    0x08000198   0x08000198   0x00000000   Code   RO         2164    .ARM.Collect$$$$0000000D  mc_w.l(entry10a.o)
    0x08000198   0x08000198   0x00000000   Code   RO         2166    .ARM.Collect$$$$0000000F  mc_w.l(entry11a.o)
    0x08000198   0x08000198   0x00000004   Code   RO         2155    .ARM.Collect$$$$00002712  mc_w.l(entry2.o)
    0x0800019c   0x0800019c   0x00000024   Code   RO            4    .text               startup_stm32l476xx.o
    0x080001c0   0x080001c0   0x00000068   Code   RO         2114    .text               mc_w.l(uldiv.o)
    0x08000228   0x08000228   0x00000024   Code   RO         2118    .text               mc_w.l(memseta.o)
    0x0800024c   0x0800024c   0x0000000e   Code   RO         2120    .text               mc_w.l(strlen.o)
    0x0800025a   0x0800025a   0x0000001a   Code   RO         2122    .text               mc_w.l(memcmp.o)
    0x08000274   0x08000274   0x0000002c   Code   RO         2173    .text               mc_w.l(uidiv.o)
    0x080002a0   0x080002a0   0x0000001e   Code   RO         2175    .text               mc_w.l(llshl.o)
    0x080002be   0x080002be   0x00000020   Code   RO         2177    .text               mc_w.l(llushr.o)
    0x080002de   0x080002de   0x00000000   Code   RO         2179    .text               mc_w.l(iusefp.o)
    0x080002de   0x080002de   0x0000015e   Code   RO         2180    .text               mf_w.l(dadd.o)
    0x0800043c   0x0800043c   0x000000ea   Code   RO         2182    .text               mf_w.l(dmul.o)
    0x08000526   0x08000526   0x000000de   Code   RO         2184    .text               mf_w.l(ddiv.o)
    0x08000604   0x08000604   0x00000030   Code   RO         2186    .text               mf_w.l(dfixul.o)
    0x08000634   0x08000634   0x00000030   Code   RO         2188    .text               mf_w.l(cdrcmple.o)
    0x08000664   0x08000664   0x00000024   Code   RO         2190    .text               mc_w.l(init.o)
    0x08000688   0x08000688   0x00000024   Code   RO         2193    .text               mc_w.l(llsshr.o)
    0x080006ac   0x080006ac   0x000000ba   Code   RO         2196    .text               mf_w.l(depilogue.o)
    0x08000766   0x08000766   0x00000002   PAD
    0x08000768   0x08000768   0x0000001e   Code   RO         1456    .text.EXTI0_IRQHandler  smtc_hal_mcu_gpio_stm32l4.o
    0x08000786   0x08000786   0x00000002   PAD
    0x08000788   0x08000788   0x000000a6   Code   RO         1474    .text.EXTI15_10_IRQHandler  smtc_hal_mcu_gpio_stm32l4.o
    0x0800082e   0x0800082e   0x00000002   PAD
    0x08000830   0x08000830   0x0000001e   Code   RO         1464    .text.EXTI1_IRQHandler  smtc_hal_mcu_gpio_stm32l4.o
    0x0800084e   0x0800084e   0x00000002   PAD
    0x08000850   0x08000850   0x0000001e   Code   RO         1466    .text.EXTI2_IRQHandler  smtc_hal_mcu_gpio_stm32l4.o
    0x0800086e   0x0800086e   0x00000002   PAD
    0x08000870   0x08000870   0x0000001e   Code   RO         1468    .text.EXTI3_IRQHandler  smtc_hal_mcu_gpio_stm32l4.o
    0x0800088e   0x0800088e   0x00000002   PAD
    0x08000890   0x08000890   0x0000001e   Code   RO         1470    .text.EXTI4_IRQHandler  smtc_hal_mcu_gpio_stm32l4.o
    0x080008ae   0x080008ae   0x00000002   PAD
    0x080008b0   0x080008b0   0x0000007a   Code   RO         1472    .text.EXTI9_5_IRQHandler  smtc_hal_mcu_gpio_stm32l4.o
    0x0800092a   0x0800092a   0x00000002   PAD
    0x0800092c   0x0800092c   0x0000001c   Code   RO         1476    .text.LL_AHB2_GRP1_EnableClock  smtc_hal_mcu_gpio_stm32l4.o
    0x08000948   0x08000948   0x00000020   Code   RO         1554    .text.LL_AHB2_GRP1_EnableClock  smtc_hal_mcu_uart_stm32l4.o
    0x08000968   0x08000968   0x0000001c   Code   RO         1740    .text.LL_AHB2_GRP1_EnableClock  smtc_hal_mcu_spi_stm32l4.o
    0x08000984   0x08000984   0x00000020   Code   RO         1552    .text.LL_APB1_GRP1_EnableClock  smtc_hal_mcu_uart_stm32l4.o
    0x080009a4   0x080009a4   0x00000020   Code   RO         1742    .text.LL_APB1_GRP1_EnableClock  smtc_hal_mcu_spi_stm32l4.o
    0x080009c4   0x080009c4   0x00000020   Code   RO         1721    .text.LL_APB2_GRP1_EnableClock  smtc_hal_mcu_stm32l4.o
    0x080009e4   0x080009e4   0x00000020   Code   RO         1738    .text.LL_APB2_GRP1_EnableClock  smtc_hal_mcu_spi_stm32l4.o
    0x08000a04   0x08000a04   0x0000000c   Code   RO         1460    .text.LL_EXTI_ClearFlag_0_31  smtc_hal_mcu_gpio_stm32l4.o
    0x08000a10   0x08000a10   0x00000012   Code   RO          666    .text.LL_EXTI_DisableEvent_0_31  stm32l4xx_ll_exti.o
    0x08000a22   0x08000a22   0x00000002   PAD
    0x08000a24   0x08000a24   0x00000012   Code   RO          682    .text.LL_EXTI_DisableEvent_32_63  stm32l4xx_ll_exti.o
    0x08000a36   0x08000a36   0x00000002   PAD
    0x08000a38   0x08000a38   0x00000012   Code   RO          674    .text.LL_EXTI_DisableFallingTrig_0_31  stm32l4xx_ll_exti.o
    0x08000a4a   0x08000a4a   0x00000002   PAD
    0x08000a4c   0x08000a4c   0x00000012   Code   RO          690    .text.LL_EXTI_DisableFallingTrig_32_63  stm32l4xx_ll_exti.o
    0x08000a5e   0x08000a5e   0x00000002   PAD
    0x08000a60   0x08000a60   0x00000012   Code   RO          670    .text.LL_EXTI_DisableIT_0_31  stm32l4xx_ll_exti.o
    0x08000a72   0x08000a72   0x00000002   PAD
    0x08000a74   0x08000a74   0x00000012   Code   RO          686    .text.LL_EXTI_DisableIT_32_63  stm32l4xx_ll_exti.o
    0x08000a86   0x08000a86   0x00000002   PAD
    0x08000a88   0x08000a88   0x00000012   Code   RO          678    .text.LL_EXTI_DisableRisingTrig_0_31  stm32l4xx_ll_exti.o
    0x08000a9a   0x08000a9a   0x00000002   PAD
    0x08000a9c   0x08000a9c   0x00000012   Code   RO          694    .text.LL_EXTI_DisableRisingTrig_32_63  stm32l4xx_ll_exti.o
    0x08000aae   0x08000aae   0x00000002   PAD
    0x08000ab0   0x08000ab0   0x00000010   Code   RO          672    .text.LL_EXTI_EnableEvent_0_31  stm32l4xx_ll_exti.o
    0x08000ac0   0x08000ac0   0x00000010   Code   RO          688    .text.LL_EXTI_EnableEvent_32_63  stm32l4xx_ll_exti.o
    0x08000ad0   0x08000ad0   0x00000010   Code   RO          680    .text.LL_EXTI_EnableFallingTrig_0_31  stm32l4xx_ll_exti.o
    0x08000ae0   0x08000ae0   0x00000010   Code   RO          696    .text.LL_EXTI_EnableFallingTrig_32_63  stm32l4xx_ll_exti.o
    0x08000af0   0x08000af0   0x00000010   Code   RO          668    .text.LL_EXTI_EnableIT_0_31  stm32l4xx_ll_exti.o
    0x08000b00   0x08000b00   0x00000010   Code   RO          684    .text.LL_EXTI_EnableIT_32_63  stm32l4xx_ll_exti.o
    0x08000b10   0x08000b10   0x00000010   Code   RO          676    .text.LL_EXTI_EnableRisingTrig_0_31  stm32l4xx_ll_exti.o
    0x08000b20   0x08000b20   0x00000010   Code   RO          692    .text.LL_EXTI_EnableRisingTrig_32_63  stm32l4xx_ll_exti.o
    0x08000b30   0x08000b30   0x000000fe   Code   RO          664    .text.LL_EXTI_Init  stm32l4xx_ll_exti.o
    0x08000c2e   0x08000c2e   0x00000002   PAD
    0x08000c30   0x08000c30   0x00000016   Code   RO         1458    .text.LL_EXTI_IsActiveFlag_0_31  smtc_hal_mcu_gpio_stm32l4.o
    0x08000c46   0x08000c46   0x00000002   PAD
    0x08000c48   0x08000c48   0x00000010   Code   RO         1681    .text.LL_FLASH_GetLatency  smtc_hal_mcu_stm32l4.o
    0x08000c58   0x08000c58   0x00000014   Code   RO         1679    .text.LL_FLASH_SetLatency  smtc_hal_mcu_stm32l4.o
    0x08000c6c   0x08000c6c   0x00000016   Code   RO         1440    .text.LL_GPIO_GetPinMode  smtc_hal_mcu_gpio_stm32l4.o
    0x08000c82   0x08000c82   0x00000002   PAD
    0x08000c84   0x08000c84   0x00000080   Code   RO          619    .text.LL_GPIO_Init  stm32l4xx_ll_gpio.o
    0x08000d04   0x08000d04   0x0000000e   Code   RO         1444    .text.LL_GPIO_IsInputPinSet  smtc_hal_mcu_gpio_stm32l4.o
    0x08000d12   0x08000d12   0x00000002   PAD
    0x08000d14   0x08000d14   0x0000000e   Code   RO         1442    .text.LL_GPIO_IsOutputPinSet  smtc_hal_mcu_gpio_stm32l4.o
    0x08000d22   0x08000d22   0x00000002   PAD
    0x08000d24   0x08000d24   0x00000004   Code   RO         1436    .text.LL_GPIO_ResetOutputPin  smtc_hal_mcu_gpio_stm32l4.o
    0x08000d28   0x08000d28   0x0000001e   Code   RO          627    .text.LL_GPIO_SetAFPin_0_7  stm32l4xx_ll_gpio.o
    0x08000d46   0x08000d46   0x00000002   PAD
    0x08000d48   0x08000d48   0x00000020   Code   RO          629    .text.LL_GPIO_SetAFPin_8_15  stm32l4xx_ll_gpio.o
    0x08000d68   0x08000d68   0x00000004   Code   RO         1434    .text.LL_GPIO_SetOutputPin  smtc_hal_mcu_gpio_stm32l4.o
    0x08000d6c   0x08000d6c   0x0000001e   Code   RO          631    .text.LL_GPIO_SetPinMode  stm32l4xx_ll_gpio.o
    0x08000d8a   0x08000d8a   0x00000002   PAD
    0x08000d8c   0x08000d8c   0x0000000e   Code   RO          623    .text.LL_GPIO_SetPinOutputType  stm32l4xx_ll_gpio.o
    0x08000d9a   0x08000d9a   0x00000002   PAD
    0x08000d9c   0x08000d9c   0x0000001e   Code   RO          625    .text.LL_GPIO_SetPinPull  stm32l4xx_ll_gpio.o
    0x08000dba   0x08000dba   0x00000002   PAD
    0x08000dbc   0x08000dbc   0x0000001e   Code   RO          621    .text.LL_GPIO_SetPinSpeed  stm32l4xx_ll_gpio.o
    0x08000dda   0x08000dda   0x00000002   PAD
    0x08000ddc   0x08000ddc   0x00000004   Code   RO          711    .text.LL_Init1msTick  stm32l4xx_ll_utils.o
    0x08000de0   0x08000de0   0x00000028   Code   RO          713    .text.LL_InitTick   stm32l4xx_ll_utils.o
    0x08000e08   0x08000e08   0x00000012   Code   RO         1662    .text.LL_LPTIM_ClearFLAG_ARRM  smtc_hal_mcu_timer_stm32l4.o
    0x08000e1a   0x08000e1a   0x00000002   PAD
    0x08000e1c   0x08000e1c   0x00000010   Code   RO         1660    .text.LL_LPTIM_IsActiveFlag_ARRM  smtc_hal_mcu_timer_stm32l4.o
    0x08000e2c   0x08000e2c   0x00000014   Code   RO         1683    .text.LL_PWR_SetRegulVoltageScaling  smtc_hal_mcu_stm32l4.o
    0x08000e40   0x08000e40   0x00000010   Code   RO          578    .text.LL_RCC_GetAHBPrescaler  stm32l4xx_ll_rcc.o
    0x08000e50   0x08000e50   0x00000010   Code   RO          580    .text.LL_RCC_GetAPB1Prescaler  stm32l4xx_ll_rcc.o
    0x08000e60   0x08000e60   0x00000010   Code   RO          582    .text.LL_RCC_GetAPB2Prescaler  stm32l4xx_ll_rcc.o
    0x08000e70   0x08000e70   0x00000010   Code   RO          566    .text.LL_RCC_GetSysClkSource  stm32l4xx_ll_rcc.o
    0x08000e80   0x08000e80   0x00000010   Code   RO         1713    .text.LL_RCC_GetSysClkSource  smtc_hal_mcu_stm32l4.o
    0x08000e90   0x08000e90   0x00000080   Code   RO          480    .text.LL_RCC_GetUARTClockFreq  stm32l4xx_ll_rcc.o
    0x08000f10   0x08000f10   0x00000012   Code   RO          482    .text.LL_RCC_GetUARTClockSource  stm32l4xx_ll_rcc.o
    0x08000f22   0x08000f22   0x00000002   PAD
    0x08000f24   0x08000f24   0x000000ae   Code   RO          472    .text.LL_RCC_GetUSARTClockFreq  stm32l4xx_ll_rcc.o
    0x08000fd2   0x08000fd2   0x00000002   PAD
    0x08000fd4   0x08000fd4   0x00000012   Code   RO          474    .text.LL_RCC_GetUSARTClockSource  stm32l4xx_ll_rcc.o
    0x08000fe6   0x08000fe6   0x00000002   PAD
    0x08000fe8   0x08000fe8   0x00000012   Code   RO         1685    .text.LL_RCC_HSI_Enable  smtc_hal_mcu_stm32l4.o
    0x08000ffa   0x08000ffa   0x00000002   PAD
    0x08000ffc   0x08000ffc   0x00000010   Code   RO          476    .text.LL_RCC_HSI_IsReady  stm32l4xx_ll_rcc.o
    0x0800100c   0x0800100c   0x00000010   Code   RO         1687    .text.LL_RCC_HSI_IsReady  smtc_hal_mcu_stm32l4.o
    0x0800101c   0x0800101c   0x00000014   Code   RO         1693    .text.LL_RCC_HSI_SetCalibTrimming  smtc_hal_mcu_stm32l4.o
    0x08001030   0x08001030   0x00000010   Code   RO          478    .text.LL_RCC_LSE_IsReady  stm32l4xx_ll_rcc.o
    0x08001040   0x08001040   0x00000012   Code   RO         1689    .text.LL_RCC_LSI_Enable  smtc_hal_mcu_stm32l4.o
    0x08001052   0x08001052   0x00000002   PAD
    0x08001054   0x08001054   0x00000010   Code   RO         1691    .text.LL_RCC_LSI_IsReady  smtc_hal_mcu_stm32l4.o
    0x08001064   0x08001064   0x00000010   Code   RO          534    .text.LL_RCC_MSI_GetRange  stm32l4xx_ll_rcc.o
    0x08001074   0x08001074   0x00000010   Code   RO          536    .text.LL_RCC_MSI_GetRangeAfterStandby  stm32l4xx_ll_rcc.o
    0x08001084   0x08001084   0x00000010   Code   RO          532    .text.LL_RCC_MSI_IsEnabledRangeSelect  stm32l4xx_ll_rcc.o
    0x08001094   0x08001094   0x0000002c   Code   RO         1703    .text.LL_RCC_PLLSAI1_ConfigDomain_48M  smtc_hal_mcu_stm32l4.o
    0x080010c0   0x080010c0   0x00000012   Code   RO         1705    .text.LL_RCC_PLLSAI1_Enable  smtc_hal_mcu_stm32l4.o
    0x080010d2   0x080010d2   0x00000002   PAD
    0x080010d4   0x080010d4   0x00000012   Code   RO         1707    .text.LL_RCC_PLLSAI1_EnableDomain_48M  smtc_hal_mcu_stm32l4.o
    0x080010e6   0x080010e6   0x00000002   PAD
    0x080010e8   0x080010e8   0x00000010   Code   RO         1709    .text.LL_RCC_PLLSAI1_IsReady  smtc_hal_mcu_stm32l4.o
    0x080010f8   0x080010f8   0x0000001e   Code   RO         1695    .text.LL_RCC_PLL_ConfigDomain_SYS  smtc_hal_mcu_stm32l4.o
    0x08001116   0x08001116   0x00000002   PAD
    0x08001118   0x08001118   0x00000012   Code   RO         1697    .text.LL_RCC_PLL_Enable  smtc_hal_mcu_stm32l4.o
    0x0800112a   0x0800112a   0x00000002   PAD
    0x0800112c   0x0800112c   0x00000012   Code   RO         1699    .text.LL_RCC_PLL_EnableDomain_SYS  smtc_hal_mcu_stm32l4.o
    0x0800113e   0x0800113e   0x00000002   PAD
    0x08001140   0x08001140   0x00000010   Code   RO          572    .text.LL_RCC_PLL_GetDivider  stm32l4xx_ll_rcc.o
    0x08001150   0x08001150   0x00000010   Code   RO          570    .text.LL_RCC_PLL_GetMainSource  stm32l4xx_ll_rcc.o
    0x08001160   0x08001160   0x00000010   Code   RO          574    .text.LL_RCC_PLL_GetN  stm32l4xx_ll_rcc.o
    0x08001170   0x08001170   0x00000010   Code   RO          576    .text.LL_RCC_PLL_GetR  stm32l4xx_ll_rcc.o
    0x08001180   0x08001180   0x00000010   Code   RO         1701    .text.LL_RCC_PLL_IsReady  smtc_hal_mcu_stm32l4.o
    0x08001190   0x08001190   0x00000012   Code   RO         1715    .text.LL_RCC_SetAHBPrescaler  smtc_hal_mcu_stm32l4.o
    0x080011a2   0x080011a2   0x00000002   PAD
    0x080011a4   0x080011a4   0x00000012   Code   RO         1717    .text.LL_RCC_SetAPB1Prescaler  smtc_hal_mcu_stm32l4.o
    0x080011b6   0x080011b6   0x00000002   PAD
    0x080011b8   0x080011b8   0x00000012   Code   RO         1719    .text.LL_RCC_SetAPB2Prescaler  smtc_hal_mcu_stm32l4.o
    0x080011ca   0x080011ca   0x00000002   PAD
    0x080011cc   0x080011cc   0x00000012   Code   RO         1711    .text.LL_RCC_SetSysClkSource  smtc_hal_mcu_stm32l4.o
    0x080011de   0x080011de   0x00000002   PAD
    0x080011e0   0x080011e0   0x0000000a   Code   RO         1748    .text.LL_SPI_DisableNSSPulseMgt  smtc_hal_mcu_spi_stm32l4.o
    0x080011ea   0x080011ea   0x00000002   PAD
    0x080011ec   0x080011ec   0x0000000a   Code   RO         1750    .text.LL_SPI_Enable  smtc_hal_mcu_spi_stm32l4.o
    0x080011f6   0x080011f6   0x00000002   PAD
    0x080011f8   0x080011f8   0x00000008   Code   RO         1764    .text.LL_SPI_GetRxFIFOLevel  smtc_hal_mcu_spi_stm32l4.o
    0x08001200   0x08001200   0x00000008   Code   RO         1760    .text.LL_SPI_GetTxFIFOLevel  smtc_hal_mcu_spi_stm32l4.o
    0x08001208   0x08001208   0x00000078   Code   RO          258    .text.LL_SPI_Init   stm32l4xx_ll_spi.o
    0x08001280   0x08001280   0x00000008   Code   RO          260    .text.LL_SPI_IsEnabled  stm32l4xx_ll_spi.o
    0x08001288   0x08001288   0x00000008   Code   RO         1752    .text.LL_SPI_IsEnabled  smtc_hal_mcu_spi_stm32l4.o
    0x08001290   0x08001290   0x00000004   Code   RO         1766    .text.LL_SPI_ReceiveData8  smtc_hal_mcu_spi_stm32l4.o
    0x08001294   0x08001294   0x00000006   Code   RO          264    .text.LL_SPI_SetCRCPolynomial  stm32l4xx_ll_spi.o
    0x0800129a   0x0800129a   0x00000002   PAD
    0x0800129c   0x0800129c   0x0000000a   Code   RO          262    .text.LL_SPI_SetRxFIFOThreshold  stm32l4xx_ll_spi.o
    0x080012a6   0x080012a6   0x00000002   PAD
    0x080012a8   0x080012a8   0x0000000a   Code   RO         1744    .text.LL_SPI_SetRxFIFOThreshold  smtc_hal_mcu_spi_stm32l4.o
    0x080012b2   0x080012b2   0x00000002   PAD
    0x080012b4   0x080012b4   0x0000000a   Code   RO         1746    .text.LL_SPI_SetStandard  smtc_hal_mcu_spi_stm32l4.o
    0x080012be   0x080012be   0x00000002   PAD
    0x080012c0   0x080012c0   0x00000004   Code   RO         1762    .text.LL_SPI_TransmitData8  smtc_hal_mcu_spi_stm32l4.o
    0x080012c4   0x080012c4   0x00000026   Code   RO         1448    .text.LL_SYSCFG_SetEXTISource  smtc_hal_mcu_gpio_stm32l4.o
    0x080012ea   0x080012ea   0x00000002   PAD
    0x080012ec   0x080012ec   0x0000000c   Code   RO          717    .text.LL_SetSystemCoreClock  stm32l4xx_ll_utils.o
    0x080012f8   0x080012f8   0x00000012   Code   RO         1560    .text.LL_USART_ConfigAsyncMode  smtc_hal_mcu_uart_stm32l4.o
    0x0800130a   0x0800130a   0x00000002   PAD
    0x0800130c   0x0800130c   0x0000000a   Code   RO         1562    .text.LL_USART_Enable  smtc_hal_mcu_uart_stm32l4.o
    0x08001316   0x08001316   0x00000002   PAD
    0x08001318   0x08001318   0x00000012   Code   RO         1570    .text.LL_USART_EnableIT_RXNE  smtc_hal_mcu_uart_stm32l4.o
    0x0800132a   0x0800132a   0x00000002   PAD
    0x0800132c   0x0800132c   0x000000be   Code   RO          417    .text.LL_USART_Init  stm32l4xx_ll_usart.o
    0x080013ea   0x080013ea   0x00000002   PAD
    0x080013ec   0x080013ec   0x00000008   Code   RO         1590    .text.LL_USART_IsActiveFlag_RXNE  smtc_hal_mcu_uart_stm32l4.o
    0x080013f4   0x080013f4   0x00000008   Code   RO         1586    .text.LL_USART_IsActiveFlag_TC  smtc_hal_mcu_uart_stm32l4.o
    0x080013fc   0x080013fc   0x00000008   Code   RO         1582    .text.LL_USART_IsActiveFlag_TXE  smtc_hal_mcu_uart_stm32l4.o
    0x08001404   0x08001404   0x00000008   Code   RO          419    .text.LL_USART_IsEnabled  stm32l4xx_ll_usart.o
    0x0800140c   0x0800140c   0x00000008   Code   RO         1564    .text.LL_USART_IsEnabled  smtc_hal_mcu_uart_stm32l4.o
    0x08001414   0x08001414   0x00000010   Code   RO         1596    .text.LL_USART_IsEnabledIT_RXNE  smtc_hal_mcu_uart_stm32l4.o
    0x08001424   0x08001424   0x00000006   Code   RO         1592    .text.LL_USART_ReceiveData8  smtc_hal_mcu_uart_stm32l4.o
    0x0800142a   0x0800142a   0x00000002   PAD
    0x0800142c   0x0800142c   0x0000000a   Code   RO         1566    .text.LL_USART_RequestRxDataFlush  smtc_hal_mcu_uart_stm32l4.o
    0x08001436   0x08001436   0x00000002   PAD
    0x08001438   0x08001438   0x0000000a   Code   RO         1568    .text.LL_USART_RequestTxDataFlush  smtc_hal_mcu_uart_stm32l4.o
    0x08001442   0x08001442   0x00000002   PAD
    0x08001444   0x08001444   0x0000002e   Code   RO          425    .text.LL_USART_SetBaudRate  stm32l4xx_ll_usart.o
    0x08001472   0x08001472   0x00000002   PAD
    0x08001474   0x08001474   0x0000000c   Code   RO          423    .text.LL_USART_SetHWFlowCtrl  stm32l4xx_ll_usart.o
    0x08001480   0x08001480   0x0000000c   Code   RO          421    .text.LL_USART_SetStopBitsLength  stm32l4xx_ll_usart.o
    0x0800148c   0x0800148c   0x00000004   Code   RO         1584    .text.LL_USART_TransmitData8  smtc_hal_mcu_uart_stm32l4.o
    0x08001490   0x08001490   0x00000028   Code   RO          715    .text.LL_mDelay     stm32l4xx_ll_utils.o
    0x080014b8   0x080014b8   0x00000032   Code   RO         1658    .text.LPTIM1_IRQHandler  smtc_hal_mcu_timer_stm32l4.o
    0x080014ea   0x080014ea   0x00000002   PAD
    0x080014ec   0x080014ec   0x0000001c   Code   RO          466    .text.RCC_GetHCLKClockFreq  stm32l4xx_ll_rcc.o
    0x08001508   0x08001508   0x0000001a   Code   RO          468    .text.RCC_GetPCLK1ClockFreq  stm32l4xx_ll_rcc.o
    0x08001522   0x08001522   0x00000002   PAD
    0x08001524   0x08001524   0x0000001a   Code   RO          470    .text.RCC_GetPCLK2ClockFreq  stm32l4xx_ll_rcc.o
    0x0800153e   0x0800153e   0x00000002   PAD
    0x08001540   0x08001540   0x000000a4   Code   RO          464    .text.RCC_GetSystemClockFreq  stm32l4xx_ll_rcc.o
    0x080015e4   0x080015e4   0x000000be   Code   RO          568    .text.RCC_PLL_GetFreqDomain_SYS  stm32l4xx_ll_rcc.o
    0x080016a2   0x080016a2   0x00000002   PAD
    0x080016a4   0x080016a4   0x00000012   Code   RO          794    .text.SystemInit    system_stm32l4xx.o
    0x080016b6   0x080016b6   0x00000002   PAD
    0x080016b8   0x080016b8   0x0000003a   Code   RO         1594    .text.USART2_IRQHandler  smtc_hal_mcu_uart_stm32l4.o
    0x080016f2   0x080016f2   0x00000002   PAD
    0x080016f4   0x080016f4   0x00000020   Code   RO         1450    .text.__NVIC_EnableIRQ  smtc_hal_mcu_gpio_stm32l4.o
    0x08001714   0x08001714   0x0000000e   Code   RO         1558    .text.__NVIC_EnableIRQ  smtc_hal_mcu_uart_stm32l4.o
    0x08001722   0x08001722   0x00000002   PAD
    0x08001724   0x08001724   0x00000022   Code   RO         1452    .text.__NVIC_SetPriority  smtc_hal_mcu_gpio_stm32l4.o
    0x08001746   0x08001746   0x00000002   PAD
    0x08001748   0x08001748   0x0000000e   Code   RO         1556    .text.__NVIC_SetPriority  smtc_hal_mcu_uart_stm32l4.o
    0x08001756   0x08001756   0x00000002   PAD
    0x08001758   0x08001758   0x00000016   Code   RO           29    .text.apps_common_lr11xx_fetch_and_print_version  apps_common.o
    0x0800176e   0x0800176e   0x00000002   PAD
    0x08001770   0x08001770   0x00000084   Code   RO           31    .text.apps_common_lr11xx_fetch_version  apps_common.o
    0x080017f4   0x080017f4   0x000000ae   Code   RO           11    .text.apps_common_lr11xx_get_context  apps_common.o
    0x080018a2   0x080018a2   0x00000002   PAD
    0x080018a4   0x080018a4   0x0000002a   Code   RO           91    .text.apps_common_lr11xx_handle_post_rx  apps_common.o
    0x080018ce   0x080018ce   0x00000002   PAD
    0x080018d0   0x080018d0   0x0000002a   Code   RO           87    .text.apps_common_lr11xx_handle_post_tx  apps_common.o
    0x080018fa   0x080018fa   0x00000002   PAD
    0x080018fc   0x080018fc   0x0000002a   Code   RO           89    .text.apps_common_lr11xx_handle_pre_rx  apps_common.o
    0x08001926   0x08001926   0x00000002   PAD
    0x08001928   0x08001928   0x0000002a   Code   RO           85    .text.apps_common_lr11xx_handle_pre_tx  apps_common.o
    0x08001952   0x08001952   0x00000002   PAD
    0x08001954   0x08001954   0x00000418   Code   RO           57    .text.apps_common_lr11xx_irq_process  apps_common.o
    0x08001d6c   0x08001d6c   0x000001e4   Code   RO           33    .text.apps_common_lr11xx_print_version  apps_common.o
    0x08001f50   0x08001f50   0x00000402   Code   RO           39    .text.apps_common_lr11xx_radio_init  apps_common.o
    0x08002352   0x08002352   0x00000002   PAD
    0x08002354   0x08002354   0x000001c8   Code   RO           55    .text.apps_common_lr11xx_receive  apps_common.o
    0x0800251c   0x0800251c   0x000003a6   Code   RO           19    .text.apps_common_lr11xx_system_init  apps_common.o
    0x080028c2   0x080028c2   0x00000002   PAD
    0x080028c4   0x080028c4   0x0000003e   Code   RO           35    .text.apps_common_print_sdk_driver_version  apps_common.o
    0x08002902   0x08002902   0x00000002   PAD
    0x08002904   0x08002904   0x000000aa   Code   RO           15    .text.apps_common_shield_init  apps_common.o
    0x080029ae   0x080029ae   0x00000002   PAD
    0x080029b0   0x080029b0   0x00000060   Code   RO          176    .text.common_version_print  common_version.o
    0x08002a10   0x08002a10   0x00000014   Code   RO          101    .text.get_time_on_air_in_ms  apps_common.o
    0x08002a24   0x08002a24   0x00000020   Code   RO          149    .text.hal_mcu_trace_print  smtc_hal_dbg_trace.o
    0x08002a44   0x08002a44   0x0000000c   Code   RO          900    .text.lr11xx_driver_version_get_version_string  lr11xx_driver_version.o
    0x08002a50   0x08002a50   0x0000002c   Code   RO         1793    .text.lr11xx_hal_direct_read  lr11xx_hal.o
    0x08002a7c   0x08002a7c   0x00000070   Code   RO         1791    .text.lr11xx_hal_read  lr11xx_hal.o
    0x08002aec   0x08002aec   0x0000001e   Code   RO         1783    .text.lr11xx_hal_reset  lr11xx_hal.o
    0x08002b0a   0x08002b0a   0x00000002   PAD
    0x08002b0c   0x08002b0c   0x00000020   Code   RO         1789    .text.lr11xx_hal_wait_on_busy  lr11xx_hal.o
    0x08002b2c   0x08002b2c   0x0000003e   Code   RO         1787    .text.lr11xx_hal_write  lr11xx_hal.o
    0x08002b6a   0x08002b6a   0x00000002   PAD
    0x08002b6c   0x08002b6c   0x00000010   Code   RO         1065    .text.lr11xx_radio_apply_high_acp_workaround  lr11xx_radio.o
    0x08002b7c   0x08002b7c   0x00000024   Code   RO         1123    .text.lr11xx_radio_cfg_rx_boosted  lr11xx_radio.o
    0x08002ba0   0x08002ba0   0x00000012   Code   RO         1061    .text.lr11xx_radio_convert_time_in_ms_to_rtc_step  lr11xx_radio.o
    0x08002bb2   0x08002bb2   0x00000002   PAD
    0x08002bb4   0x08002bb4   0x00000022   Code   RO         1964    .text.lr11xx_radio_fallback_modes_to_str  lr11xx_radio_types_str.o
    0x08002bd6   0x08002bd6   0x00000002   PAD
    0x08002bd8   0x08002bd8   0x00000050   Code   RO         1131    .text.lr11xx_radio_get_lora_bw_in_hz  lr11xx_radio.o
    0x08002c28   0x08002c28   0x0000004c   Code   RO         1047    .text.lr11xx_radio_get_lora_pkt_status  lr11xx_radio.o
    0x08002c74   0x08002c74   0x00000020   Code   RO         1133    .text.lr11xx_radio_get_lora_time_on_air_in_ms  lr11xx_radio.o
    0x08002c94   0x08002c94   0x000000ea   Code   RO         1129    .text.lr11xx_radio_get_lora_time_on_air_numerator  lr11xx_radio.o
    0x08002d7e   0x08002d7e   0x00000002   PAD
    0x08002d80   0x08002d80   0x00000038   Code   RO         1043    .text.lr11xx_radio_get_rx_buffer_status  lr11xx_radio.o
    0x08002db8   0x08002db8   0x00000022   Code   RO         1972    .text.lr11xx_radio_lora_bw_to_str  lr11xx_radio_types_str.o
    0x08002dda   0x08002dda   0x00000002   PAD
    0x08002ddc   0x08002ddc   0x0000001e   Code   RO         1974    .text.lr11xx_radio_lora_cr_to_str  lr11xx_radio_types_str.o
    0x08002dfa   0x08002dfa   0x00000002   PAD
    0x08002dfc   0x08002dfc   0x00000054   Code   RO         1986    .text.lr11xx_radio_lora_crc_to_str  lr11xx_radio_types_str.o
    0x08002e50   0x08002e50   0x0000005c   Code   RO         1990    .text.lr11xx_radio_lora_iq_to_str  lr11xx_radio_types_str.o
    0x08002eac   0x08002eac   0x0000005c   Code   RO         1988    .text.lr11xx_radio_lora_pkt_len_modes_to_str  lr11xx_radio_types_str.o
    0x08002f08   0x08002f08   0x00000022   Code   RO         1970    .text.lr11xx_radio_lora_sf_to_str  lr11xx_radio_types_str.o
    0x08002f2a   0x08002f2a   0x00000002   PAD
    0x08002f2c   0x08002f2c   0x0000001e   Code   RO         1992    .text.lr11xx_radio_pkt_type_to_str  lr11xx_radio_types_str.o
    0x08002f4a   0x08002f4a   0x00000002   PAD
    0x08002f4c   0x08002f4c   0x00000038   Code   RO         1083    .text.lr11xx_radio_set_lora_mod_params  lr11xx_radio.o
    0x08002f84   0x08002f84   0x00000042   Code   RO         1091    .text.lr11xx_radio_set_lora_pkt_params  lr11xx_radio.o
    0x08002fc6   0x08002fc6   0x00000002   PAD
    0x08002fc8   0x08002fc8   0x00000024   Code   RO         1053    .text.lr11xx_radio_set_lora_sync_word  lr11xx_radio.o
    0x08002fec   0x08002fec   0x00000038   Code   RO         1103    .text.lr11xx_radio_set_pa_cfg  lr11xx_radio.o
    0x08003024   0x08003024   0x00000024   Code   RO         1077    .text.lr11xx_radio_set_pkt_type  lr11xx_radio.o
    0x08003048   0x08003048   0x00000036   Code   RO         1071    .text.lr11xx_radio_set_rf_freq  lr11xx_radio.o
    0x0800307e   0x0800307e   0x00000002   PAD
    0x08003080   0x08003080   0x000000b6   Code   RO         1125    .text.lr11xx_radio_set_rssi_calibration  lr11xx_radio.o
    0x08003136   0x08003136   0x00000002   PAD
    0x08003138   0x08003138   0x00000016   Code   RO         1059    .text.lr11xx_radio_set_rx  lr11xx_radio.o
    0x0800314e   0x0800314e   0x00000002   PAD
    0x08003150   0x08003150   0x00000024   Code   RO         1097    .text.lr11xx_radio_set_rx_tx_fallback_mode  lr11xx_radio.o
    0x08003174   0x08003174   0x00000040   Code   RO         1063    .text.lr11xx_radio_set_rx_with_timeout_in_rtc_step  lr11xx_radio.o
    0x080031b4   0x080031b4   0x00000016   Code   RO         1067    .text.lr11xx_radio_set_tx  lr11xx_radio.o
    0x080031ca   0x080031ca   0x00000002   PAD
    0x080031cc   0x080031cc   0x00000026   Code   RO         1093    .text.lr11xx_radio_set_tx_params  lr11xx_radio.o
    0x080031f2   0x080031f2   0x00000002   PAD
    0x080031f4   0x080031f4   0x00000040   Code   RO         1069    .text.lr11xx_radio_set_tx_with_timeout_in_rtc_step  lr11xx_radio.o
    0x08003234   0x08003234   0x00000016   Code   RO         1204    .text.lr11xx_regmem_fill_cbuffer_opcode_address  lr11xx_regmem.o
    0x0800324a   0x0800324a   0x00000002   PAD
    0x0800324c   0x0800324c   0x00000026   Code   RO         1210    .text.lr11xx_regmem_read_buffer8  lr11xx_regmem.o
    0x08003272   0x08003272   0x00000002   PAD
    0x08003274   0x08003274   0x0000001a   Code   RO         1208    .text.lr11xx_regmem_write_buffer8  lr11xx_regmem.o
    0x0800328e   0x0800328e   0x00000002   PAD
    0x08003290   0x08003290   0x0000005a   Code   RO         1214    .text.lr11xx_regmem_write_regmem32_mask  lr11xx_regmem.o
    0x080032ea   0x080032ea   0x00000002   PAD
    0x080032ec   0x080032ec   0x00000024   Code   RO         1247    .text.lr11xx_system_calibrate  lr11xx_system.o
    0x08003310   0x08003310   0x00000028   Code   RO         1265    .text.lr11xx_system_cfg_lfclk  lr11xx_system.o
    0x08003338   0x08003338   0x0000001c   Code   RO         1245    .text.lr11xx_system_clear_errors  lr11xx_system.o
    0x08003354   0x08003354   0x00000036   Code   RO         1259    .text.lr11xx_system_clear_irq_status  lr11xx_system.o
    0x0800338a   0x0800338a   0x00000002   PAD
    0x0800338c   0x0800338c   0x00000012   Code   RO         1235    .text.lr11xx_system_convert_stat1_byte_to_enum  lr11xx_system.o
    0x0800339e   0x0800339e   0x00000002   PAD
    0x080033a0   0x080033a0   0x00000018   Code   RO         1237    .text.lr11xx_system_convert_stat2_byte_to_enum  lr11xx_system.o
    0x080033b8   0x080033b8   0x0000002e   Code   RO         1261    .text.lr11xx_system_get_and_clear_irq_status  lr11xx_system.o
    0x080033e6   0x080033e6   0x00000002   PAD
    0x080033e8   0x080033e8   0x00000032   Code   RO         1243    .text.lr11xx_system_get_errors  lr11xx_system.o
    0x0800341a   0x0800341a   0x00000002   PAD
    0x0800341c   0x0800341c   0x0000000a   Code   RO         1263    .text.lr11xx_system_get_irq_status  lr11xx_system.o
    0x08003426   0x08003426   0x00000002   PAD
    0x08003428   0x08003428   0x0000003c   Code   RO         1233    .text.lr11xx_system_get_status  lr11xx_system.o
    0x08003464   0x08003464   0x0000003e   Code   RO         1241    .text.lr11xx_system_get_version  lr11xx_system.o
    0x080034a2   0x080034a2   0x00000002   PAD
    0x080034a4   0x080034a4   0x00000004   Code   RO         1231    .text.lr11xx_system_reset  lr11xx_system.o
    0x080034a8   0x080034a8   0x00000050   Code   RO         1255    .text.lr11xx_system_set_dio_as_rf_switch  lr11xx_system.o
    0x080034f8   0x080034f8   0x0000004c   Code   RO         1257    .text.lr11xx_system_set_dio_irq_params  lr11xx_system.o
    0x08003544   0x08003544   0x00000024   Code   RO         1249    .text.lr11xx_system_set_reg_mode  lr11xx_system.o
    0x08003568   0x08003568   0x00000034   Code   RO         1267    .text.lr11xx_system_set_tcxo_mode  lr11xx_system.o
    0x0800359c   0x0800359c   0x000002e4   Code   RO          209    .text.main          main_per.o
    0x08003880   0x08003880   0x00000036   Code   RO           73    .text.on_cad_done_detected  apps_common.o
    0x080038b6   0x080038b6   0x00000002   PAD
    0x080038b8   0x080038b8   0x00000036   Code   RO           75    .text.on_cad_done_undetected  apps_common.o
    0x080038ee   0x080038ee   0x00000002   PAD
    0x080038f0   0x080038f0   0x0000000c   Code   RO          221    .text.on_fsk_len_error  main_per.o
    0x080038fc   0x080038fc   0x00000036   Code   RO           83    .text.on_gnss_scan_done  apps_common.o
    0x08003932   0x08003932   0x00000002   PAD
    0x08003934   0x08003934   0x00000036   Code   RO           63    .text.on_header_error  apps_common.o
    0x0800396a   0x0800396a   0x00000002   PAD
    0x0800396c   0x0800396c   0x00000036   Code   RO           79    .text.on_lora_rx_timestamp  apps_common.o
    0x080039a2   0x080039a2   0x00000002   PAD
    0x080039a4   0x080039a4   0x00000036   Code   RO           61    .text.on_preamble_detected  apps_common.o
    0x080039da   0x080039da   0x00000002   PAD
    0x080039dc   0x080039dc   0x0000000c   Code   RO          219    .text.on_rx_crc_error  main_per.o
    0x080039e8   0x080039e8   0x000001b0   Code   RO          213    .text.on_rx_done    main_per.o
    0x08003b98   0x08003b98   0x0000000c   Code   RO          215    .text.on_rx_timeout  main_per.o
    0x08003ba4   0x08003ba4   0x00000036   Code   RO           65    .text.on_syncword_header_valid  apps_common.o
    0x08003bda   0x08003bda   0x00000002   PAD
    0x08003bdc   0x08003bdc   0x00000124   Code   RO          211    .text.on_tx_done    main_per.o
    0x08003d00   0x08003d00   0x00000036   Code   RO           81    .text.on_wifi_scan_done  apps_common.o
    0x08003d36   0x08003d36   0x00000002   PAD
    0x08003d38   0x08003d38   0x000000b0   Code   RO          217    .text.per_reception_failure_handling  main_per.o
    0x08003de8   0x08003de8   0x00000130   Code   RO           43    .text.print_common_configuration  apps_common.o
    0x08003f18   0x08003f18   0x00000054   Code   RO           37    .text.print_driver_version  apps_common.o
    0x08003f6c   0x08003f6c   0x00000230   Code   RO           47    .text.print_lora_configuration  apps_common.o
    0x0800419c   0x0800419c   0x0000000e   Code   RO           13    .text.radio_on_dio_irq  apps_common.o
    0x080041aa   0x080041aa   0x00000002   PAD
    0x080041ac   0x080041ac   0x0000003a   Code   RO         1446    .text.smtc_hal_mcu_gpio_enable_irq  smtc_hal_mcu_gpio_stm32l4.o
    0x080041e6   0x080041e6   0x00000002   PAD
    0x080041e8   0x080041e8   0x0000004a   Code   RO         1438    .text.smtc_hal_mcu_gpio_get_state  smtc_hal_mcu_gpio_stm32l4.o
    0x08004232   0x08004232   0x00000002   PAD
    0x08004234   0x08004234   0x000000ba   Code   RO         1418    .text.smtc_hal_mcu_gpio_init_input  smtc_hal_mcu_gpio_stm32l4.o
    0x080042ee   0x080042ee   0x00000002   PAD
    0x080042f0   0x080042f0   0x0000006a   Code   RO         1408    .text.smtc_hal_mcu_gpio_init_output  smtc_hal_mcu_gpio_stm32l4.o
    0x0800435a   0x0800435a   0x00000002   PAD
    0x0800435c   0x0800435c   0x00000030   Code   RO         1416    .text.smtc_hal_mcu_gpio_set_state  smtc_hal_mcu_gpio_stm32l4.o
    0x0800438c   0x0800438c   0x00000032   Code   RO         1462    .text.smtc_hal_mcu_gpio_stm32l4_call_exti_callback  smtc_hal_mcu_gpio_stm32l4.o
    0x080043be   0x080043be   0x00000002   PAD
    0x080043c0   0x080043c0   0x00000048   Code   RO         1414    .text.smtc_hal_mcu_gpio_stm32l4_enable_clock  smtc_hal_mcu_gpio_stm32l4.o
    0x08004408   0x08004408   0x000001f6   Code   RO         1420    .text.smtc_hal_mcu_gpio_stm32l4_get_exti_cfg  smtc_hal_mcu_gpio_stm32l4.o
    0x080045fe   0x080045fe   0x00000002   PAD
    0x08004600   0x08004600   0x00000020   Code   RO         1412    .text.smtc_hal_mcu_gpio_stm32l4_get_free_slot  smtc_hal_mcu_gpio_stm32l4.o
    0x08004620   0x08004620   0x0000000e   Code   RO         1422    .text.smtc_hal_mcu_gpio_stm32l4_get_trigger  smtc_hal_mcu_gpio_stm32l4.o
    0x0800462e   0x0800462e   0x00000002   PAD
    0x08004630   0x08004630   0x0000003e   Code   RO         1410    .text.smtc_hal_mcu_gpio_stm32l4_is_configured  smtc_hal_mcu_gpio_stm32l4.o
    0x0800466e   0x0800466e   0x00000002   PAD
    0x08004670   0x08004670   0x00000024   Code   RO         1426    .text.smtc_hal_mcu_gpio_stm32l4_is_real_inst  smtc_hal_mcu_gpio_stm32l4.o
    0x08004694   0x08004694   0x0000008c   Code   RO         1677    .text.smtc_hal_mcu_init  smtc_hal_mcu_stm32l4.o
    0x08004720   0x08004720   0x000000f0   Code   RO         1734    .text.smtc_hal_mcu_spi_init  smtc_hal_mcu_spi_stm32l4.o
    0x08004810   0x08004810   0x000000b6   Code   RO         1758    .text.smtc_hal_mcu_spi_rw_buffer  smtc_hal_mcu_spi_stm32l4.o
    0x080048c6   0x080048c6   0x00000002   PAD
    0x080048c8   0x080048c8   0x00000020   Code   RO         1736    .text.smtc_hal_mcu_spi_stm32l4_get_free_slot  smtc_hal_mcu_spi_stm32l4.o
    0x080048e8   0x080048e8   0x00000024   Code   RO         1756    .text.smtc_hal_mcu_spi_stm32l4_is_real_inst  smtc_hal_mcu_spi_stm32l4.o
    0x0800490c   0x0800490c   0x000000bc   Code   RO         1548    .text.smtc_hal_mcu_uart_init  smtc_hal_mcu_uart_stm32l4.o
    0x080049c8   0x080049c8   0x00000038   Code   RO         1580    .text.smtc_hal_mcu_uart_send  smtc_hal_mcu_uart_stm32l4.o
    0x08004a00   0x08004a00   0x00000012   Code   RO         1550    .text.smtc_hal_mcu_uart_stm32l4_get_free_slot  smtc_hal_mcu_uart_stm32l4.o
    0x08004a12   0x08004a12   0x00000002   PAD
    0x08004a14   0x08004a14   0x00000004   Code   RO         1871    .text.smtc_shield_lr1120mb1dis_get_lfclk_cfg  smtc_shield_lr1120mb1dis.o
    0x08004a18   0x08004a18   0x00000004   Code   RO         1861    .text.smtc_shield_lr1120mb1dis_get_pa_pwr_cfg  smtc_shield_lr1120mb1dis.o
    0x08004a1c   0x08004a1c   0x00000004   Code   RO         1873    .text.smtc_shield_lr1120mb1dis_get_pinout  smtc_shield_lr1120mb1dis.o
    0x08004a20   0x08004a20   0x00000004   Code   RO         1867    .text.smtc_shield_lr1120mb1dis_get_reg_mode  smtc_shield_lr1120mb1dis.o
    0x08004a24   0x08004a24   0x00000004   Code   RO         1865    .text.smtc_shield_lr1120mb1dis_get_rf_switch_cfg  smtc_shield_lr1120mb1dis.o
    0x08004a28   0x08004a28   0x00000004   Code   RO         1863    .text.smtc_shield_lr1120mb1dis_get_rssi_calibration_table  smtc_shield_lr1120mb1dis.o
    0x08004a2c   0x08004a2c   0x00000004   Code   RO         1869    .text.smtc_shield_lr1120mb1dis_get_xosc_cfg  smtc_shield_lr1120mb1dis.o
    0x08004a30   0x08004a30   0x00000098   Code   RO         1846    .text.smtc_shield_lr1120mb1dxs_common_get_pa_pwr_cfg  smtc_shield_lr1120mb1dxs_common.o
    0x08004ac8   0x08004ac8   0x0000000a   Code   RO         1833    .text.smtc_shield_lr11x0_common_get_xosc_cfg  smtc_shield_lr11x0_common.o
    0x08004ad2   0x08004ad2   0x00000002   PAD
    0x08004ad4   0x08004ad4   0x0000000a   Code   RO         1812    .text.smtc_shield_lr11xx_common_get_lfclk_cfg  smtc_shield_lr11xx_common.o
    0x08004ade   0x08004ade   0x00000002   PAD
    0x08004ae0   0x08004ae0   0x0000000a   Code   RO         1814    .text.smtc_shield_lr11xx_common_get_pinout  smtc_shield_lr11xx_common.o
    0x08004aea   0x08004aea   0x00000002   PAD
    0x08004aec   0x08004aec   0x00000004   Code   RO         1810    .text.smtc_shield_lr11xx_common_get_reg_mode  smtc_shield_lr11xx_common.o
    0x08004af0   0x08004af0   0x0000000a   Code   RO         1808    .text.smtc_shield_lr11xx_common_get_rf_switch_cfg  smtc_shield_lr11xx_common.o
    0x08004afa   0x08004afa   0x00000002   PAD
    0x08004afc   0x08004afc   0x0000000c   Code   RO           27    .text.smtc_shield_lr11xx_get_lfclk_cfg  apps_common.o
    0x08004b08   0x08004b08   0x0000000c   Code   RO           41    .text.smtc_shield_lr11xx_get_pa_pwr_cfg  apps_common.o
    0x08004b14   0x08004b14   0x0000000c   Code   RO           17    .text.smtc_shield_lr11xx_get_pinout  apps_common.o
    0x08004b20   0x08004b20   0x0000000c   Code   RO           21    .text.smtc_shield_lr11xx_get_reg_mode  apps_common.o
    0x08004b2c   0x08004b2c   0x0000000c   Code   RO           23    .text.smtc_shield_lr11xx_get_rf_switch_cfg  apps_common.o
    0x08004b38   0x08004b38   0x0000000c   Code   RO           45    .text.smtc_shield_lr11xx_get_rssi_calibration_table  apps_common.o
    0x08004b44   0x08004b44   0x00000038   Code   RO         1806    .text.smtc_shield_lr11xx_get_rssi_calibration_table  smtc_shield_lr11xx_common.o
    0x08004b7c   0x08004b7c   0x0000000c   Code   RO           25    .text.smtc_shield_lr11xx_get_xosc_cfg  apps_common.o
    0x08004b88   0x08004b88   0x0000000e   Code   RO          162    .text.smtc_shield_pinout_mapping_get_gpio_cfg  smtc_shield_pinout_mapping.o
    0x08004b96   0x08004b96   0x00000002   PAD
    0x08004b98   0x08004b98   0x00000006   Code   RO          188    .text.uart_init     uart_init.o
    0x08004b9e   0x08004b9e   0x00000002   PAD
    0x08004ba0   0x08004ba0   0x00000026   Code   RO          190    .text.uart_init_base  uart_init.o
    0x08004bc6   0x08004bc6   0x00000002   PAD
    0x08004bc8   0x08004bc8   0x00000036   Code   RO          194    .text.vprint        uart_init.o
    0x08004bfe   0x08004bfe   0x00000002   PAD
    0x08004c00   0x08004c00   0x00000024   Code   RO         2133    i.__0vsprintf       mc_w.l(printfa.o)
    0x08004c24   0x08004c24   0x0000000e   Code   RO         2200    i.__scatterload_copy  mc_w.l(handlers.o)
    0x08004c32   0x08004c32   0x00000002   Code   RO         2201    i.__scatterload_null  mc_w.l(handlers.o)
    0x08004c34   0x08004c34   0x0000000e   Code   RO         2202    i.__scatterload_zeroinit  mc_w.l(handlers.o)
    0x08004c42   0x08004c42   0x00000002   PAD
    0x08004c44   0x08004c44   0x0000018a   Code   RO         2134    i._fp_digits        mc_w.l(printfa.o)
    0x08004dce   0x08004dce   0x00000002   PAD
    0x08004dd0   0x08004dd0   0x000006e2   Code   RO         2135    i._printf_core      mc_w.l(printfa.o)
    0x080054b2   0x080054b2   0x00000024   Code   RO         2136    i._printf_post_padding  mc_w.l(printfa.o)
    0x080054d6   0x080054d6   0x0000002e   Code   RO         2137    i._printf_pre_padding  mc_w.l(printfa.o)
    0x08005504   0x08005504   0x0000000a   Code   RO         2139    i._sputc            mc_w.l(printfa.o)
    0x0800550e   0x0800550e   0x00000002   PAD
    0x08005510   0x08005510   0x00000018   Data   RO         1768    .rodata..Lsmtc_hal_mcu_spi_init.GPIO_InitStruct  smtc_hal_mcu_spi_stm32l4.o
    0x08005528   0x08005528   0x00000018   Data   RO         1769    .rodata..Lsmtc_hal_mcu_spi_init.GPIO_InitStruct.1  smtc_hal_mcu_spi_stm32l4.o
    0x08005540   0x08005540   0x00000018   Data   RO         1598    .rodata..Lsmtc_hal_mcu_uart_init.GPIO_InitStruct  smtc_hal_mcu_uart_stm32l4.o
    0x08005558   0x08005558   0x0000000c   Data   RO         2007    .rodata..Lswitch.table.lr11xx_radio_fallback_modes_to_str  lr11xx_radio_types_str.o
    0x08005564   0x08005564   0x0000000c   PAD
    0x08005570   0x08005570   0x0000003c   Data   RO         2010    .rodata..Lswitch.table.lr11xx_radio_lora_bw_to_str  lr11xx_radio_types_str.o
    0x080055ac   0x080055ac   0x00000004   PAD
    0x080055b0   0x080055b0   0x00000020   Data   RO         2011    .rodata..Lswitch.table.lr11xx_radio_lora_cr_to_str  lr11xx_radio_types_str.o
    0x080055d0   0x080055d0   0x00000020   Data   RO         2009    .rodata..Lswitch.table.lr11xx_radio_lora_sf_to_str  lr11xx_radio_types_str.o
    0x080055f0   0x080055f0   0x00000010   Data   RO         2017    .rodata..Lswitch.table.lr11xx_radio_pkt_type_to_str  lr11xx_radio_types_str.o
    0x08005600   0x08005600   0x00000010   Data   RO          799    .rodata.AHBPrescTable  system_stm32l4xx.o
    0x08005610   0x08005610   0x00000008   Data   RO          800    .rodata.APBPrescTable  system_stm32l4xx.o
    0x08005618   0x08005618   0x00000030   Data   RO          801    .rodata.MSIRangeTable  system_stm32l4xx.o
    0x08005648   0x08005648   0x000000b0   Data   RO          164    .rodata.arduino_mapping  smtc_shield_pinout_mapping.o
    0x080056f8   0x080056f8   0x00000006   Data   RO          114    .rodata.lora_pkt_params  apps_common.o
    0x080056fe   0x080056fe   0x00000002   Data   RO         1153    .rodata.lr11xx_radio_get_lora_pkt_status.cbuffer  lr11xx_radio.o
    0x08005700   0x08005700   0x00000002   Data   RO         1151    .rodata.lr11xx_radio_get_rx_buffer_status.cbuffer  lr11xx_radio.o
    0x08005702   0x08005702   0x00000002   Data   RO         1218    .rodata.lr11xx_regmem_write_buffer8.cbuffer  lr11xx_regmem.o
    0x08005704   0x08005704   0x00000002   Data   RO         1305    .rodata.lr11xx_system_clear_errors.cbuffer  lr11xx_system.o
    0x08005706   0x08005706   0x00000002   Data   RO         1304    .rodata.lr11xx_system_get_errors.cbuffer  lr11xx_system.o
    0x08005708   0x08005708   0x00000002   Data   RO         1303    .rodata.lr11xx_system_get_version.cbuffer  lr11xx_system.o
    0x0800570a   0x0800570a   0x000000c8   Data   RO         1848    .rodata.smtc_shield_lr1120mb1dxs_common_pa_pwr_cfg_table  smtc_shield_lr1120mb1dxs_common.o
    0x080057d2   0x080057d2   0x000000a0   Data   RO         1849    .rodata.smtc_shield_lr1120mb1dxs_common_pa_pwr_hf_cfg_table  smtc_shield_lr1120mb1dxs_common.o
    0x08005872   0x08005872   0x00000002   PAD
    0x08005874   0x08005874   0x00000008   Data   RO         1835    .rodata.smtc_shield_lr11x0_common_xosc_cfg  smtc_shield_lr11x0_common.o
    0x0800587c   0x0800587c   0x00000002   Data   RO         1817    .rodata.smtc_shield_lr11xx_common_lfclk_cfg  smtc_shield_lr11xx_common.o
    0x0800587e   0x0800587e   0x00000008   Data   RO         1818    .rodata.smtc_shield_lr11xx_common_pinout  smtc_shield_lr11xx_common.o
    0x08005886   0x08005886   0x00000008   Data   RO         1816    .rodata.smtc_shield_lr11xx_common_rf_switch_cfg  smtc_shield_lr11xx_common.o
    0x0800588e   0x0800588e   0x00000014   Data   RO         1821    .rodata.smtc_shield_lr11xx_common_rssi_calibration_table_above_2ghz  smtc_shield_lr11xx_common.o
    0x080058a2   0x080058a2   0x00000014   Data   RO         1819    .rodata.smtc_shield_lr11xx_common_rssi_calibration_table_below_600mhz  smtc_shield_lr11xx_common.o
    0x080058b6   0x080058b6   0x00000014   Data   RO         1820    .rodata.smtc_shield_lr11xx_common_rssi_calibration_table_from_600mhz_to_2ghz  smtc_shield_lr11xx_common.o
    0x080058ca   0x080058ca   0x000003a7   Data   RO          112    .rodata.str1.1      apps_common.o
    0x08005c71   0x08005c71   0x0000006e   Data   RO          223    .rodata.str1.1      main_per.o
    0x08005cdf   0x08005cdf   0x00000371   Data   RO         2004    .rodata.str1.1      lr11xx_radio_types_str.o
    0x08006050   0x08006050   0x00000004   Data   RO          197    .rodata.uart_init_base.cfg_uart  uart_init.o
    0x08006054   0x08006054   0x00000020   Data   RO         2198    Region$$Table       anon$$obj.o


    Execution Region RW_IRAM1 (Exec base: 0x20000000, Load base: 0x08006078, Size: 0x00000818, Max: 0x00018000, ABSOLUTE)

    Exec Addr    Load Addr    Size         Type   Attr      Idx    E Section Name        Object

    0x20000000   0x08006078   0x00000004   Data   RW          798    .data.SystemCoreClock  system_stm32l4xx.o
    0x20000004   0x0800607c   0x00000004   Data   RW          113    .data.lora_mod_params  apps_common.o
    0x20000008   0x08006080   0x00000004   Data   RW          224    .data.mode          main_per.o
    0x2000000c   0x08006084   0x00000004   Data   RW          227    .data.rx_timeout    main_per.o
    0x20000010   0x08006088   0x0000001c   Data   RW          105    .data.shield        apps_common.o
    0x2000002c   0x080060a4   0x00000004   PAD
    0x20000030        -       0x00000007   Zero   RW          226    .bss.buffer         main_per.o
    0x20000037   0x080060a4   0x00000001   PAD
    0x20000038        -       0x00000048   Zero   RW          106    .bss.context        apps_common.o
    0x20000080        -       0x00000004   Zero   RW          225    .bss.context        main_per.o
    0x20000084        -       0x00000001   Zero   RW          234    .bss.first_pkt_flag  main_per.o
    0x20000085   0x080060a4   0x00000003   PAD
    0x20000088        -       0x00000300   Zero   RW         1482    .bss.gpio_inst_array  smtc_hal_mcu_gpio_stm32l4.o
    0x20000388        -       0x00000004   Zero   RW          196    .bss.inst_uart      uart_init.o
    0x2000038c        -       0x00000001   Zero   RW          117    .bss.irq_fired      apps_common.o
    0x2000038d   0x080060a4   0x00000003   PAD
    0x20000390        -       0x0000000c   Zero   RW          109    .bss.led_rx         apps_common.o
    0x2000039c        -       0x0000000c   Zero   RW          110    .bss.led_scan       apps_common.o
    0x200003a8        -       0x0000000c   Zero   RW          108    .bss.led_tx         apps_common.o
    0x200003b4        -       0x0000000c   Zero   RW          111    .bss.lna_ctrl       apps_common.o
    0x200003c0        -       0x00000002   Zero   RW          233    .bss.nb_fsk_len_error  main_per.o
    0x200003c2        -       0x00000002   Zero   RW          230    .bss.nb_ok          main_per.o
    0x200003c4        -       0x00000002   Zero   RW          232    .bss.nb_rx_error    main_per.o
    0x200003c6        -       0x00000002   Zero   RW          231    .bss.nb_rx_timeout  main_per.o
    0x200003c8        -       0x00000002   Zero   RW          229    .bss.per_index      main_per.o
    0x200003ca        -       0x00000007   Zero   RW          228    .bss.per_msg        main_per.o
    0x200003d1        -       0x00000001   Zero   RW          235    .bss.rolling_counter  main_per.o
    0x200003d2   0x080060a4   0x00000002   PAD
    0x200003d4        -       0x00000004   Zero   RW          107    .bss.shield_pinout  apps_common.o
    0x200003d8        -       0x00000020   Zero   RW         1771    .bss.spi_inst_array  smtc_hal_mcu_spi_stm32l4.o
    0x200003f8        -       0x00000010   Zero   RW         1665    .bss.tim_inst_array  smtc_hal_mcu_timer_stm32l4.o
    0x20000408        -       0x0000000c   Zero   RW         1600    .bss.uart_inst_array  smtc_hal_mcu_uart_stm32l4.o
    0x20000414   0x080060a4   0x00000004   PAD
    0x20000418        -       0x00000400   Zero   RW            1    STACK               startup_stm32l476xx.o


==============================================================================

Image component sizes


      Code (inc. data)   RO Data    RW Data    ZI Data      Debug   Object Name

      6174        708        941         32        125      28325   apps_common.o
        96         64          0          0          0        606   common_version.o
        12          8          0          0          0        587   lr11xx_driver_version.o
       280          0          0          0          0       6434   lr11xx_hal.o
      1280         60          4          0          0      32226   lr11xx_radio.o
       430        184       1033          0          0      10819   lr11xx_radio_types_str.o
       176          0          2          0          0       6163   lr11xx_regmem.o
       676          0          6          0          0      17182   lr11xx_system.o
      1676        280        110          8         30       7336   main_per.o
        32          0          0          0          0        873   smtc_hal_dbg_trace.o
      1902        144          0          0        768      18102   smtc_hal_mcu_gpio_stm32l4.o
       654          0         48          0         32       8173   smtc_hal_mcu_spi_stm32l4.o
       582          0          0          0          0       6389   smtc_hal_mcu_stm32l4.o
        84          0          0          0         16      11980   smtc_hal_mcu_timer_stm32l4.o
       536          0         24          0         12      12596   smtc_hal_mcu_uart_stm32l4.o
        28          0          0          0          0       6121   smtc_shield_lr1120mb1dis.o
       152          0        360          0          0       2414   smtc_shield_lr1120mb1dxs_common.o
        10          0          8          0          0       1675   smtc_shield_lr11x0_common.o
        90          0         78          0          0       5130   smtc_shield_lr11xx_common.o
        14          0        176          0          0       2545   smtc_shield_pinout_mapping.o
        36          8        392          0       1024       1052   startup_stm32l476xx.o
       526          8          0          0          0       5266   stm32l4xx_ll_exti.o
       294          0          0          0          0       5539   stm32l4xx_ll_gpio.o
       980         24          0          0          0      17527   stm32l4xx_ll_rcc.o
       144          0          0          0          0       4467   stm32l4xx_ll_spi.o
       268          0          0          0          0       6068   stm32l4xx_ll_usart.o
        96          0          0          0          0      10441   stm32l4xx_ll_utils.o
        18          0         72          4          0       3358   system_stm32l4xx.o
        98          0          4          0          4       2875   uart_init.o

    ----------------------------------------------------------------------
     17596       1488       3308         44       2028     242269   Object Totals
         0          0         32          0          0          0   (incl. Generated)
       252          0         18          0         17          0   (incl. Padding)

    ----------------------------------------------------------------------

      Code (inc. data)   RO Data    RW Data    ZI Data      Debug   Library Member Name

         0          0          0          0          0          0   entry.o
         0          0          0          0          0          0   entry10a.o
         0          0          0          0          0          0   entry11a.o
         8          4          0          0          0          0   entry2.o
         4          0          0          0          0          0   entry5.o
         0          0          0          0          0          0   entry7b.o
         0          0          0          0          0          0   entry8b.o
         8          4          0          0          0          0   entry9a.o
        30          0          0          0          0          0   handlers.o
        36          8          0          0          0         68   init.o
         0          0          0          0          0          0   iusefp.o
        30          0          0          0          0         68   llshl.o
        36          0          0          0          0         68   llsshr.o
        32          0          0          0          0         68   llushr.o
        26          0          0          0          0         80   memcmp.o
        36          0          0          0          0        108   memseta.o
      2284         86          0          0          0        516   printfa.o
        14          0          0          0          0         68   strlen.o
        44          0          0          0          0         80   uidiv.o
       104          0          0          0          0         92   uldiv.o
        48          0          0          0          0         68   cdrcmple.o
       350          0          0          0          0        148   dadd.o
       222          0          0          0          0        100   ddiv.o
       186          0          0          0          0        176   depilogue.o
        48          0          0          0          0         68   dfixul.o
       234          0          0          0          0         96   dmul.o

    ----------------------------------------------------------------------
      3788        102          0          0          0       1872   Library Totals
         8          0          0          0          0          0   (incl. Padding)

    ----------------------------------------------------------------------

      Code (inc. data)   RO Data    RW Data    ZI Data      Debug   Library Name

      2692        102          0          0          0       1216   mc_w.l
      1088          0          0          0          0        656   mf_w.l

    ----------------------------------------------------------------------
      3788        102          0          0          0       1872   Library Totals

    ----------------------------------------------------------------------

==============================================================================


      Code (inc. data)   RO Data    RW Data    ZI Data      Debug   

     21384       1590       3308         44       2028     242977   Grand Totals
     21384       1590       3308         44       2028     242977   ELF Image Totals
     21384       1590       3308         44          0          0   ROM Totals

==============================================================================

    Total RO  Size (Code + RO Data)                24692 (  24.11kB)
    Total RW  Size (RW Data + ZI Data)              2072 (   2.02kB)
    Total ROM Size (Code + RO Data + RW Data)      24736 (  24.16kB)

==============================================================================

