<!doctype html public "-//w3c//dtd html 4.0 transitional//en">
<html><head>
<title>Static Call Graph - [.\build\LR1120MB1DIS\per.axf]</title></head>
<body><HR>
<H1>Static Call Graph for image .\build\LR1120MB1DIS\per.axf</H1><HR>
<BR><P>#&#060CALLGRAPH&#062# ARM Linker, 6100100: Last Updated: Sun Jul 23 16:23:12 2023
<BR><P>
<H3>Maximum Stack Usage =        432 bytes + Unknown(Cycles, Untraceable Function Pointers)</H3><H3>
Call chain for Maximum Stack Depth:</H3>
main &rArr; apps_common_lr11xx_irq_process &rArr; on_rx_done &rArr; apps_common_lr11xx_receive &rArr; hal_mcu_trace_print &rArr; vprint &rArr; smtc_hal_mcu_uart_send
<P>
<H3>
Mutually Recursive functions
</H3> <LI><a href="#[1]">NMI_Handler</a>&nbsp;&nbsp;&nbsp;&rArr;&nbsp;&nbsp;&nbsp;<a href="#[1]">NMI_Handler</a><BR>
 <LI><a href="#[2]">HardFault_Handler</a>&nbsp;&nbsp;&nbsp;&rArr;&nbsp;&nbsp;&nbsp;<a href="#[2]">HardFault_Handler</a><BR>
 <LI><a href="#[3]">MemManage_Handler</a>&nbsp;&nbsp;&nbsp;&rArr;&nbsp;&nbsp;&nbsp;<a href="#[3]">MemManage_Handler</a><BR>
 <LI><a href="#[4]">BusFault_Handler</a>&nbsp;&nbsp;&nbsp;&rArr;&nbsp;&nbsp;&nbsp;<a href="#[4]">BusFault_Handler</a><BR>
 <LI><a href="#[5]">UsageFault_Handler</a>&nbsp;&nbsp;&nbsp;&rArr;&nbsp;&nbsp;&nbsp;<a href="#[5]">UsageFault_Handler</a><BR>
 <LI><a href="#[6]">SVC_Handler</a>&nbsp;&nbsp;&nbsp;&rArr;&nbsp;&nbsp;&nbsp;<a href="#[6]">SVC_Handler</a><BR>
 <LI><a href="#[7]">DebugMon_Handler</a>&nbsp;&nbsp;&nbsp;&rArr;&nbsp;&nbsp;&nbsp;<a href="#[7]">DebugMon_Handler</a><BR>
 <LI><a href="#[8]">PendSV_Handler</a>&nbsp;&nbsp;&nbsp;&rArr;&nbsp;&nbsp;&nbsp;<a href="#[8]">PendSV_Handler</a><BR>
 <LI><a href="#[9]">SysTick_Handler</a>&nbsp;&nbsp;&nbsp;&rArr;&nbsp;&nbsp;&nbsp;<a href="#[9]">SysTick_Handler</a><BR>
 <LI><a href="#[1c]">ADC1_2_IRQHandler</a>&nbsp;&nbsp;&nbsp;&rArr;&nbsp;&nbsp;&nbsp;<a href="#[1c]">ADC1_2_IRQHandler</a><BR>
 <LI><a href="#[a2]">LL_USART_EnableIT_RXNE</a>&nbsp;&nbsp;&nbsp;&rArr;&nbsp;&nbsp;&nbsp;<a href="#[a2]">LL_USART_EnableIT_RXNE</a><BR>
</UL>
<P>
<H3>
Function Pointers
</H3><UL>
 <LI><a href="#[1c]">ADC1_2_IRQHandler</a> from startup_stm32l476xx.o(.text) referenced from startup_stm32l476xx.o(RESET)
 <LI><a href="#[39]">ADC3_IRQHandler</a> from startup_stm32l476xx.o(.text) referenced from startup_stm32l476xx.o(RESET)
 <LI><a href="#[4]">BusFault_Handler</a> from startup_stm32l476xx.o(.text) referenced from startup_stm32l476xx.o(RESET)
 <LI><a href="#[1e]">CAN1_RX0_IRQHandler</a> from startup_stm32l476xx.o(.text) referenced from startup_stm32l476xx.o(RESET)
 <LI><a href="#[1f]">CAN1_RX1_IRQHandler</a> from startup_stm32l476xx.o(.text) referenced from startup_stm32l476xx.o(RESET)
 <LI><a href="#[20]">CAN1_SCE_IRQHandler</a> from startup_stm32l476xx.o(.text) referenced from startup_stm32l476xx.o(RESET)
 <LI><a href="#[1d]">CAN1_TX_IRQHandler</a> from startup_stm32l476xx.o(.text) referenced from startup_stm32l476xx.o(RESET)
 <LI><a href="#[4a]">COMP_IRQHandler</a> from startup_stm32l476xx.o(.text) referenced from startup_stm32l476xx.o(RESET)
 <LI><a href="#[47]">DFSDM1_FLT0_IRQHandler</a> from startup_stm32l476xx.o(.text) referenced from startup_stm32l476xx.o(RESET)
 <LI><a href="#[48]">DFSDM1_FLT1_IRQHandler</a> from startup_stm32l476xx.o(.text) referenced from startup_stm32l476xx.o(RESET)
 <LI><a href="#[49]">DFSDM1_FLT2_IRQHandler</a> from startup_stm32l476xx.o(.text) referenced from startup_stm32l476xx.o(RESET)
 <LI><a href="#[34]">DFSDM1_FLT3_IRQHandler</a> from startup_stm32l476xx.o(.text) referenced from startup_stm32l476xx.o(RESET)
 <LI><a href="#[15]">DMA1_Channel1_IRQHandler</a> from startup_stm32l476xx.o(.text) referenced from startup_stm32l476xx.o(RESET)
 <LI><a href="#[16]">DMA1_Channel2_IRQHandler</a> from startup_stm32l476xx.o(.text) referenced from startup_stm32l476xx.o(RESET)
 <LI><a href="#[17]">DMA1_Channel3_IRQHandler</a> from startup_stm32l476xx.o(.text) referenced from startup_stm32l476xx.o(RESET)
 <LI><a href="#[18]">DMA1_Channel4_IRQHandler</a> from startup_stm32l476xx.o(.text) referenced from startup_stm32l476xx.o(RESET)
 <LI><a href="#[19]">DMA1_Channel5_IRQHandler</a> from startup_stm32l476xx.o(.text) referenced from startup_stm32l476xx.o(RESET)
 <LI><a href="#[1a]">DMA1_Channel6_IRQHandler</a> from startup_stm32l476xx.o(.text) referenced from startup_stm32l476xx.o(RESET)
 <LI><a href="#[1b]">DMA1_Channel7_IRQHandler</a> from startup_stm32l476xx.o(.text) referenced from startup_stm32l476xx.o(RESET)
 <LI><a href="#[42]">DMA2_Channel1_IRQHandler</a> from startup_stm32l476xx.o(.text) referenced from startup_stm32l476xx.o(RESET)
 <LI><a href="#[43]">DMA2_Channel2_IRQHandler</a> from startup_stm32l476xx.o(.text) referenced from startup_stm32l476xx.o(RESET)
 <LI><a href="#[44]">DMA2_Channel3_IRQHandler</a> from startup_stm32l476xx.o(.text) referenced from startup_stm32l476xx.o(RESET)
 <LI><a href="#[45]">DMA2_Channel4_IRQHandler</a> from startup_stm32l476xx.o(.text) referenced from startup_stm32l476xx.o(RESET)
 <LI><a href="#[46]">DMA2_Channel5_IRQHandler</a> from startup_stm32l476xx.o(.text) referenced from startup_stm32l476xx.o(RESET)
 <LI><a href="#[4e]">DMA2_Channel6_IRQHandler</a> from startup_stm32l476xx.o(.text) referenced from startup_stm32l476xx.o(RESET)
 <LI><a href="#[4f]">DMA2_Channel7_IRQHandler</a> from startup_stm32l476xx.o(.text) referenced from startup_stm32l476xx.o(RESET)
 <LI><a href="#[7]">DebugMon_Handler</a> from startup_stm32l476xx.o(.text) referenced from startup_stm32l476xx.o(RESET)
 <LI><a href="#[10]">EXTI0_IRQHandler</a> from smtc_hal_mcu_gpio_stm32l4.o(.text.EXTI0_IRQHandler) referenced from startup_stm32l476xx.o(RESET)
 <LI><a href="#[32]">EXTI15_10_IRQHandler</a> from smtc_hal_mcu_gpio_stm32l4.o(.text.EXTI15_10_IRQHandler) referenced from startup_stm32l476xx.o(RESET)
 <LI><a href="#[11]">EXTI1_IRQHandler</a> from smtc_hal_mcu_gpio_stm32l4.o(.text.EXTI1_IRQHandler) referenced from startup_stm32l476xx.o(RESET)
 <LI><a href="#[12]">EXTI2_IRQHandler</a> from smtc_hal_mcu_gpio_stm32l4.o(.text.EXTI2_IRQHandler) referenced from startup_stm32l476xx.o(RESET)
 <LI><a href="#[13]">EXTI3_IRQHandler</a> from smtc_hal_mcu_gpio_stm32l4.o(.text.EXTI3_IRQHandler) referenced from startup_stm32l476xx.o(RESET)
 <LI><a href="#[14]">EXTI4_IRQHandler</a> from smtc_hal_mcu_gpio_stm32l4.o(.text.EXTI4_IRQHandler) referenced from startup_stm32l476xx.o(RESET)
 <LI><a href="#[21]">EXTI9_5_IRQHandler</a> from smtc_hal_mcu_gpio_stm32l4.o(.text.EXTI9_5_IRQHandler) referenced from startup_stm32l476xx.o(RESET)
 <LI><a href="#[e]">FLASH_IRQHandler</a> from startup_stm32l476xx.o(.text) referenced from startup_stm32l476xx.o(RESET)
 <LI><a href="#[3a]">FMC_IRQHandler</a> from startup_stm32l476xx.o(.text) referenced from startup_stm32l476xx.o(RESET)
 <LI><a href="#[5a]">FPU_IRQHandler</a> from startup_stm32l476xx.o(.text) referenced from startup_stm32l476xx.o(RESET)
 <LI><a href="#[2]">HardFault_Handler</a> from startup_stm32l476xx.o(.text) referenced from startup_stm32l476xx.o(RESET)
 <LI><a href="#[2a]">I2C1_ER_IRQHandler</a> from startup_stm32l476xx.o(.text) referenced from startup_stm32l476xx.o(RESET)
 <LI><a href="#[29]">I2C1_EV_IRQHandler</a> from startup_stm32l476xx.o(.text) referenced from startup_stm32l476xx.o(RESET)
 <LI><a href="#[2c]">I2C2_ER_IRQHandler</a> from startup_stm32l476xx.o(.text) referenced from startup_stm32l476xx.o(RESET)
 <LI><a href="#[2b]">I2C2_EV_IRQHandler</a> from startup_stm32l476xx.o(.text) referenced from startup_stm32l476xx.o(RESET)
 <LI><a href="#[53]">I2C3_ER_IRQHandler</a> from startup_stm32l476xx.o(.text) referenced from startup_stm32l476xx.o(RESET)
 <LI><a href="#[52]">I2C3_EV_IRQHandler</a> from startup_stm32l476xx.o(.text) referenced from startup_stm32l476xx.o(RESET)
 <LI><a href="#[58]">LCD_IRQHandler</a> from startup_stm32l476xx.o(.text) referenced from startup_stm32l476xx.o(RESET)
 <LI><a href="#[4b]">LPTIM1_IRQHandler</a> from smtc_hal_mcu_timer_stm32l4.o(.text.LPTIM1_IRQHandler) referenced from startup_stm32l476xx.o(RESET)
 <LI><a href="#[4c]">LPTIM2_IRQHandler</a> from startup_stm32l476xx.o(.text) referenced from startup_stm32l476xx.o(RESET)
 <LI><a href="#[50]">LPUART1_IRQHandler</a> from startup_stm32l476xx.o(.text) referenced from startup_stm32l476xx.o(RESET)
 <LI><a href="#[3]">MemManage_Handler</a> from startup_stm32l476xx.o(.text) referenced from startup_stm32l476xx.o(RESET)
 <LI><a href="#[1]">NMI_Handler</a> from startup_stm32l476xx.o(.text) referenced from startup_stm32l476xx.o(RESET)
 <LI><a href="#[4d]">OTG_FS_IRQHandler</a> from startup_stm32l476xx.o(.text) referenced from startup_stm32l476xx.o(RESET)
 <LI><a href="#[b]">PVD_PVM_IRQHandler</a> from startup_stm32l476xx.o(.text) referenced from startup_stm32l476xx.o(RESET)
 <LI><a href="#[8]">PendSV_Handler</a> from startup_stm32l476xx.o(.text) referenced from startup_stm32l476xx.o(RESET)
 <LI><a href="#[51]">QUADSPI_IRQHandler</a> from startup_stm32l476xx.o(.text) referenced from startup_stm32l476xx.o(RESET)
 <LI><a href="#[f]">RCC_IRQHandler</a> from startup_stm32l476xx.o(.text) referenced from startup_stm32l476xx.o(RESET)
 <LI><a href="#[59]">RNG_IRQHandler</a> from startup_stm32l476xx.o(.text) referenced from startup_stm32l476xx.o(RESET)
 <LI><a href="#[33]">RTC_Alarm_IRQHandler</a> from startup_stm32l476xx.o(.text) referenced from startup_stm32l476xx.o(RESET)
 <LI><a href="#[d]">RTC_WKUP_IRQHandler</a> from startup_stm32l476xx.o(.text) referenced from startup_stm32l476xx.o(RESET)
 <LI><a href="#[0]">Reset_Handler</a> from startup_stm32l476xx.o(.text) referenced from startup_stm32l476xx.o(RESET)
 <LI><a href="#[54]">SAI1_IRQHandler</a> from startup_stm32l476xx.o(.text) referenced from startup_stm32l476xx.o(RESET)
 <LI><a href="#[55]">SAI2_IRQHandler</a> from startup_stm32l476xx.o(.text) referenced from startup_stm32l476xx.o(RESET)
 <LI><a href="#[3b]">SDMMC1_IRQHandler</a> from startup_stm32l476xx.o(.text) referenced from startup_stm32l476xx.o(RESET)
 <LI><a href="#[2d]">SPI1_IRQHandler</a> from startup_stm32l476xx.o(.text) referenced from startup_stm32l476xx.o(RESET)
 <LI><a href="#[2e]">SPI2_IRQHandler</a> from startup_stm32l476xx.o(.text) referenced from startup_stm32l476xx.o(RESET)
 <LI><a href="#[3d]">SPI3_IRQHandler</a> from startup_stm32l476xx.o(.text) referenced from startup_stm32l476xx.o(RESET)
 <LI><a href="#[6]">SVC_Handler</a> from startup_stm32l476xx.o(.text) referenced from startup_stm32l476xx.o(RESET)
 <LI><a href="#[56]">SWPMI1_IRQHandler</a> from startup_stm32l476xx.o(.text) referenced from startup_stm32l476xx.o(RESET)
 <LI><a href="#[9]">SysTick_Handler</a> from startup_stm32l476xx.o(.text) referenced from startup_stm32l476xx.o(RESET)
 <LI><a href="#[5c]">SystemInit</a> from system_stm32l4xx.o(.text.SystemInit) referenced from startup_stm32l476xx.o(.text)
 <LI><a href="#[c]">TAMP_STAMP_IRQHandler</a> from startup_stm32l476xx.o(.text) referenced from startup_stm32l476xx.o(RESET)
 <LI><a href="#[22]">TIM1_BRK_TIM15_IRQHandler</a> from startup_stm32l476xx.o(.text) referenced from startup_stm32l476xx.o(RESET)
 <LI><a href="#[25]">TIM1_CC_IRQHandler</a> from startup_stm32l476xx.o(.text) referenced from startup_stm32l476xx.o(RESET)
 <LI><a href="#[24]">TIM1_TRG_COM_TIM17_IRQHandler</a> from startup_stm32l476xx.o(.text) referenced from startup_stm32l476xx.o(RESET)
 <LI><a href="#[23]">TIM1_UP_TIM16_IRQHandler</a> from startup_stm32l476xx.o(.text) referenced from startup_stm32l476xx.o(RESET)
 <LI><a href="#[26]">TIM2_IRQHandler</a> from startup_stm32l476xx.o(.text) referenced from startup_stm32l476xx.o(RESET)
 <LI><a href="#[27]">TIM3_IRQHandler</a> from startup_stm32l476xx.o(.text) referenced from startup_stm32l476xx.o(RESET)
 <LI><a href="#[28]">TIM4_IRQHandler</a> from startup_stm32l476xx.o(.text) referenced from startup_stm32l476xx.o(RESET)
 <LI><a href="#[3c]">TIM5_IRQHandler</a> from startup_stm32l476xx.o(.text) referenced from startup_stm32l476xx.o(RESET)
 <LI><a href="#[40]">TIM6_DAC_IRQHandler</a> from startup_stm32l476xx.o(.text) referenced from startup_stm32l476xx.o(RESET)
 <LI><a href="#[41]">TIM7_IRQHandler</a> from startup_stm32l476xx.o(.text) referenced from startup_stm32l476xx.o(RESET)
 <LI><a href="#[35]">TIM8_BRK_IRQHandler</a> from startup_stm32l476xx.o(.text) referenced from startup_stm32l476xx.o(RESET)
 <LI><a href="#[38]">TIM8_CC_IRQHandler</a> from startup_stm32l476xx.o(.text) referenced from startup_stm32l476xx.o(RESET)
 <LI><a href="#[37]">TIM8_TRG_COM_IRQHandler</a> from startup_stm32l476xx.o(.text) referenced from startup_stm32l476xx.o(RESET)
 <LI><a href="#[36]">TIM8_UP_IRQHandler</a> from startup_stm32l476xx.o(.text) referenced from startup_stm32l476xx.o(RESET)
 <LI><a href="#[57]">TSC_IRQHandler</a> from startup_stm32l476xx.o(.text) referenced from startup_stm32l476xx.o(RESET)
 <LI><a href="#[3e]">UART4_IRQHandler</a> from startup_stm32l476xx.o(.text) referenced from startup_stm32l476xx.o(RESET)
 <LI><a href="#[3f]">UART5_IRQHandler</a> from startup_stm32l476xx.o(.text) referenced from startup_stm32l476xx.o(RESET)
 <LI><a href="#[2f]">USART1_IRQHandler</a> from startup_stm32l476xx.o(.text) referenced from startup_stm32l476xx.o(RESET)
 <LI><a href="#[30]">USART2_IRQHandler</a> from smtc_hal_mcu_uart_stm32l4.o(.text.USART2_IRQHandler) referenced from startup_stm32l476xx.o(RESET)
 <LI><a href="#[31]">USART3_IRQHandler</a> from startup_stm32l476xx.o(.text) referenced from startup_stm32l476xx.o(RESET)
 <LI><a href="#[5]">UsageFault_Handler</a> from startup_stm32l476xx.o(.text) referenced from startup_stm32l476xx.o(RESET)
 <LI><a href="#[a]">WWDG_IRQHandler</a> from startup_stm32l476xx.o(.text) referenced from startup_stm32l476xx.o(RESET)
 <LI><a href="#[5d]">__main</a> from entry.o(.ARM.Collect$$$$00000000) referenced from startup_stm32l476xx.o(.text)
 <LI><a href="#[5f]">_sputc</a> from printfa.o(i._sputc) referenced from printfa.o(i.__0vsprintf)
 <LI><a href="#[5b]">main</a> from main_per.o(.text.main) referenced from entry9a.o(.ARM.Collect$$$$0000000B)
 <LI><a href="#[5e]">radio_on_dio_irq</a> from apps_common.o(.text.radio_on_dio_irq) referenced 2 times from apps_common.o(.text.apps_common_lr11xx_get_context)
 <LI><a href="#[65]">smtc_shield_lr1120mb1dis_get_lfclk_cfg</a> from smtc_shield_lr1120mb1dis.o(.text.smtc_shield_lr1120mb1dis_get_lfclk_cfg) referenced from apps_common.o(.data.shield)
 <LI><a href="#[60]">smtc_shield_lr1120mb1dis_get_pa_pwr_cfg</a> from smtc_shield_lr1120mb1dis.o(.text.smtc_shield_lr1120mb1dis_get_pa_pwr_cfg) referenced from apps_common.o(.data.shield)
 <LI><a href="#[66]">smtc_shield_lr1120mb1dis_get_pinout</a> from smtc_shield_lr1120mb1dis.o(.text.smtc_shield_lr1120mb1dis_get_pinout) referenced from apps_common.o(.data.shield)
 <LI><a href="#[63]">smtc_shield_lr1120mb1dis_get_reg_mode</a> from smtc_shield_lr1120mb1dis.o(.text.smtc_shield_lr1120mb1dis_get_reg_mode) referenced from apps_common.o(.data.shield)
 <LI><a href="#[62]">smtc_shield_lr1120mb1dis_get_rf_switch_cfg</a> from smtc_shield_lr1120mb1dis.o(.text.smtc_shield_lr1120mb1dis_get_rf_switch_cfg) referenced from apps_common.o(.data.shield)
 <LI><a href="#[61]">smtc_shield_lr1120mb1dis_get_rssi_calibration_table</a> from smtc_shield_lr1120mb1dis.o(.text.smtc_shield_lr1120mb1dis_get_rssi_calibration_table) referenced from apps_common.o(.data.shield)
 <LI><a href="#[64]">smtc_shield_lr1120mb1dis_get_xosc_cfg</a> from smtc_shield_lr1120mb1dis.o(.text.smtc_shield_lr1120mb1dis_get_xosc_cfg) referenced from apps_common.o(.data.shield)
</UL>
<P>
<H3>
Global Symbols
</H3>
<P><STRONG><a name="[5d]"></a>__main</STRONG> (Thumb, 0 bytes, Stack size unknown bytes, entry.o(.ARM.Collect$$$$00000000))
<BR>[Address Reference Count : 1]<UL><LI> startup_stm32l476xx.o(.text)
</UL>
<P><STRONG><a name="[17c]"></a>_main_stk</STRONG> (Thumb, 0 bytes, Stack size unknown bytes, entry2.o(.ARM.Collect$$$$00000001))

<P><STRONG><a name="[67]"></a>_main_scatterload</STRONG> (Thumb, 0 bytes, Stack size unknown bytes, entry5.o(.ARM.Collect$$$$00000004))
<BR><BR>[Calls]<UL><LI><a href="#[68]">&gt;&gt;</a>&nbsp;&nbsp;&nbsp;__scatterload
</UL>

<P><STRONG><a name="[78]"></a>__main_after_scatterload</STRONG> (Thumb, 0 bytes, Stack size unknown bytes, entry5.o(.ARM.Collect$$$$00000004))
<BR><BR>[Called By]<UL><LI><a href="#[68]">&gt;&gt;</a>&nbsp;&nbsp;&nbsp;__scatterload
</UL>

<P><STRONG><a name="[17d]"></a>_main_clock</STRONG> (Thumb, 0 bytes, Stack size unknown bytes, entry7b.o(.ARM.Collect$$$$00000008))

<P><STRONG><a name="[17e]"></a>_main_cpp_init</STRONG> (Thumb, 0 bytes, Stack size unknown bytes, entry8b.o(.ARM.Collect$$$$0000000A))

<P><STRONG><a name="[17f]"></a>_main_init</STRONG> (Thumb, 0 bytes, Stack size unknown bytes, entry9a.o(.ARM.Collect$$$$0000000B))

<P><STRONG><a name="[180]"></a>__rt_final_cpp</STRONG> (Thumb, 0 bytes, Stack size unknown bytes, entry10a.o(.ARM.Collect$$$$0000000D))

<P><STRONG><a name="[181]"></a>__rt_final_exit</STRONG> (Thumb, 0 bytes, Stack size unknown bytes, entry11a.o(.ARM.Collect$$$$0000000F))

<P><STRONG><a name="[0]"></a>Reset_Handler</STRONG> (Thumb, 8 bytes, Stack size 0 bytes, startup_stm32l476xx.o(.text))
<BR>[Address Reference Count : 1]<UL><LI> startup_stm32l476xx.o(RESET)
</UL>
<P><STRONG><a name="[1]"></a>NMI_Handler</STRONG> (Thumb, 2 bytes, Stack size 0 bytes, startup_stm32l476xx.o(.text))
<BR><BR>[Calls]<UL><LI><a href="#[1]">&gt;&gt;</a>&nbsp;&nbsp;&nbsp;NMI_Handler
</UL>
<BR>[Called By]<UL><LI><a href="#[1]">&gt;&gt;</a>&nbsp;&nbsp;&nbsp;NMI_Handler
</UL>
<BR>[Address Reference Count : 1]<UL><LI> startup_stm32l476xx.o(RESET)
</UL>
<P><STRONG><a name="[2]"></a>HardFault_Handler</STRONG> (Thumb, 2 bytes, Stack size 0 bytes, startup_stm32l476xx.o(.text))
<BR><BR>[Calls]<UL><LI><a href="#[2]">&gt;&gt;</a>&nbsp;&nbsp;&nbsp;HardFault_Handler
</UL>
<BR>[Called By]<UL><LI><a href="#[2]">&gt;&gt;</a>&nbsp;&nbsp;&nbsp;HardFault_Handler
</UL>
<BR>[Address Reference Count : 1]<UL><LI> startup_stm32l476xx.o(RESET)
</UL>
<P><STRONG><a name="[3]"></a>MemManage_Handler</STRONG> (Thumb, 2 bytes, Stack size 0 bytes, startup_stm32l476xx.o(.text))
<BR><BR>[Calls]<UL><LI><a href="#[3]">&gt;&gt;</a>&nbsp;&nbsp;&nbsp;MemManage_Handler
</UL>
<BR>[Called By]<UL><LI><a href="#[3]">&gt;&gt;</a>&nbsp;&nbsp;&nbsp;MemManage_Handler
</UL>
<BR>[Address Reference Count : 1]<UL><LI> startup_stm32l476xx.o(RESET)
</UL>
<P><STRONG><a name="[4]"></a>BusFault_Handler</STRONG> (Thumb, 2 bytes, Stack size 0 bytes, startup_stm32l476xx.o(.text))
<BR><BR>[Calls]<UL><LI><a href="#[4]">&gt;&gt;</a>&nbsp;&nbsp;&nbsp;BusFault_Handler
</UL>
<BR>[Called By]<UL><LI><a href="#[4]">&gt;&gt;</a>&nbsp;&nbsp;&nbsp;BusFault_Handler
</UL>
<BR>[Address Reference Count : 1]<UL><LI> startup_stm32l476xx.o(RESET)
</UL>
<P><STRONG><a name="[5]"></a>UsageFault_Handler</STRONG> (Thumb, 2 bytes, Stack size 0 bytes, startup_stm32l476xx.o(.text))
<BR><BR>[Calls]<UL><LI><a href="#[5]">&gt;&gt;</a>&nbsp;&nbsp;&nbsp;UsageFault_Handler
</UL>
<BR>[Called By]<UL><LI><a href="#[5]">&gt;&gt;</a>&nbsp;&nbsp;&nbsp;UsageFault_Handler
</UL>
<BR>[Address Reference Count : 1]<UL><LI> startup_stm32l476xx.o(RESET)
</UL>
<P><STRONG><a name="[6]"></a>SVC_Handler</STRONG> (Thumb, 2 bytes, Stack size 0 bytes, startup_stm32l476xx.o(.text))
<BR><BR>[Calls]<UL><LI><a href="#[6]">&gt;&gt;</a>&nbsp;&nbsp;&nbsp;SVC_Handler
</UL>
<BR>[Called By]<UL><LI><a href="#[6]">&gt;&gt;</a>&nbsp;&nbsp;&nbsp;SVC_Handler
</UL>
<BR>[Address Reference Count : 1]<UL><LI> startup_stm32l476xx.o(RESET)
</UL>
<P><STRONG><a name="[7]"></a>DebugMon_Handler</STRONG> (Thumb, 2 bytes, Stack size 0 bytes, startup_stm32l476xx.o(.text))
<BR><BR>[Calls]<UL><LI><a href="#[7]">&gt;&gt;</a>&nbsp;&nbsp;&nbsp;DebugMon_Handler
</UL>
<BR>[Called By]<UL><LI><a href="#[7]">&gt;&gt;</a>&nbsp;&nbsp;&nbsp;DebugMon_Handler
</UL>
<BR>[Address Reference Count : 1]<UL><LI> startup_stm32l476xx.o(RESET)
</UL>
<P><STRONG><a name="[8]"></a>PendSV_Handler</STRONG> (Thumb, 2 bytes, Stack size 0 bytes, startup_stm32l476xx.o(.text))
<BR><BR>[Calls]<UL><LI><a href="#[8]">&gt;&gt;</a>&nbsp;&nbsp;&nbsp;PendSV_Handler
</UL>
<BR>[Called By]<UL><LI><a href="#[8]">&gt;&gt;</a>&nbsp;&nbsp;&nbsp;PendSV_Handler
</UL>
<BR>[Address Reference Count : 1]<UL><LI> startup_stm32l476xx.o(RESET)
</UL>
<P><STRONG><a name="[9]"></a>SysTick_Handler</STRONG> (Thumb, 2 bytes, Stack size 0 bytes, startup_stm32l476xx.o(.text))
<BR><BR>[Calls]<UL><LI><a href="#[9]">&gt;&gt;</a>&nbsp;&nbsp;&nbsp;SysTick_Handler
</UL>
<BR>[Called By]<UL><LI><a href="#[9]">&gt;&gt;</a>&nbsp;&nbsp;&nbsp;SysTick_Handler
</UL>
<BR>[Address Reference Count : 1]<UL><LI> startup_stm32l476xx.o(RESET)
</UL>
<P><STRONG><a name="[1c]"></a>ADC1_2_IRQHandler</STRONG> (Thumb, 0 bytes, Stack size 0 bytes, startup_stm32l476xx.o(.text))
<BR><BR>[Calls]<UL><LI><a href="#[1c]">&gt;&gt;</a>&nbsp;&nbsp;&nbsp;ADC1_2_IRQHandler
</UL>
<BR>[Called By]<UL><LI><a href="#[1c]">&gt;&gt;</a>&nbsp;&nbsp;&nbsp;ADC1_2_IRQHandler
</UL>
<BR>[Address Reference Count : 1]<UL><LI> startup_stm32l476xx.o(RESET)
</UL>
<P><STRONG><a name="[39]"></a>ADC3_IRQHandler</STRONG> (Thumb, 0 bytes, Stack size 0 bytes, startup_stm32l476xx.o(.text))
<BR>[Address Reference Count : 1]<UL><LI> startup_stm32l476xx.o(RESET)
</UL>
<P><STRONG><a name="[1e]"></a>CAN1_RX0_IRQHandler</STRONG> (Thumb, 0 bytes, Stack size 0 bytes, startup_stm32l476xx.o(.text))
<BR>[Address Reference Count : 1]<UL><LI> startup_stm32l476xx.o(RESET)
</UL>
<P><STRONG><a name="[1f]"></a>CAN1_RX1_IRQHandler</STRONG> (Thumb, 0 bytes, Stack size 0 bytes, startup_stm32l476xx.o(.text))
<BR>[Address Reference Count : 1]<UL><LI> startup_stm32l476xx.o(RESET)
</UL>
<P><STRONG><a name="[20]"></a>CAN1_SCE_IRQHandler</STRONG> (Thumb, 0 bytes, Stack size 0 bytes, startup_stm32l476xx.o(.text))
<BR>[Address Reference Count : 1]<UL><LI> startup_stm32l476xx.o(RESET)
</UL>
<P><STRONG><a name="[1d]"></a>CAN1_TX_IRQHandler</STRONG> (Thumb, 0 bytes, Stack size 0 bytes, startup_stm32l476xx.o(.text))
<BR>[Address Reference Count : 1]<UL><LI> startup_stm32l476xx.o(RESET)
</UL>
<P><STRONG><a name="[4a]"></a>COMP_IRQHandler</STRONG> (Thumb, 0 bytes, Stack size 0 bytes, startup_stm32l476xx.o(.text))
<BR>[Address Reference Count : 1]<UL><LI> startup_stm32l476xx.o(RESET)
</UL>
<P><STRONG><a name="[47]"></a>DFSDM1_FLT0_IRQHandler</STRONG> (Thumb, 0 bytes, Stack size 0 bytes, startup_stm32l476xx.o(.text))
<BR>[Address Reference Count : 1]<UL><LI> startup_stm32l476xx.o(RESET)
</UL>
<P><STRONG><a name="[48]"></a>DFSDM1_FLT1_IRQHandler</STRONG> (Thumb, 0 bytes, Stack size 0 bytes, startup_stm32l476xx.o(.text))
<BR>[Address Reference Count : 1]<UL><LI> startup_stm32l476xx.o(RESET)
</UL>
<P><STRONG><a name="[49]"></a>DFSDM1_FLT2_IRQHandler</STRONG> (Thumb, 0 bytes, Stack size 0 bytes, startup_stm32l476xx.o(.text))
<BR>[Address Reference Count : 1]<UL><LI> startup_stm32l476xx.o(RESET)
</UL>
<P><STRONG><a name="[34]"></a>DFSDM1_FLT3_IRQHandler</STRONG> (Thumb, 0 bytes, Stack size 0 bytes, startup_stm32l476xx.o(.text))
<BR>[Address Reference Count : 1]<UL><LI> startup_stm32l476xx.o(RESET)
</UL>
<P><STRONG><a name="[15]"></a>DMA1_Channel1_IRQHandler</STRONG> (Thumb, 0 bytes, Stack size 0 bytes, startup_stm32l476xx.o(.text))
<BR>[Address Reference Count : 1]<UL><LI> startup_stm32l476xx.o(RESET)
</UL>
<P><STRONG><a name="[16]"></a>DMA1_Channel2_IRQHandler</STRONG> (Thumb, 0 bytes, Stack size 0 bytes, startup_stm32l476xx.o(.text))
<BR>[Address Reference Count : 1]<UL><LI> startup_stm32l476xx.o(RESET)
</UL>
<P><STRONG><a name="[17]"></a>DMA1_Channel3_IRQHandler</STRONG> (Thumb, 0 bytes, Stack size 0 bytes, startup_stm32l476xx.o(.text))
<BR>[Address Reference Count : 1]<UL><LI> startup_stm32l476xx.o(RESET)
</UL>
<P><STRONG><a name="[18]"></a>DMA1_Channel4_IRQHandler</STRONG> (Thumb, 0 bytes, Stack size 0 bytes, startup_stm32l476xx.o(.text))
<BR>[Address Reference Count : 1]<UL><LI> startup_stm32l476xx.o(RESET)
</UL>
<P><STRONG><a name="[19]"></a>DMA1_Channel5_IRQHandler</STRONG> (Thumb, 0 bytes, Stack size 0 bytes, startup_stm32l476xx.o(.text))
<BR>[Address Reference Count : 1]<UL><LI> startup_stm32l476xx.o(RESET)
</UL>
<P><STRONG><a name="[1a]"></a>DMA1_Channel6_IRQHandler</STRONG> (Thumb, 0 bytes, Stack size 0 bytes, startup_stm32l476xx.o(.text))
<BR>[Address Reference Count : 1]<UL><LI> startup_stm32l476xx.o(RESET)
</UL>
<P><STRONG><a name="[1b]"></a>DMA1_Channel7_IRQHandler</STRONG> (Thumb, 0 bytes, Stack size 0 bytes, startup_stm32l476xx.o(.text))
<BR>[Address Reference Count : 1]<UL><LI> startup_stm32l476xx.o(RESET)
</UL>
<P><STRONG><a name="[42]"></a>DMA2_Channel1_IRQHandler</STRONG> (Thumb, 0 bytes, Stack size 0 bytes, startup_stm32l476xx.o(.text))
<BR>[Address Reference Count : 1]<UL><LI> startup_stm32l476xx.o(RESET)
</UL>
<P><STRONG><a name="[43]"></a>DMA2_Channel2_IRQHandler</STRONG> (Thumb, 0 bytes, Stack size 0 bytes, startup_stm32l476xx.o(.text))
<BR>[Address Reference Count : 1]<UL><LI> startup_stm32l476xx.o(RESET)
</UL>
<P><STRONG><a name="[44]"></a>DMA2_Channel3_IRQHandler</STRONG> (Thumb, 0 bytes, Stack size 0 bytes, startup_stm32l476xx.o(.text))
<BR>[Address Reference Count : 1]<UL><LI> startup_stm32l476xx.o(RESET)
</UL>
<P><STRONG><a name="[45]"></a>DMA2_Channel4_IRQHandler</STRONG> (Thumb, 0 bytes, Stack size 0 bytes, startup_stm32l476xx.o(.text))
<BR>[Address Reference Count : 1]<UL><LI> startup_stm32l476xx.o(RESET)
</UL>
<P><STRONG><a name="[46]"></a>DMA2_Channel5_IRQHandler</STRONG> (Thumb, 0 bytes, Stack size 0 bytes, startup_stm32l476xx.o(.text))
<BR>[Address Reference Count : 1]<UL><LI> startup_stm32l476xx.o(RESET)
</UL>
<P><STRONG><a name="[4e]"></a>DMA2_Channel6_IRQHandler</STRONG> (Thumb, 0 bytes, Stack size 0 bytes, startup_stm32l476xx.o(.text))
<BR>[Address Reference Count : 1]<UL><LI> startup_stm32l476xx.o(RESET)
</UL>
<P><STRONG><a name="[4f]"></a>DMA2_Channel7_IRQHandler</STRONG> (Thumb, 0 bytes, Stack size 0 bytes, startup_stm32l476xx.o(.text))
<BR>[Address Reference Count : 1]<UL><LI> startup_stm32l476xx.o(RESET)
</UL>
<P><STRONG><a name="[e]"></a>FLASH_IRQHandler</STRONG> (Thumb, 0 bytes, Stack size 0 bytes, startup_stm32l476xx.o(.text))
<BR>[Address Reference Count : 1]<UL><LI> startup_stm32l476xx.o(RESET)
</UL>
<P><STRONG><a name="[3a]"></a>FMC_IRQHandler</STRONG> (Thumb, 0 bytes, Stack size 0 bytes, startup_stm32l476xx.o(.text))
<BR>[Address Reference Count : 1]<UL><LI> startup_stm32l476xx.o(RESET)
</UL>
<P><STRONG><a name="[5a]"></a>FPU_IRQHandler</STRONG> (Thumb, 0 bytes, Stack size 0 bytes, startup_stm32l476xx.o(.text))
<BR>[Address Reference Count : 1]<UL><LI> startup_stm32l476xx.o(RESET)
</UL>
<P><STRONG><a name="[2a]"></a>I2C1_ER_IRQHandler</STRONG> (Thumb, 0 bytes, Stack size 0 bytes, startup_stm32l476xx.o(.text))
<BR>[Address Reference Count : 1]<UL><LI> startup_stm32l476xx.o(RESET)
</UL>
<P><STRONG><a name="[29]"></a>I2C1_EV_IRQHandler</STRONG> (Thumb, 0 bytes, Stack size 0 bytes, startup_stm32l476xx.o(.text))
<BR>[Address Reference Count : 1]<UL><LI> startup_stm32l476xx.o(RESET)
</UL>
<P><STRONG><a name="[2c]"></a>I2C2_ER_IRQHandler</STRONG> (Thumb, 0 bytes, Stack size 0 bytes, startup_stm32l476xx.o(.text))
<BR>[Address Reference Count : 1]<UL><LI> startup_stm32l476xx.o(RESET)
</UL>
<P><STRONG><a name="[2b]"></a>I2C2_EV_IRQHandler</STRONG> (Thumb, 0 bytes, Stack size 0 bytes, startup_stm32l476xx.o(.text))
<BR>[Address Reference Count : 1]<UL><LI> startup_stm32l476xx.o(RESET)
</UL>
<P><STRONG><a name="[53]"></a>I2C3_ER_IRQHandler</STRONG> (Thumb, 0 bytes, Stack size 0 bytes, startup_stm32l476xx.o(.text))
<BR>[Address Reference Count : 1]<UL><LI> startup_stm32l476xx.o(RESET)
</UL>
<P><STRONG><a name="[52]"></a>I2C3_EV_IRQHandler</STRONG> (Thumb, 0 bytes, Stack size 0 bytes, startup_stm32l476xx.o(.text))
<BR>[Address Reference Count : 1]<UL><LI> startup_stm32l476xx.o(RESET)
</UL>
<P><STRONG><a name="[58]"></a>LCD_IRQHandler</STRONG> (Thumb, 0 bytes, Stack size 0 bytes, startup_stm32l476xx.o(.text))
<BR>[Address Reference Count : 1]<UL><LI> startup_stm32l476xx.o(RESET)
</UL>
<P><STRONG><a name="[4c]"></a>LPTIM2_IRQHandler</STRONG> (Thumb, 0 bytes, Stack size 0 bytes, startup_stm32l476xx.o(.text))
<BR>[Address Reference Count : 1]<UL><LI> startup_stm32l476xx.o(RESET)
</UL>
<P><STRONG><a name="[50]"></a>LPUART1_IRQHandler</STRONG> (Thumb, 0 bytes, Stack size 0 bytes, startup_stm32l476xx.o(.text))
<BR>[Address Reference Count : 1]<UL><LI> startup_stm32l476xx.o(RESET)
</UL>
<P><STRONG><a name="[4d]"></a>OTG_FS_IRQHandler</STRONG> (Thumb, 0 bytes, Stack size 0 bytes, startup_stm32l476xx.o(.text))
<BR>[Address Reference Count : 1]<UL><LI> startup_stm32l476xx.o(RESET)
</UL>
<P><STRONG><a name="[b]"></a>PVD_PVM_IRQHandler</STRONG> (Thumb, 0 bytes, Stack size 0 bytes, startup_stm32l476xx.o(.text))
<BR>[Address Reference Count : 1]<UL><LI> startup_stm32l476xx.o(RESET)
</UL>
<P><STRONG><a name="[51]"></a>QUADSPI_IRQHandler</STRONG> (Thumb, 0 bytes, Stack size 0 bytes, startup_stm32l476xx.o(.text))
<BR>[Address Reference Count : 1]<UL><LI> startup_stm32l476xx.o(RESET)
</UL>
<P><STRONG><a name="[f]"></a>RCC_IRQHandler</STRONG> (Thumb, 0 bytes, Stack size 0 bytes, startup_stm32l476xx.o(.text))
<BR>[Address Reference Count : 1]<UL><LI> startup_stm32l476xx.o(RESET)
</UL>
<P><STRONG><a name="[59]"></a>RNG_IRQHandler</STRONG> (Thumb, 0 bytes, Stack size 0 bytes, startup_stm32l476xx.o(.text))
<BR>[Address Reference Count : 1]<UL><LI> startup_stm32l476xx.o(RESET)
</UL>
<P><STRONG><a name="[33]"></a>RTC_Alarm_IRQHandler</STRONG> (Thumb, 0 bytes, Stack size 0 bytes, startup_stm32l476xx.o(.text))
<BR>[Address Reference Count : 1]<UL><LI> startup_stm32l476xx.o(RESET)
</UL>
<P><STRONG><a name="[d]"></a>RTC_WKUP_IRQHandler</STRONG> (Thumb, 0 bytes, Stack size 0 bytes, startup_stm32l476xx.o(.text))
<BR>[Address Reference Count : 1]<UL><LI> startup_stm32l476xx.o(RESET)
</UL>
<P><STRONG><a name="[54]"></a>SAI1_IRQHandler</STRONG> (Thumb, 0 bytes, Stack size 0 bytes, startup_stm32l476xx.o(.text))
<BR>[Address Reference Count : 1]<UL><LI> startup_stm32l476xx.o(RESET)
</UL>
<P><STRONG><a name="[55]"></a>SAI2_IRQHandler</STRONG> (Thumb, 0 bytes, Stack size 0 bytes, startup_stm32l476xx.o(.text))
<BR>[Address Reference Count : 1]<UL><LI> startup_stm32l476xx.o(RESET)
</UL>
<P><STRONG><a name="[3b]"></a>SDMMC1_IRQHandler</STRONG> (Thumb, 0 bytes, Stack size 0 bytes, startup_stm32l476xx.o(.text))
<BR>[Address Reference Count : 1]<UL><LI> startup_stm32l476xx.o(RESET)
</UL>
<P><STRONG><a name="[2d]"></a>SPI1_IRQHandler</STRONG> (Thumb, 0 bytes, Stack size 0 bytes, startup_stm32l476xx.o(.text))
<BR>[Address Reference Count : 1]<UL><LI> startup_stm32l476xx.o(RESET)
</UL>
<P><STRONG><a name="[2e]"></a>SPI2_IRQHandler</STRONG> (Thumb, 0 bytes, Stack size 0 bytes, startup_stm32l476xx.o(.text))
<BR>[Address Reference Count : 1]<UL><LI> startup_stm32l476xx.o(RESET)
</UL>
<P><STRONG><a name="[3d]"></a>SPI3_IRQHandler</STRONG> (Thumb, 0 bytes, Stack size 0 bytes, startup_stm32l476xx.o(.text))
<BR>[Address Reference Count : 1]<UL><LI> startup_stm32l476xx.o(RESET)
</UL>
<P><STRONG><a name="[56]"></a>SWPMI1_IRQHandler</STRONG> (Thumb, 0 bytes, Stack size 0 bytes, startup_stm32l476xx.o(.text))
<BR>[Address Reference Count : 1]<UL><LI> startup_stm32l476xx.o(RESET)
</UL>
<P><STRONG><a name="[c]"></a>TAMP_STAMP_IRQHandler</STRONG> (Thumb, 0 bytes, Stack size 0 bytes, startup_stm32l476xx.o(.text))
<BR>[Address Reference Count : 1]<UL><LI> startup_stm32l476xx.o(RESET)
</UL>
<P><STRONG><a name="[22]"></a>TIM1_BRK_TIM15_IRQHandler</STRONG> (Thumb, 0 bytes, Stack size 0 bytes, startup_stm32l476xx.o(.text))
<BR>[Address Reference Count : 1]<UL><LI> startup_stm32l476xx.o(RESET)
</UL>
<P><STRONG><a name="[25]"></a>TIM1_CC_IRQHandler</STRONG> (Thumb, 0 bytes, Stack size 0 bytes, startup_stm32l476xx.o(.text))
<BR>[Address Reference Count : 1]<UL><LI> startup_stm32l476xx.o(RESET)
</UL>
<P><STRONG><a name="[24]"></a>TIM1_TRG_COM_TIM17_IRQHandler</STRONG> (Thumb, 0 bytes, Stack size 0 bytes, startup_stm32l476xx.o(.text))
<BR>[Address Reference Count : 1]<UL><LI> startup_stm32l476xx.o(RESET)
</UL>
<P><STRONG><a name="[23]"></a>TIM1_UP_TIM16_IRQHandler</STRONG> (Thumb, 0 bytes, Stack size 0 bytes, startup_stm32l476xx.o(.text))
<BR>[Address Reference Count : 1]<UL><LI> startup_stm32l476xx.o(RESET)
</UL>
<P><STRONG><a name="[26]"></a>TIM2_IRQHandler</STRONG> (Thumb, 0 bytes, Stack size 0 bytes, startup_stm32l476xx.o(.text))
<BR>[Address Reference Count : 1]<UL><LI> startup_stm32l476xx.o(RESET)
</UL>
<P><STRONG><a name="[27]"></a>TIM3_IRQHandler</STRONG> (Thumb, 0 bytes, Stack size 0 bytes, startup_stm32l476xx.o(.text))
<BR>[Address Reference Count : 1]<UL><LI> startup_stm32l476xx.o(RESET)
</UL>
<P><STRONG><a name="[28]"></a>TIM4_IRQHandler</STRONG> (Thumb, 0 bytes, Stack size 0 bytes, startup_stm32l476xx.o(.text))
<BR>[Address Reference Count : 1]<UL><LI> startup_stm32l476xx.o(RESET)
</UL>
<P><STRONG><a name="[3c]"></a>TIM5_IRQHandler</STRONG> (Thumb, 0 bytes, Stack size 0 bytes, startup_stm32l476xx.o(.text))
<BR>[Address Reference Count : 1]<UL><LI> startup_stm32l476xx.o(RESET)
</UL>
<P><STRONG><a name="[40]"></a>TIM6_DAC_IRQHandler</STRONG> (Thumb, 0 bytes, Stack size 0 bytes, startup_stm32l476xx.o(.text))
<BR>[Address Reference Count : 1]<UL><LI> startup_stm32l476xx.o(RESET)
</UL>
<P><STRONG><a name="[41]"></a>TIM7_IRQHandler</STRONG> (Thumb, 0 bytes, Stack size 0 bytes, startup_stm32l476xx.o(.text))
<BR>[Address Reference Count : 1]<UL><LI> startup_stm32l476xx.o(RESET)
</UL>
<P><STRONG><a name="[35]"></a>TIM8_BRK_IRQHandler</STRONG> (Thumb, 0 bytes, Stack size 0 bytes, startup_stm32l476xx.o(.text))
<BR>[Address Reference Count : 1]<UL><LI> startup_stm32l476xx.o(RESET)
</UL>
<P><STRONG><a name="[38]"></a>TIM8_CC_IRQHandler</STRONG> (Thumb, 0 bytes, Stack size 0 bytes, startup_stm32l476xx.o(.text))
<BR>[Address Reference Count : 1]<UL><LI> startup_stm32l476xx.o(RESET)
</UL>
<P><STRONG><a name="[37]"></a>TIM8_TRG_COM_IRQHandler</STRONG> (Thumb, 0 bytes, Stack size 0 bytes, startup_stm32l476xx.o(.text))
<BR>[Address Reference Count : 1]<UL><LI> startup_stm32l476xx.o(RESET)
</UL>
<P><STRONG><a name="[36]"></a>TIM8_UP_IRQHandler</STRONG> (Thumb, 0 bytes, Stack size 0 bytes, startup_stm32l476xx.o(.text))
<BR>[Address Reference Count : 1]<UL><LI> startup_stm32l476xx.o(RESET)
</UL>
<P><STRONG><a name="[57]"></a>TSC_IRQHandler</STRONG> (Thumb, 0 bytes, Stack size 0 bytes, startup_stm32l476xx.o(.text))
<BR>[Address Reference Count : 1]<UL><LI> startup_stm32l476xx.o(RESET)
</UL>
<P><STRONG><a name="[3e]"></a>UART4_IRQHandler</STRONG> (Thumb, 0 bytes, Stack size 0 bytes, startup_stm32l476xx.o(.text))
<BR>[Address Reference Count : 1]<UL><LI> startup_stm32l476xx.o(RESET)
</UL>
<P><STRONG><a name="[3f]"></a>UART5_IRQHandler</STRONG> (Thumb, 0 bytes, Stack size 0 bytes, startup_stm32l476xx.o(.text))
<BR>[Address Reference Count : 1]<UL><LI> startup_stm32l476xx.o(RESET)
</UL>
<P><STRONG><a name="[2f]"></a>USART1_IRQHandler</STRONG> (Thumb, 0 bytes, Stack size 0 bytes, startup_stm32l476xx.o(.text))
<BR>[Address Reference Count : 1]<UL><LI> startup_stm32l476xx.o(RESET)
</UL>
<P><STRONG><a name="[31]"></a>USART3_IRQHandler</STRONG> (Thumb, 0 bytes, Stack size 0 bytes, startup_stm32l476xx.o(.text))
<BR>[Address Reference Count : 1]<UL><LI> startup_stm32l476xx.o(RESET)
</UL>
<P><STRONG><a name="[a]"></a>WWDG_IRQHandler</STRONG> (Thumb, 0 bytes, Stack size 0 bytes, startup_stm32l476xx.o(.text))
<BR>[Address Reference Count : 1]<UL><LI> startup_stm32l476xx.o(RESET)
</UL>
<P><STRONG><a name="[69]"></a>__aeabi_uldivmod</STRONG> (Thumb, 98 bytes, Stack size 40 bytes, uldiv.o(.text), UNUSED)
<BR><BR>[Calls]<UL><LI><a href="#[6a]">&gt;&gt;</a>&nbsp;&nbsp;&nbsp;__aeabi_llsr
<LI><a href="#[6b]">&gt;&gt;</a>&nbsp;&nbsp;&nbsp;__aeabi_llsl
</UL>
<BR>[Called By]<UL><LI><a href="#[176]">&gt;&gt;</a>&nbsp;&nbsp;&nbsp;_printf_core
<LI><a href="#[177]">&gt;&gt;</a>&nbsp;&nbsp;&nbsp;_fp_digits
</UL>

<P><STRONG><a name="[6d]"></a>__aeabi_memset</STRONG> (Thumb, 14 bytes, Stack size 0 bytes, memseta.o(.text), UNUSED)
<BR><BR>[Called By]<UL><LI><a href="#[6e]">&gt;&gt;</a>&nbsp;&nbsp;&nbsp;_memset$wrapper
<LI><a href="#[6c]">&gt;&gt;</a>&nbsp;&nbsp;&nbsp;__aeabi_memclr
</UL>

<P><STRONG><a name="[182]"></a>__aeabi_memset4</STRONG> (Thumb, 0 bytes, Stack size 0 bytes, memseta.o(.text), UNUSED)

<P><STRONG><a name="[183]"></a>__aeabi_memset8</STRONG> (Thumb, 0 bytes, Stack size 0 bytes, memseta.o(.text), UNUSED)

<P><STRONG><a name="[6c]"></a>__aeabi_memclr</STRONG> (Thumb, 4 bytes, Stack size 0 bytes, memseta.o(.text), UNUSED)
<BR><BR>[Calls]<UL><LI><a href="#[6d]">&gt;&gt;</a>&nbsp;&nbsp;&nbsp;__aeabi_memset
</UL>

<P><STRONG><a name="[151]"></a>__aeabi_memclr4</STRONG> (Thumb, 0 bytes, Stack size 0 bytes, memseta.o(.text))
<BR><BR>[Called By]<UL><LI><a href="#[c3]">&gt;&gt;</a>&nbsp;&nbsp;&nbsp;smtc_hal_mcu_spi_init
</UL>

<P><STRONG><a name="[184]"></a>__aeabi_memclr8</STRONG> (Thumb, 0 bytes, Stack size 0 bytes, memseta.o(.text), UNUSED)

<P><STRONG><a name="[6e]"></a>_memset$wrapper</STRONG> (Thumb, 18 bytes, Stack size 8 bytes, memseta.o(.text), UNUSED)
<BR><BR>[Calls]<UL><LI><a href="#[6d]">&gt;&gt;</a>&nbsp;&nbsp;&nbsp;__aeabi_memset
</UL>

<P><STRONG><a name="[174]"></a>strlen</STRONG> (Thumb, 14 bytes, Stack size 0 bytes, strlen.o(.text))
<BR><BR>[Called By]<UL><LI><a href="#[100]">&gt;&gt;</a>&nbsp;&nbsp;&nbsp;vprint
</UL>

<P><STRONG><a name="[11c]"></a>memcmp</STRONG> (Thumb, 26 bytes, Stack size 12 bytes, memcmp.o(.text))
<BR><BR>[Stack]<UL><LI>Max Depth = 12<LI>Call Chain = memcmp
</UL>
<BR>[Called By]<UL><LI><a href="#[cf]">&gt;&gt;</a>&nbsp;&nbsp;&nbsp;on_rx_done
</UL>

<P><STRONG><a name="[185]"></a>__aeabi_uidiv</STRONG> (Thumb, 0 bytes, Stack size 12 bytes, uidiv.o(.text), UNUSED)

<P><STRONG><a name="[17b]"></a>__aeabi_uidivmod</STRONG> (Thumb, 44 bytes, Stack size 12 bytes, uidiv.o(.text), UNUSED)
<BR><BR>[Called By]<UL><LI><a href="#[176]">&gt;&gt;</a>&nbsp;&nbsp;&nbsp;_printf_core
</UL>

<P><STRONG><a name="[6b]"></a>__aeabi_llsl</STRONG> (Thumb, 30 bytes, Stack size 0 bytes, llshl.o(.text), UNUSED)
<BR><BR>[Called By]<UL><LI><a href="#[69]">&gt;&gt;</a>&nbsp;&nbsp;&nbsp;__aeabi_uldivmod
<LI><a href="#[71]">&gt;&gt;</a>&nbsp;&nbsp;&nbsp;_double_epilogue
<LI><a href="#[6f]">&gt;&gt;</a>&nbsp;&nbsp;&nbsp;__aeabi_dadd
<LI><a href="#[77]">&gt;&gt;</a>&nbsp;&nbsp;&nbsp;__aeabi_d2ulz
</UL>

<P><STRONG><a name="[186]"></a>_ll_shift_l</STRONG> (Thumb, 0 bytes, Stack size 0 bytes, llshl.o(.text), UNUSED)

<P><STRONG><a name="[6a]"></a>__aeabi_llsr</STRONG> (Thumb, 32 bytes, Stack size 0 bytes, llushr.o(.text), UNUSED)
<BR><BR>[Called By]<UL><LI><a href="#[69]">&gt;&gt;</a>&nbsp;&nbsp;&nbsp;__aeabi_uldivmod
<LI><a href="#[71]">&gt;&gt;</a>&nbsp;&nbsp;&nbsp;_double_epilogue
<LI><a href="#[77]">&gt;&gt;</a>&nbsp;&nbsp;&nbsp;__aeabi_d2ulz
</UL>

<P><STRONG><a name="[187]"></a>_ll_ushift_r</STRONG> (Thumb, 0 bytes, Stack size 0 bytes, llushr.o(.text), UNUSED)

<P><STRONG><a name="[188]"></a>__I$use$fp</STRONG> (Thumb, 0 bytes, Stack size 48 bytes, iusefp.o(.text), UNUSED)

<P><STRONG><a name="[6f]"></a>__aeabi_dadd</STRONG> (Thumb, 322 bytes, Stack size 48 bytes, dadd.o(.text), UNUSED)
<BR><BR>[Calls]<UL><LI><a href="#[70]">&gt;&gt;</a>&nbsp;&nbsp;&nbsp;__aeabi_lasr
<LI><a href="#[72]">&gt;&gt;</a>&nbsp;&nbsp;&nbsp;_double_round
<LI><a href="#[71]">&gt;&gt;</a>&nbsp;&nbsp;&nbsp;_double_epilogue
<LI><a href="#[6b]">&gt;&gt;</a>&nbsp;&nbsp;&nbsp;__aeabi_llsl
</UL>
<BR>[Called By]<UL><LI><a href="#[74]">&gt;&gt;</a>&nbsp;&nbsp;&nbsp;__aeabi_drsub
<LI><a href="#[73]">&gt;&gt;</a>&nbsp;&nbsp;&nbsp;__aeabi_dsub
<LI><a href="#[177]">&gt;&gt;</a>&nbsp;&nbsp;&nbsp;_fp_digits
</UL>

<P><STRONG><a name="[73]"></a>__aeabi_dsub</STRONG> (Thumb, 6 bytes, Stack size 0 bytes, dadd.o(.text), UNUSED)
<BR><BR>[Calls]<UL><LI><a href="#[6f]">&gt;&gt;</a>&nbsp;&nbsp;&nbsp;__aeabi_dadd
</UL>

<P><STRONG><a name="[74]"></a>__aeabi_drsub</STRONG> (Thumb, 6 bytes, Stack size 0 bytes, dadd.o(.text), UNUSED)
<BR><BR>[Calls]<UL><LI><a href="#[6f]">&gt;&gt;</a>&nbsp;&nbsp;&nbsp;__aeabi_dadd
</UL>

<P><STRONG><a name="[75]"></a>__aeabi_dmul</STRONG> (Thumb, 228 bytes, Stack size 48 bytes, dmul.o(.text), UNUSED)
<BR><BR>[Calls]<UL><LI><a href="#[71]">&gt;&gt;</a>&nbsp;&nbsp;&nbsp;_double_epilogue
</UL>
<BR>[Called By]<UL><LI><a href="#[177]">&gt;&gt;</a>&nbsp;&nbsp;&nbsp;_fp_digits
</UL>

<P><STRONG><a name="[76]"></a>__aeabi_ddiv</STRONG> (Thumb, 222 bytes, Stack size 32 bytes, ddiv.o(.text), UNUSED)
<BR><BR>[Calls]<UL><LI><a href="#[72]">&gt;&gt;</a>&nbsp;&nbsp;&nbsp;_double_round
</UL>
<BR>[Called By]<UL><LI><a href="#[177]">&gt;&gt;</a>&nbsp;&nbsp;&nbsp;_fp_digits
</UL>

<P><STRONG><a name="[77]"></a>__aeabi_d2ulz</STRONG> (Thumb, 48 bytes, Stack size 0 bytes, dfixul.o(.text), UNUSED)
<BR><BR>[Calls]<UL><LI><a href="#[6a]">&gt;&gt;</a>&nbsp;&nbsp;&nbsp;__aeabi_llsr
<LI><a href="#[6b]">&gt;&gt;</a>&nbsp;&nbsp;&nbsp;__aeabi_llsl
</UL>
<BR>[Called By]<UL><LI><a href="#[177]">&gt;&gt;</a>&nbsp;&nbsp;&nbsp;_fp_digits
</UL>

<P><STRONG><a name="[178]"></a>__aeabi_cdrcmple</STRONG> (Thumb, 48 bytes, Stack size 0 bytes, cdrcmple.o(.text), UNUSED)
<BR><BR>[Called By]<UL><LI><a href="#[177]">&gt;&gt;</a>&nbsp;&nbsp;&nbsp;_fp_digits
</UL>

<P><STRONG><a name="[68]"></a>__scatterload</STRONG> (Thumb, 28 bytes, Stack size 0 bytes, init.o(.text))
<BR><BR>[Calls]<UL><LI><a href="#[78]">&gt;&gt;</a>&nbsp;&nbsp;&nbsp;__main_after_scatterload
</UL>
<BR>[Called By]<UL><LI><a href="#[67]">&gt;&gt;</a>&nbsp;&nbsp;&nbsp;_main_scatterload
</UL>

<P><STRONG><a name="[189]"></a>__scatterload_rt2</STRONG> (Thumb, 0 bytes, Stack size 0 bytes, init.o(.text), UNUSED)

<P><STRONG><a name="[70]"></a>__aeabi_lasr</STRONG> (Thumb, 36 bytes, Stack size 0 bytes, llsshr.o(.text), UNUSED)
<BR><BR>[Called By]<UL><LI><a href="#[6f]">&gt;&gt;</a>&nbsp;&nbsp;&nbsp;__aeabi_dadd
</UL>

<P><STRONG><a name="[18a]"></a>_ll_sshift_r</STRONG> (Thumb, 0 bytes, Stack size 0 bytes, llsshr.o(.text), UNUSED)

<P><STRONG><a name="[72]"></a>_double_round</STRONG> (Thumb, 30 bytes, Stack size 8 bytes, depilogue.o(.text), UNUSED)
<BR><BR>[Called By]<UL><LI><a href="#[71]">&gt;&gt;</a>&nbsp;&nbsp;&nbsp;_double_epilogue
<LI><a href="#[76]">&gt;&gt;</a>&nbsp;&nbsp;&nbsp;__aeabi_ddiv
<LI><a href="#[6f]">&gt;&gt;</a>&nbsp;&nbsp;&nbsp;__aeabi_dadd
</UL>

<P><STRONG><a name="[71]"></a>_double_epilogue</STRONG> (Thumb, 156 bytes, Stack size 32 bytes, depilogue.o(.text), UNUSED)
<BR><BR>[Calls]<UL><LI><a href="#[72]">&gt;&gt;</a>&nbsp;&nbsp;&nbsp;_double_round
<LI><a href="#[6a]">&gt;&gt;</a>&nbsp;&nbsp;&nbsp;__aeabi_llsr
<LI><a href="#[6b]">&gt;&gt;</a>&nbsp;&nbsp;&nbsp;__aeabi_llsl
</UL>
<BR>[Called By]<UL><LI><a href="#[75]">&gt;&gt;</a>&nbsp;&nbsp;&nbsp;__aeabi_dmul
<LI><a href="#[6f]">&gt;&gt;</a>&nbsp;&nbsp;&nbsp;__aeabi_dadd
</UL>

<P><STRONG><a name="[10]"></a>EXTI0_IRQHandler</STRONG> (Thumb, 30 bytes, Stack size 8 bytes, smtc_hal_mcu_gpio_stm32l4.o(.text.EXTI0_IRQHandler))
<BR><BR>[Stack]<UL><LI>Max Depth = 8<LI>Call Chain = EXTI0_IRQHandler
</UL>
<BR>[Calls]<UL><LI><a href="#[7b]">&gt;&gt;</a>&nbsp;&nbsp;&nbsp;smtc_hal_mcu_gpio_stm32l4_call_exti_callback
<LI><a href="#[79]">&gt;&gt;</a>&nbsp;&nbsp;&nbsp;LL_EXTI_IsActiveFlag_0_31
<LI><a href="#[7a]">&gt;&gt;</a>&nbsp;&nbsp;&nbsp;LL_EXTI_ClearFlag_0_31
</UL>
<BR>[Address Reference Count : 1]<UL><LI> startup_stm32l476xx.o(RESET)
</UL>
<P><STRONG><a name="[32]"></a>EXTI15_10_IRQHandler</STRONG> (Thumb, 166 bytes, Stack size 8 bytes, smtc_hal_mcu_gpio_stm32l4.o(.text.EXTI15_10_IRQHandler))
<BR><BR>[Stack]<UL><LI>Max Depth = 8<LI>Call Chain = EXTI15_10_IRQHandler
</UL>
<BR>[Calls]<UL><LI><a href="#[7b]">&gt;&gt;</a>&nbsp;&nbsp;&nbsp;smtc_hal_mcu_gpio_stm32l4_call_exti_callback
<LI><a href="#[79]">&gt;&gt;</a>&nbsp;&nbsp;&nbsp;LL_EXTI_IsActiveFlag_0_31
<LI><a href="#[7a]">&gt;&gt;</a>&nbsp;&nbsp;&nbsp;LL_EXTI_ClearFlag_0_31
</UL>
<BR>[Address Reference Count : 1]<UL><LI> startup_stm32l476xx.o(RESET)
</UL>
<P><STRONG><a name="[11]"></a>EXTI1_IRQHandler</STRONG> (Thumb, 30 bytes, Stack size 8 bytes, smtc_hal_mcu_gpio_stm32l4.o(.text.EXTI1_IRQHandler))
<BR><BR>[Stack]<UL><LI>Max Depth = 8<LI>Call Chain = EXTI1_IRQHandler
</UL>
<BR>[Calls]<UL><LI><a href="#[7b]">&gt;&gt;</a>&nbsp;&nbsp;&nbsp;smtc_hal_mcu_gpio_stm32l4_call_exti_callback
<LI><a href="#[79]">&gt;&gt;</a>&nbsp;&nbsp;&nbsp;LL_EXTI_IsActiveFlag_0_31
<LI><a href="#[7a]">&gt;&gt;</a>&nbsp;&nbsp;&nbsp;LL_EXTI_ClearFlag_0_31
</UL>
<BR>[Address Reference Count : 1]<UL><LI> startup_stm32l476xx.o(RESET)
</UL>
<P><STRONG><a name="[12]"></a>EXTI2_IRQHandler</STRONG> (Thumb, 30 bytes, Stack size 8 bytes, smtc_hal_mcu_gpio_stm32l4.o(.text.EXTI2_IRQHandler))
<BR><BR>[Stack]<UL><LI>Max Depth = 8<LI>Call Chain = EXTI2_IRQHandler
</UL>
<BR>[Calls]<UL><LI><a href="#[7b]">&gt;&gt;</a>&nbsp;&nbsp;&nbsp;smtc_hal_mcu_gpio_stm32l4_call_exti_callback
<LI><a href="#[79]">&gt;&gt;</a>&nbsp;&nbsp;&nbsp;LL_EXTI_IsActiveFlag_0_31
<LI><a href="#[7a]">&gt;&gt;</a>&nbsp;&nbsp;&nbsp;LL_EXTI_ClearFlag_0_31
</UL>
<BR>[Address Reference Count : 1]<UL><LI> startup_stm32l476xx.o(RESET)
</UL>
<P><STRONG><a name="[13]"></a>EXTI3_IRQHandler</STRONG> (Thumb, 30 bytes, Stack size 8 bytes, smtc_hal_mcu_gpio_stm32l4.o(.text.EXTI3_IRQHandler))
<BR><BR>[Stack]<UL><LI>Max Depth = 8<LI>Call Chain = EXTI3_IRQHandler
</UL>
<BR>[Calls]<UL><LI><a href="#[7b]">&gt;&gt;</a>&nbsp;&nbsp;&nbsp;smtc_hal_mcu_gpio_stm32l4_call_exti_callback
<LI><a href="#[79]">&gt;&gt;</a>&nbsp;&nbsp;&nbsp;LL_EXTI_IsActiveFlag_0_31
<LI><a href="#[7a]">&gt;&gt;</a>&nbsp;&nbsp;&nbsp;LL_EXTI_ClearFlag_0_31
</UL>
<BR>[Address Reference Count : 1]<UL><LI> startup_stm32l476xx.o(RESET)
</UL>
<P><STRONG><a name="[14]"></a>EXTI4_IRQHandler</STRONG> (Thumb, 30 bytes, Stack size 8 bytes, smtc_hal_mcu_gpio_stm32l4.o(.text.EXTI4_IRQHandler))
<BR><BR>[Stack]<UL><LI>Max Depth = 8<LI>Call Chain = EXTI4_IRQHandler
</UL>
<BR>[Calls]<UL><LI><a href="#[7b]">&gt;&gt;</a>&nbsp;&nbsp;&nbsp;smtc_hal_mcu_gpio_stm32l4_call_exti_callback
<LI><a href="#[79]">&gt;&gt;</a>&nbsp;&nbsp;&nbsp;LL_EXTI_IsActiveFlag_0_31
<LI><a href="#[7a]">&gt;&gt;</a>&nbsp;&nbsp;&nbsp;LL_EXTI_ClearFlag_0_31
</UL>
<BR>[Address Reference Count : 1]<UL><LI> startup_stm32l476xx.o(RESET)
</UL>
<P><STRONG><a name="[21]"></a>EXTI9_5_IRQHandler</STRONG> (Thumb, 122 bytes, Stack size 8 bytes, smtc_hal_mcu_gpio_stm32l4.o(.text.EXTI9_5_IRQHandler))
<BR><BR>[Stack]<UL><LI>Max Depth = 8<LI>Call Chain = EXTI9_5_IRQHandler
</UL>
<BR>[Calls]<UL><LI><a href="#[7b]">&gt;&gt;</a>&nbsp;&nbsp;&nbsp;smtc_hal_mcu_gpio_stm32l4_call_exti_callback
<LI><a href="#[79]">&gt;&gt;</a>&nbsp;&nbsp;&nbsp;LL_EXTI_IsActiveFlag_0_31
<LI><a href="#[7a]">&gt;&gt;</a>&nbsp;&nbsp;&nbsp;LL_EXTI_ClearFlag_0_31
</UL>
<BR>[Address Reference Count : 1]<UL><LI> startup_stm32l476xx.o(RESET)
</UL>
<P><STRONG><a name="[7c]"></a>LL_EXTI_Init</STRONG> (Thumb, 254 bytes, Stack size 16 bytes, stm32l4xx_ll_exti.o(.text.LL_EXTI_Init))
<BR><BR>[Stack]<UL><LI>Max Depth = 16<LI>Call Chain = LL_EXTI_Init
</UL>
<BR>[Calls]<UL><LI><a href="#[8a]">&gt;&gt;</a>&nbsp;&nbsp;&nbsp;LL_EXTI_EnableRisingTrig_32_63
<LI><a href="#[84]">&gt;&gt;</a>&nbsp;&nbsp;&nbsp;LL_EXTI_EnableRisingTrig_0_31
<LI><a href="#[87]">&gt;&gt;</a>&nbsp;&nbsp;&nbsp;LL_EXTI_EnableIT_32_63
<LI><a href="#[7e]">&gt;&gt;</a>&nbsp;&nbsp;&nbsp;LL_EXTI_EnableIT_0_31
<LI><a href="#[8c]">&gt;&gt;</a>&nbsp;&nbsp;&nbsp;LL_EXTI_EnableFallingTrig_32_63
<LI><a href="#[86]">&gt;&gt;</a>&nbsp;&nbsp;&nbsp;LL_EXTI_EnableFallingTrig_0_31
<LI><a href="#[88]">&gt;&gt;</a>&nbsp;&nbsp;&nbsp;LL_EXTI_EnableEvent_32_63
<LI><a href="#[82]">&gt;&gt;</a>&nbsp;&nbsp;&nbsp;LL_EXTI_EnableEvent_0_31
<LI><a href="#[8b]">&gt;&gt;</a>&nbsp;&nbsp;&nbsp;LL_EXTI_DisableRisingTrig_32_63
<LI><a href="#[85]">&gt;&gt;</a>&nbsp;&nbsp;&nbsp;LL_EXTI_DisableRisingTrig_0_31
<LI><a href="#[80]">&gt;&gt;</a>&nbsp;&nbsp;&nbsp;LL_EXTI_DisableIT_32_63
<LI><a href="#[7f]">&gt;&gt;</a>&nbsp;&nbsp;&nbsp;LL_EXTI_DisableIT_0_31
<LI><a href="#[89]">&gt;&gt;</a>&nbsp;&nbsp;&nbsp;LL_EXTI_DisableFallingTrig_32_63
<LI><a href="#[83]">&gt;&gt;</a>&nbsp;&nbsp;&nbsp;LL_EXTI_DisableFallingTrig_0_31
<LI><a href="#[81]">&gt;&gt;</a>&nbsp;&nbsp;&nbsp;LL_EXTI_DisableEvent_32_63
<LI><a href="#[7d]">&gt;&gt;</a>&nbsp;&nbsp;&nbsp;LL_EXTI_DisableEvent_0_31
</UL>
<BR>[Called By]<UL><LI><a href="#[c0]">&gt;&gt;</a>&nbsp;&nbsp;&nbsp;smtc_hal_mcu_gpio_init_input
</UL>

<P><STRONG><a name="[8d]"></a>LL_GPIO_Init</STRONG> (Thumb, 128 bytes, Stack size 24 bytes, stm32l4xx_ll_gpio.o(.text.LL_GPIO_Init))
<BR><BR>[Stack]<UL><LI>Max Depth = 24<LI>Call Chain = LL_GPIO_Init
</UL>
<BR>[Calls]<UL><LI><a href="#[8e]">&gt;&gt;</a>&nbsp;&nbsp;&nbsp;LL_GPIO_SetPinSpeed
<LI><a href="#[90]">&gt;&gt;</a>&nbsp;&nbsp;&nbsp;LL_GPIO_SetPinPull
<LI><a href="#[8f]">&gt;&gt;</a>&nbsp;&nbsp;&nbsp;LL_GPIO_SetPinOutputType
<LI><a href="#[93]">&gt;&gt;</a>&nbsp;&nbsp;&nbsp;LL_GPIO_SetPinMode
<LI><a href="#[92]">&gt;&gt;</a>&nbsp;&nbsp;&nbsp;LL_GPIO_SetAFPin_8_15
<LI><a href="#[91]">&gt;&gt;</a>&nbsp;&nbsp;&nbsp;LL_GPIO_SetAFPin_0_7
</UL>
<BR>[Called By]<UL><LI><a href="#[c3]">&gt;&gt;</a>&nbsp;&nbsp;&nbsp;smtc_hal_mcu_spi_init
<LI><a href="#[c1]">&gt;&gt;</a>&nbsp;&nbsp;&nbsp;smtc_hal_mcu_gpio_init_output
<LI><a href="#[c0]">&gt;&gt;</a>&nbsp;&nbsp;&nbsp;smtc_hal_mcu_gpio_init_input
<LI><a href="#[15c]">&gt;&gt;</a>&nbsp;&nbsp;&nbsp;smtc_hal_mcu_uart_init
</UL>

<P><STRONG><a name="[14a]"></a>LL_Init1msTick</STRONG> (Thumb, 4 bytes, Stack size 0 bytes, stm32l4xx_ll_utils.o(.text.LL_Init1msTick))
<BR><BR>[Called By]<UL><LI><a href="#[119]">&gt;&gt;</a>&nbsp;&nbsp;&nbsp;smtc_hal_mcu_init
</UL>

<P><STRONG><a name="[94]"></a>LL_RCC_GetUARTClockFreq</STRONG> (Thumb, 128 bytes, Stack size 8 bytes, stm32l4xx_ll_rcc.o(.text.LL_RCC_GetUARTClockFreq))
<BR><BR>[Stack]<UL><LI>Max Depth = 24<LI>Call Chain = LL_RCC_GetUARTClockFreq &rArr; RCC_GetSystemClockFreq &rArr; RCC_PLL_GetFreqDomain_SYS
</UL>
<BR>[Calls]<UL><LI><a href="#[96]">&gt;&gt;</a>&nbsp;&nbsp;&nbsp;RCC_GetSystemClockFreq
<LI><a href="#[98]">&gt;&gt;</a>&nbsp;&nbsp;&nbsp;RCC_GetPCLK1ClockFreq
<LI><a href="#[97]">&gt;&gt;</a>&nbsp;&nbsp;&nbsp;RCC_GetHCLKClockFreq
<LI><a href="#[9a]">&gt;&gt;</a>&nbsp;&nbsp;&nbsp;LL_RCC_LSE_IsReady
<LI><a href="#[99]">&gt;&gt;</a>&nbsp;&nbsp;&nbsp;LL_RCC_HSI_IsReady
<LI><a href="#[95]">&gt;&gt;</a>&nbsp;&nbsp;&nbsp;LL_RCC_GetUARTClockSource
</UL>
<BR>[Called By]<UL><LI><a href="#[a3]">&gt;&gt;</a>&nbsp;&nbsp;&nbsp;LL_USART_Init
</UL>

<P><STRONG><a name="[9b]"></a>LL_RCC_GetUSARTClockFreq</STRONG> (Thumb, 174 bytes, Stack size 8 bytes, stm32l4xx_ll_rcc.o(.text.LL_RCC_GetUSARTClockFreq))
<BR><BR>[Stack]<UL><LI>Max Depth = 24<LI>Call Chain = LL_RCC_GetUSARTClockFreq &rArr; RCC_GetSystemClockFreq &rArr; RCC_PLL_GetFreqDomain_SYS
</UL>
<BR>[Calls]<UL><LI><a href="#[96]">&gt;&gt;</a>&nbsp;&nbsp;&nbsp;RCC_GetSystemClockFreq
<LI><a href="#[9d]">&gt;&gt;</a>&nbsp;&nbsp;&nbsp;RCC_GetPCLK2ClockFreq
<LI><a href="#[98]">&gt;&gt;</a>&nbsp;&nbsp;&nbsp;RCC_GetPCLK1ClockFreq
<LI><a href="#[97]">&gt;&gt;</a>&nbsp;&nbsp;&nbsp;RCC_GetHCLKClockFreq
<LI><a href="#[9a]">&gt;&gt;</a>&nbsp;&nbsp;&nbsp;LL_RCC_LSE_IsReady
<LI><a href="#[99]">&gt;&gt;</a>&nbsp;&nbsp;&nbsp;LL_RCC_HSI_IsReady
<LI><a href="#[9c]">&gt;&gt;</a>&nbsp;&nbsp;&nbsp;LL_RCC_GetUSARTClockSource
</UL>
<BR>[Called By]<UL><LI><a href="#[a3]">&gt;&gt;</a>&nbsp;&nbsp;&nbsp;LL_USART_Init
</UL>

<P><STRONG><a name="[9e]"></a>LL_SPI_Init</STRONG> (Thumb, 120 bytes, Stack size 16 bytes, stm32l4xx_ll_spi.o(.text.LL_SPI_Init))
<BR><BR>[Stack]<UL><LI>Max Depth = 16<LI>Call Chain = LL_SPI_Init
</UL>
<BR>[Calls]<UL><LI><a href="#[a0]">&gt;&gt;</a>&nbsp;&nbsp;&nbsp;LL_SPI_SetRxFIFOThreshold
<LI><a href="#[a1]">&gt;&gt;</a>&nbsp;&nbsp;&nbsp;LL_SPI_SetCRCPolynomial
<LI><a href="#[9f]">&gt;&gt;</a>&nbsp;&nbsp;&nbsp;LL_SPI_IsEnabled
</UL>
<BR>[Called By]<UL><LI><a href="#[c3]">&gt;&gt;</a>&nbsp;&nbsp;&nbsp;smtc_hal_mcu_spi_init
</UL>

<P><STRONG><a name="[14b]"></a>LL_SetSystemCoreClock</STRONG> (Thumb, 12 bytes, Stack size 0 bytes, stm32l4xx_ll_utils.o(.text.LL_SetSystemCoreClock))
<BR><BR>[Called By]<UL><LI><a href="#[119]">&gt;&gt;</a>&nbsp;&nbsp;&nbsp;smtc_hal_mcu_init
</UL>

<P><STRONG><a name="[a3]"></a>LL_USART_Init</STRONG> (Thumb, 190 bytes, Stack size 16 bytes, stm32l4xx_ll_usart.o(.text.LL_USART_Init))
<BR><BR>[Stack]<UL><LI>Max Depth = 40<LI>Call Chain = LL_USART_Init &rArr; LL_RCC_GetUSARTClockFreq &rArr; RCC_GetSystemClockFreq &rArr; RCC_PLL_GetFreqDomain_SYS
</UL>
<BR>[Calls]<UL><LI><a href="#[9b]">&gt;&gt;</a>&nbsp;&nbsp;&nbsp;LL_RCC_GetUSARTClockFreq
<LI><a href="#[94]">&gt;&gt;</a>&nbsp;&nbsp;&nbsp;LL_RCC_GetUARTClockFreq
<LI><a href="#[a5]">&gt;&gt;</a>&nbsp;&nbsp;&nbsp;LL_USART_SetStopBitsLength
<LI><a href="#[a6]">&gt;&gt;</a>&nbsp;&nbsp;&nbsp;LL_USART_SetHWFlowCtrl
<LI><a href="#[a7]">&gt;&gt;</a>&nbsp;&nbsp;&nbsp;LL_USART_SetBaudRate
<LI><a href="#[a4]">&gt;&gt;</a>&nbsp;&nbsp;&nbsp;LL_USART_IsEnabled
</UL>
<BR>[Called By]<UL><LI><a href="#[15c]">&gt;&gt;</a>&nbsp;&nbsp;&nbsp;smtc_hal_mcu_uart_init
</UL>

<P><STRONG><a name="[106]"></a>LL_mDelay</STRONG> (Thumb, 40 bytes, Stack size 4 bytes, stm32l4xx_ll_utils.o(.text.LL_mDelay))
<BR><BR>[Stack]<UL><LI>Max Depth = 4<LI>Call Chain = LL_mDelay
</UL>
<BR>[Called By]<UL><LI><a href="#[cb]">&gt;&gt;</a>&nbsp;&nbsp;&nbsp;on_tx_done
<LI><a href="#[105]">&gt;&gt;</a>&nbsp;&nbsp;&nbsp;lr11xx_hal_reset
</UL>

<P><STRONG><a name="[4b]"></a>LPTIM1_IRQHandler</STRONG> (Thumb, 50 bytes, Stack size 8 bytes, smtc_hal_mcu_timer_stm32l4.o(.text.LPTIM1_IRQHandler))
<BR><BR>[Stack]<UL><LI>Max Depth = 8<LI>Call Chain = LPTIM1_IRQHandler
</UL>
<BR>[Calls]<UL><LI><a href="#[a8]">&gt;&gt;</a>&nbsp;&nbsp;&nbsp;LL_LPTIM_IsActiveFlag_ARRM
<LI><a href="#[a9]">&gt;&gt;</a>&nbsp;&nbsp;&nbsp;LL_LPTIM_ClearFLAG_ARRM
</UL>
<BR>[Address Reference Count : 1]<UL><LI> startup_stm32l476xx.o(RESET)
</UL>
<P><STRONG><a name="[5c]"></a>SystemInit</STRONG> (Thumb, 18 bytes, Stack size 0 bytes, system_stm32l4xx.o(.text.SystemInit))
<BR>[Address Reference Count : 1]<UL><LI> startup_stm32l476xx.o(.text)
</UL>
<P><STRONG><a name="[30]"></a>USART2_IRQHandler</STRONG> (Thumb, 58 bytes, Stack size 8 bytes, smtc_hal_mcu_uart_stm32l4.o(.text.USART2_IRQHandler))
<BR><BR>[Stack]<UL><LI>Max Depth = 8<LI>Call Chain = USART2_IRQHandler
</UL>
<BR>[Calls]<UL><LI><a href="#[b8]">&gt;&gt;</a>&nbsp;&nbsp;&nbsp;LL_USART_ReceiveData8
<LI><a href="#[b7]">&gt;&gt;</a>&nbsp;&nbsp;&nbsp;LL_USART_IsEnabledIT_RXNE
<LI><a href="#[b6]">&gt;&gt;</a>&nbsp;&nbsp;&nbsp;LL_USART_IsActiveFlag_RXNE
</UL>
<BR>[Address Reference Count : 1]<UL><LI> startup_stm32l476xx.o(RESET)
</UL>
<P><STRONG><a name="[b9]"></a>apps_common_lr11xx_fetch_and_print_version</STRONG> (Thumb, 22 bytes, Stack size 16 bytes, apps_common.o(.text.apps_common_lr11xx_fetch_and_print_version))
<BR><BR>[Stack]<UL><LI>Max Depth = 360<LI>Call Chain = apps_common_lr11xx_fetch_and_print_version &rArr; apps_common_lr11xx_print_version &rArr; hal_mcu_trace_print &rArr; vprint &rArr; smtc_hal_mcu_uart_send
</UL>
<BR>[Calls]<UL><LI><a href="#[bb]">&gt;&gt;</a>&nbsp;&nbsp;&nbsp;apps_common_lr11xx_print_version
<LI><a href="#[ba]">&gt;&gt;</a>&nbsp;&nbsp;&nbsp;apps_common_lr11xx_fetch_version
</UL>
<BR>[Called By]<UL><LI><a href="#[5b]">&gt;&gt;</a>&nbsp;&nbsp;&nbsp;main
</UL>

<P><STRONG><a name="[ba]"></a>apps_common_lr11xx_fetch_version</STRONG> (Thumb, 132 bytes, Stack size 16 bytes, apps_common.o(.text.apps_common_lr11xx_fetch_version))
<BR><BR>[Stack]<UL><LI>Max Depth = 336<LI>Call Chain = apps_common_lr11xx_fetch_version &rArr; hal_mcu_trace_print &rArr; vprint &rArr; smtc_hal_mcu_uart_send
</UL>
<BR>[Calls]<UL><LI><a href="#[bc]">&gt;&gt;</a>&nbsp;&nbsp;&nbsp;lr11xx_system_get_version
<LI><a href="#[bd]">&gt;&gt;</a>&nbsp;&nbsp;&nbsp;hal_mcu_trace_print
</UL>
<BR>[Called By]<UL><LI><a href="#[b9]">&gt;&gt;</a>&nbsp;&nbsp;&nbsp;apps_common_lr11xx_fetch_and_print_version
</UL>

<P><STRONG><a name="[be]"></a>apps_common_lr11xx_get_context</STRONG> (Thumb, 174 bytes, Stack size 32 bytes, apps_common.o(.text.apps_common_lr11xx_get_context))
<BR><BR>[Stack]<UL><LI>Max Depth = 136<LI>Call Chain = apps_common_lr11xx_get_context &rArr; smtc_hal_mcu_gpio_init_input &rArr; LL_GPIO_Init
</UL>
<BR>[Calls]<UL><LI><a href="#[bf]">&gt;&gt;</a>&nbsp;&nbsp;&nbsp;smtc_shield_pinout_mapping_get_gpio_cfg
<LI><a href="#[c3]">&gt;&gt;</a>&nbsp;&nbsp;&nbsp;smtc_hal_mcu_spi_init
<LI><a href="#[c1]">&gt;&gt;</a>&nbsp;&nbsp;&nbsp;smtc_hal_mcu_gpio_init_output
<LI><a href="#[c0]">&gt;&gt;</a>&nbsp;&nbsp;&nbsp;smtc_hal_mcu_gpio_init_input
<LI><a href="#[c2]">&gt;&gt;</a>&nbsp;&nbsp;&nbsp;smtc_hal_mcu_gpio_enable_irq
</UL>
<BR>[Called By]<UL><LI><a href="#[5b]">&gt;&gt;</a>&nbsp;&nbsp;&nbsp;main
</UL>

<P><STRONG><a name="[c4]"></a>apps_common_lr11xx_handle_post_rx</STRONG> (Thumb, 42 bytes, Stack size 8 bytes, apps_common.o(.text.apps_common_lr11xx_handle_post_rx))
<BR><BR>[Stack]<UL><LI>Max Depth = 24<LI>Call Chain = apps_common_lr11xx_handle_post_rx &rArr; smtc_hal_mcu_gpio_set_state
</UL>
<BR>[Calls]<UL><LI><a href="#[c5]">&gt;&gt;</a>&nbsp;&nbsp;&nbsp;smtc_hal_mcu_gpio_set_state
</UL>
<BR>[Called By]<UL><LI><a href="#[cf]">&gt;&gt;</a>&nbsp;&nbsp;&nbsp;on_rx_done
<LI><a href="#[11b]">&gt;&gt;</a>&nbsp;&nbsp;&nbsp;per_reception_failure_handling
</UL>

<P><STRONG><a name="[c6]"></a>apps_common_lr11xx_handle_post_tx</STRONG> (Thumb, 42 bytes, Stack size 8 bytes, apps_common.o(.text.apps_common_lr11xx_handle_post_tx))
<BR><BR>[Stack]<UL><LI>Max Depth = 24<LI>Call Chain = apps_common_lr11xx_handle_post_tx &rArr; smtc_hal_mcu_gpio_set_state
</UL>
<BR>[Calls]<UL><LI><a href="#[c5]">&gt;&gt;</a>&nbsp;&nbsp;&nbsp;smtc_hal_mcu_gpio_set_state
</UL>
<BR>[Called By]<UL><LI><a href="#[cb]">&gt;&gt;</a>&nbsp;&nbsp;&nbsp;on_tx_done
</UL>

<P><STRONG><a name="[c7]"></a>apps_common_lr11xx_handle_pre_rx</STRONG> (Thumb, 42 bytes, Stack size 8 bytes, apps_common.o(.text.apps_common_lr11xx_handle_pre_rx))
<BR><BR>[Stack]<UL><LI>Max Depth = 24<LI>Call Chain = apps_common_lr11xx_handle_pre_rx &rArr; smtc_hal_mcu_gpio_set_state
</UL>
<BR>[Calls]<UL><LI><a href="#[c5]">&gt;&gt;</a>&nbsp;&nbsp;&nbsp;smtc_hal_mcu_gpio_set_state
</UL>
<BR>[Called By]<UL><LI><a href="#[cf]">&gt;&gt;</a>&nbsp;&nbsp;&nbsp;on_rx_done
<LI><a href="#[5b]">&gt;&gt;</a>&nbsp;&nbsp;&nbsp;main
<LI><a href="#[11b]">&gt;&gt;</a>&nbsp;&nbsp;&nbsp;per_reception_failure_handling
</UL>

<P><STRONG><a name="[c8]"></a>apps_common_lr11xx_handle_pre_tx</STRONG> (Thumb, 42 bytes, Stack size 8 bytes, apps_common.o(.text.apps_common_lr11xx_handle_pre_tx))
<BR><BR>[Stack]<UL><LI>Max Depth = 24<LI>Call Chain = apps_common_lr11xx_handle_pre_tx &rArr; smtc_hal_mcu_gpio_set_state
</UL>
<BR>[Calls]<UL><LI><a href="#[c5]">&gt;&gt;</a>&nbsp;&nbsp;&nbsp;smtc_hal_mcu_gpio_set_state
</UL>
<BR>[Called By]<UL><LI><a href="#[cb]">&gt;&gt;</a>&nbsp;&nbsp;&nbsp;on_tx_done
</UL>

<P><STRONG><a name="[c9]"></a>apps_common_lr11xx_irq_process</STRONG> (Thumb, 1048 bytes, Stack size 24 bytes, apps_common.o(.text.apps_common_lr11xx_irq_process))
<BR><BR>[Stack]<UL><LI>Max Depth = 408<LI>Call Chain = apps_common_lr11xx_irq_process &rArr; on_rx_done &rArr; apps_common_lr11xx_receive &rArr; hal_mcu_trace_print &rArr; vprint &rArr; smtc_hal_mcu_uart_send
</UL>
<BR>[Calls]<UL><LI><a href="#[d6]">&gt;&gt;</a>&nbsp;&nbsp;&nbsp;on_wifi_scan_done
<LI><a href="#[ce]">&gt;&gt;</a>&nbsp;&nbsp;&nbsp;on_syncword_header_valid
<LI><a href="#[cc]">&gt;&gt;</a>&nbsp;&nbsp;&nbsp;on_preamble_detected
<LI><a href="#[d5]">&gt;&gt;</a>&nbsp;&nbsp;&nbsp;on_lora_rx_timestamp
<LI><a href="#[cd]">&gt;&gt;</a>&nbsp;&nbsp;&nbsp;on_header_error
<LI><a href="#[d7]">&gt;&gt;</a>&nbsp;&nbsp;&nbsp;on_gnss_scan_done
<LI><a href="#[d2]">&gt;&gt;</a>&nbsp;&nbsp;&nbsp;on_cad_done_undetected
<LI><a href="#[d3]">&gt;&gt;</a>&nbsp;&nbsp;&nbsp;on_cad_done_detected
<LI><a href="#[ca]">&gt;&gt;</a>&nbsp;&nbsp;&nbsp;lr11xx_system_get_and_clear_irq_status
<LI><a href="#[bd]">&gt;&gt;</a>&nbsp;&nbsp;&nbsp;hal_mcu_trace_print
<LI><a href="#[cb]">&gt;&gt;</a>&nbsp;&nbsp;&nbsp;on_tx_done
<LI><a href="#[d4]">&gt;&gt;</a>&nbsp;&nbsp;&nbsp;on_rx_timeout
<LI><a href="#[cf]">&gt;&gt;</a>&nbsp;&nbsp;&nbsp;on_rx_done
<LI><a href="#[d0]">&gt;&gt;</a>&nbsp;&nbsp;&nbsp;on_rx_crc_error
<LI><a href="#[d1]">&gt;&gt;</a>&nbsp;&nbsp;&nbsp;on_fsk_len_error
</UL>
<BR>[Called By]<UL><LI><a href="#[5b]">&gt;&gt;</a>&nbsp;&nbsp;&nbsp;main
</UL>

<P><STRONG><a name="[bb]"></a>apps_common_lr11xx_print_version</STRONG> (Thumb, 484 bytes, Stack size 24 bytes, apps_common.o(.text.apps_common_lr11xx_print_version))
<BR><BR>[Stack]<UL><LI>Max Depth = 344<LI>Call Chain = apps_common_lr11xx_print_version &rArr; hal_mcu_trace_print &rArr; vprint &rArr; smtc_hal_mcu_uart_send
</UL>
<BR>[Calls]<UL><LI><a href="#[bd]">&gt;&gt;</a>&nbsp;&nbsp;&nbsp;hal_mcu_trace_print
</UL>
<BR>[Called By]<UL><LI><a href="#[b9]">&gt;&gt;</a>&nbsp;&nbsp;&nbsp;apps_common_lr11xx_fetch_and_print_version
</UL>

<P><STRONG><a name="[d8]"></a>apps_common_lr11xx_radio_init</STRONG> (Thumb, 1026 bytes, Stack size 24 bytes, apps_common.o(.text.apps_common_lr11xx_radio_init))
<BR><BR>[Stack]<UL><LI>Max Depth = 368<LI>Call Chain = apps_common_lr11xx_radio_init &rArr; print_lora_configuration &rArr; hal_mcu_trace_print &rArr; vprint &rArr; smtc_hal_mcu_uart_send
</UL>
<BR>[Calls]<UL><LI><a href="#[e3]">&gt;&gt;</a>&nbsp;&nbsp;&nbsp;print_lora_configuration
<LI><a href="#[da]">&gt;&gt;</a>&nbsp;&nbsp;&nbsp;print_common_configuration
<LI><a href="#[e0]">&gt;&gt;</a>&nbsp;&nbsp;&nbsp;lr11xx_radio_set_tx_params
<LI><a href="#[e1]">&gt;&gt;</a>&nbsp;&nbsp;&nbsp;lr11xx_radio_set_rx_tx_fallback_mode
<LI><a href="#[de]">&gt;&gt;</a>&nbsp;&nbsp;&nbsp;lr11xx_radio_set_rssi_calibration
<LI><a href="#[dc]">&gt;&gt;</a>&nbsp;&nbsp;&nbsp;lr11xx_radio_set_rf_freq
<LI><a href="#[db]">&gt;&gt;</a>&nbsp;&nbsp;&nbsp;lr11xx_radio_set_pkt_type
<LI><a href="#[df]">&gt;&gt;</a>&nbsp;&nbsp;&nbsp;lr11xx_radio_set_pa_cfg
<LI><a href="#[e6]">&gt;&gt;</a>&nbsp;&nbsp;&nbsp;lr11xx_radio_set_lora_sync_word
<LI><a href="#[e5]">&gt;&gt;</a>&nbsp;&nbsp;&nbsp;lr11xx_radio_set_lora_pkt_params
<LI><a href="#[e4]">&gt;&gt;</a>&nbsp;&nbsp;&nbsp;lr11xx_radio_set_lora_mod_params
<LI><a href="#[e2]">&gt;&gt;</a>&nbsp;&nbsp;&nbsp;lr11xx_radio_cfg_rx_boosted
<LI><a href="#[bd]">&gt;&gt;</a>&nbsp;&nbsp;&nbsp;hal_mcu_trace_print
<LI><a href="#[dd]">&gt;&gt;</a>&nbsp;&nbsp;&nbsp;smtc_shield_lr11xx_get_rssi_calibration_table
<LI><a href="#[d9]">&gt;&gt;</a>&nbsp;&nbsp;&nbsp;smtc_shield_lr11xx_get_pa_pwr_cfg
</UL>
<BR>[Called By]<UL><LI><a href="#[5b]">&gt;&gt;</a>&nbsp;&nbsp;&nbsp;main
</UL>

<P><STRONG><a name="[e7]"></a>apps_common_lr11xx_receive</STRONG> (Thumb, 456 bytes, Stack size 40 bytes, apps_common.o(.text.apps_common_lr11xx_receive))
<BR><BR>[Stack]<UL><LI>Max Depth = 360<LI>Call Chain = apps_common_lr11xx_receive &rArr; hal_mcu_trace_print &rArr; vprint &rArr; smtc_hal_mcu_uart_send
</UL>
<BR>[Calls]<UL><LI><a href="#[e9]">&gt;&gt;</a>&nbsp;&nbsp;&nbsp;lr11xx_regmem_read_buffer8
<LI><a href="#[e8]">&gt;&gt;</a>&nbsp;&nbsp;&nbsp;lr11xx_radio_get_rx_buffer_status
<LI><a href="#[ea]">&gt;&gt;</a>&nbsp;&nbsp;&nbsp;lr11xx_radio_get_lora_pkt_status
<LI><a href="#[bd]">&gt;&gt;</a>&nbsp;&nbsp;&nbsp;hal_mcu_trace_print
</UL>
<BR>[Called By]<UL><LI><a href="#[cf]">&gt;&gt;</a>&nbsp;&nbsp;&nbsp;on_rx_done
</UL>

<P><STRONG><a name="[eb]"></a>apps_common_lr11xx_system_init</STRONG> (Thumb, 934 bytes, Stack size 16 bytes, apps_common.o(.text.apps_common_lr11xx_system_init))
<BR><BR>[Stack]<UL><LI>Max Depth = 336<LI>Call Chain = apps_common_lr11xx_system_init &rArr; hal_mcu_trace_print &rArr; vprint &rArr; smtc_hal_mcu_uart_send
</UL>
<BR>[Calls]<UL><LI><a href="#[f2]">&gt;&gt;</a>&nbsp;&nbsp;&nbsp;lr11xx_system_set_tcxo_mode
<LI><a href="#[ee]">&gt;&gt;</a>&nbsp;&nbsp;&nbsp;lr11xx_system_set_reg_mode
<LI><a href="#[f0]">&gt;&gt;</a>&nbsp;&nbsp;&nbsp;lr11xx_system_set_dio_as_rf_switch
<LI><a href="#[ec]">&gt;&gt;</a>&nbsp;&nbsp;&nbsp;lr11xx_system_reset
<LI><a href="#[f7]">&gt;&gt;</a>&nbsp;&nbsp;&nbsp;lr11xx_system_get_errors
<LI><a href="#[f8]">&gt;&gt;</a>&nbsp;&nbsp;&nbsp;lr11xx_system_clear_irq_status
<LI><a href="#[f5]">&gt;&gt;</a>&nbsp;&nbsp;&nbsp;lr11xx_system_clear_errors
<LI><a href="#[f4]">&gt;&gt;</a>&nbsp;&nbsp;&nbsp;lr11xx_system_cfg_lfclk
<LI><a href="#[f6]">&gt;&gt;</a>&nbsp;&nbsp;&nbsp;lr11xx_system_calibrate
<LI><a href="#[bd]">&gt;&gt;</a>&nbsp;&nbsp;&nbsp;hal_mcu_trace_print
<LI><a href="#[f1]">&gt;&gt;</a>&nbsp;&nbsp;&nbsp;smtc_shield_lr11xx_get_xosc_cfg
<LI><a href="#[ef]">&gt;&gt;</a>&nbsp;&nbsp;&nbsp;smtc_shield_lr11xx_get_rf_switch_cfg
<LI><a href="#[ed]">&gt;&gt;</a>&nbsp;&nbsp;&nbsp;smtc_shield_lr11xx_get_reg_mode
<LI><a href="#[f3]">&gt;&gt;</a>&nbsp;&nbsp;&nbsp;smtc_shield_lr11xx_get_lfclk_cfg
</UL>
<BR>[Called By]<UL><LI><a href="#[5b]">&gt;&gt;</a>&nbsp;&nbsp;&nbsp;main
</UL>

<P><STRONG><a name="[f9]"></a>apps_common_print_sdk_driver_version</STRONG> (Thumb, 62 bytes, Stack size 8 bytes, apps_common.o(.text.apps_common_print_sdk_driver_version))
<BR><BR>[Stack]<UL><LI>Max Depth = 336<LI>Call Chain = apps_common_print_sdk_driver_version &rArr; common_version_print &rArr; hal_mcu_trace_print &rArr; vprint &rArr; smtc_hal_mcu_uart_send
</UL>
<BR>[Calls]<UL><LI><a href="#[bd]">&gt;&gt;</a>&nbsp;&nbsp;&nbsp;hal_mcu_trace_print
<LI><a href="#[fa]">&gt;&gt;</a>&nbsp;&nbsp;&nbsp;common_version_print
<LI><a href="#[fb]">&gt;&gt;</a>&nbsp;&nbsp;&nbsp;print_driver_version
</UL>
<BR>[Called By]<UL><LI><a href="#[5b]">&gt;&gt;</a>&nbsp;&nbsp;&nbsp;main
</UL>

<P><STRONG><a name="[fc]"></a>apps_common_shield_init</STRONG> (Thumb, 170 bytes, Stack size 8 bytes, apps_common.o(.text.apps_common_shield_init))
<BR><BR>[Stack]<UL><LI>Max Depth = 80<LI>Call Chain = apps_common_shield_init &rArr; smtc_hal_mcu_gpio_init_output &rArr; LL_GPIO_Init
</UL>
<BR>[Calls]<UL><LI><a href="#[bf]">&gt;&gt;</a>&nbsp;&nbsp;&nbsp;smtc_shield_pinout_mapping_get_gpio_cfg
<LI><a href="#[c1]">&gt;&gt;</a>&nbsp;&nbsp;&nbsp;smtc_hal_mcu_gpio_init_output
<LI><a href="#[fd]">&gt;&gt;</a>&nbsp;&nbsp;&nbsp;smtc_shield_lr11xx_get_pinout
</UL>
<BR>[Called By]<UL><LI><a href="#[5b]">&gt;&gt;</a>&nbsp;&nbsp;&nbsp;main
</UL>

<P><STRONG><a name="[fa]"></a>common_version_print</STRONG> (Thumb, 96 bytes, Stack size 8 bytes, common_version.o(.text.common_version_print))
<BR><BR>[Stack]<UL><LI>Max Depth = 328<LI>Call Chain = common_version_print &rArr; hal_mcu_trace_print &rArr; vprint &rArr; smtc_hal_mcu_uart_send
</UL>
<BR>[Calls]<UL><LI><a href="#[bd]">&gt;&gt;</a>&nbsp;&nbsp;&nbsp;hal_mcu_trace_print
</UL>
<BR>[Called By]<UL><LI><a href="#[f9]">&gt;&gt;</a>&nbsp;&nbsp;&nbsp;apps_common_print_sdk_driver_version
</UL>

<P><STRONG><a name="[fe]"></a>get_time_on_air_in_ms</STRONG> (Thumb, 20 bytes, Stack size 0 bytes, apps_common.o(.text.get_time_on_air_in_ms))
<BR><BR>[Stack]<UL><LI>Max Depth = 32<LI>Call Chain = get_time_on_air_in_ms &rArr; lr11xx_radio_get_lora_time_on_air_in_ms &rArr; lr11xx_radio_get_lora_time_on_air_numerator
</UL>
<BR>[Calls]<UL><LI><a href="#[ff]">&gt;&gt;</a>&nbsp;&nbsp;&nbsp;lr11xx_radio_get_lora_time_on_air_in_ms
</UL>
<BR>[Called By]<UL><LI><a href="#[5b]">&gt;&gt;</a>&nbsp;&nbsp;&nbsp;main
</UL>

<P><STRONG><a name="[bd]"></a>hal_mcu_trace_print</STRONG> (Thumb, 32 bytes, Stack size 24 bytes, smtc_hal_dbg_trace.o(.text.hal_mcu_trace_print))
<BR><BR>[Stack]<UL><LI>Max Depth = 320<LI>Call Chain = hal_mcu_trace_print &rArr; vprint &rArr; smtc_hal_mcu_uart_send
</UL>
<BR>[Calls]<UL><LI><a href="#[100]">&gt;&gt;</a>&nbsp;&nbsp;&nbsp;vprint
</UL>
<BR>[Called By]<UL><LI><a href="#[e3]">&gt;&gt;</a>&nbsp;&nbsp;&nbsp;print_lora_configuration
<LI><a href="#[da]">&gt;&gt;</a>&nbsp;&nbsp;&nbsp;print_common_configuration
<LI><a href="#[d6]">&gt;&gt;</a>&nbsp;&nbsp;&nbsp;on_wifi_scan_done
<LI><a href="#[ce]">&gt;&gt;</a>&nbsp;&nbsp;&nbsp;on_syncword_header_valid
<LI><a href="#[cc]">&gt;&gt;</a>&nbsp;&nbsp;&nbsp;on_preamble_detected
<LI><a href="#[d5]">&gt;&gt;</a>&nbsp;&nbsp;&nbsp;on_lora_rx_timestamp
<LI><a href="#[cd]">&gt;&gt;</a>&nbsp;&nbsp;&nbsp;on_header_error
<LI><a href="#[d7]">&gt;&gt;</a>&nbsp;&nbsp;&nbsp;on_gnss_scan_done
<LI><a href="#[d2]">&gt;&gt;</a>&nbsp;&nbsp;&nbsp;on_cad_done_undetected
<LI><a href="#[d3]">&gt;&gt;</a>&nbsp;&nbsp;&nbsp;on_cad_done_detected
<LI><a href="#[fa]">&gt;&gt;</a>&nbsp;&nbsp;&nbsp;common_version_print
<LI><a href="#[f9]">&gt;&gt;</a>&nbsp;&nbsp;&nbsp;apps_common_print_sdk_driver_version
<LI><a href="#[eb]">&gt;&gt;</a>&nbsp;&nbsp;&nbsp;apps_common_lr11xx_system_init
<LI><a href="#[e7]">&gt;&gt;</a>&nbsp;&nbsp;&nbsp;apps_common_lr11xx_receive
<LI><a href="#[d8]">&gt;&gt;</a>&nbsp;&nbsp;&nbsp;apps_common_lr11xx_radio_init
<LI><a href="#[bb]">&gt;&gt;</a>&nbsp;&nbsp;&nbsp;apps_common_lr11xx_print_version
<LI><a href="#[c9]">&gt;&gt;</a>&nbsp;&nbsp;&nbsp;apps_common_lr11xx_irq_process
<LI><a href="#[ba]">&gt;&gt;</a>&nbsp;&nbsp;&nbsp;apps_common_lr11xx_fetch_version
<LI><a href="#[fb]">&gt;&gt;</a>&nbsp;&nbsp;&nbsp;print_driver_version
<LI><a href="#[cb]">&gt;&gt;</a>&nbsp;&nbsp;&nbsp;on_tx_done
<LI><a href="#[cf]">&gt;&gt;</a>&nbsp;&nbsp;&nbsp;on_rx_done
<LI><a href="#[5b]">&gt;&gt;</a>&nbsp;&nbsp;&nbsp;main
<LI><a href="#[11b]">&gt;&gt;</a>&nbsp;&nbsp;&nbsp;per_reception_failure_handling
</UL>

<P><STRONG><a name="[11f]"></a>lr11xx_driver_version_get_version_string</STRONG> (Thumb, 12 bytes, Stack size 0 bytes, lr11xx_driver_version.o(.text.lr11xx_driver_version_get_version_string))
<BR><BR>[Called By]<UL><LI><a href="#[fb]">&gt;&gt;</a>&nbsp;&nbsp;&nbsp;print_driver_version
</UL>

<P><STRONG><a name="[101]"></a>lr11xx_hal_direct_read</STRONG> (Thumb, 44 bytes, Stack size 16 bytes, lr11xx_hal.o(.text.lr11xx_hal_direct_read))
<BR><BR>[Stack]<UL><LI>Max Depth = 56<LI>Call Chain = lr11xx_hal_direct_read &rArr; lr11xx_hal_wait_on_busy &rArr; smtc_hal_mcu_gpio_get_state
</UL>
<BR>[Calls]<UL><LI><a href="#[c5]">&gt;&gt;</a>&nbsp;&nbsp;&nbsp;smtc_hal_mcu_gpio_set_state
<LI><a href="#[102]">&gt;&gt;</a>&nbsp;&nbsp;&nbsp;lr11xx_hal_wait_on_busy
<LI><a href="#[103]">&gt;&gt;</a>&nbsp;&nbsp;&nbsp;smtc_hal_mcu_spi_rw_buffer
</UL>
<BR>[Called By]<UL><LI><a href="#[115]">&gt;&gt;</a>&nbsp;&nbsp;&nbsp;lr11xx_system_get_status
</UL>

<P><STRONG><a name="[104]"></a>lr11xx_hal_read</STRONG> (Thumb, 112 bytes, Stack size 24 bytes, lr11xx_hal.o(.text.lr11xx_hal_read))
<BR><BR>[Stack]<UL><LI>Max Depth = 64<LI>Call Chain = lr11xx_hal_read &rArr; lr11xx_hal_wait_on_busy &rArr; smtc_hal_mcu_gpio_get_state
</UL>
<BR>[Calls]<UL><LI><a href="#[c5]">&gt;&gt;</a>&nbsp;&nbsp;&nbsp;smtc_hal_mcu_gpio_set_state
<LI><a href="#[102]">&gt;&gt;</a>&nbsp;&nbsp;&nbsp;lr11xx_hal_wait_on_busy
<LI><a href="#[103]">&gt;&gt;</a>&nbsp;&nbsp;&nbsp;smtc_hal_mcu_spi_rw_buffer
</UL>
<BR>[Called By]<UL><LI><a href="#[bc]">&gt;&gt;</a>&nbsp;&nbsp;&nbsp;lr11xx_system_get_version
<LI><a href="#[f7]">&gt;&gt;</a>&nbsp;&nbsp;&nbsp;lr11xx_system_get_errors
<LI><a href="#[e9]">&gt;&gt;</a>&nbsp;&nbsp;&nbsp;lr11xx_regmem_read_buffer8
<LI><a href="#[e8]">&gt;&gt;</a>&nbsp;&nbsp;&nbsp;lr11xx_radio_get_rx_buffer_status
<LI><a href="#[ea]">&gt;&gt;</a>&nbsp;&nbsp;&nbsp;lr11xx_radio_get_lora_pkt_status
</UL>

<P><STRONG><a name="[105]"></a>lr11xx_hal_reset</STRONG> (Thumb, 30 bytes, Stack size 8 bytes, lr11xx_hal.o(.text.lr11xx_hal_reset))
<BR><BR>[Stack]<UL><LI>Max Depth = 24<LI>Call Chain = lr11xx_hal_reset &rArr; smtc_hal_mcu_gpio_set_state
</UL>
<BR>[Calls]<UL><LI><a href="#[c5]">&gt;&gt;</a>&nbsp;&nbsp;&nbsp;smtc_hal_mcu_gpio_set_state
<LI><a href="#[106]">&gt;&gt;</a>&nbsp;&nbsp;&nbsp;LL_mDelay
</UL>
<BR>[Called By]<UL><LI><a href="#[ec]">&gt;&gt;</a>&nbsp;&nbsp;&nbsp;lr11xx_system_reset
</UL>

<P><STRONG><a name="[102]"></a>lr11xx_hal_wait_on_busy</STRONG> (Thumb, 32 bytes, Stack size 24 bytes, lr11xx_hal.o(.text.lr11xx_hal_wait_on_busy))
<BR><BR>[Stack]<UL><LI>Max Depth = 40<LI>Call Chain = lr11xx_hal_wait_on_busy &rArr; smtc_hal_mcu_gpio_get_state
</UL>
<BR>[Calls]<UL><LI><a href="#[107]">&gt;&gt;</a>&nbsp;&nbsp;&nbsp;smtc_hal_mcu_gpio_get_state
</UL>
<BR>[Called By]<UL><LI><a href="#[108]">&gt;&gt;</a>&nbsp;&nbsp;&nbsp;lr11xx_hal_write
<LI><a href="#[104]">&gt;&gt;</a>&nbsp;&nbsp;&nbsp;lr11xx_hal_read
<LI><a href="#[101]">&gt;&gt;</a>&nbsp;&nbsp;&nbsp;lr11xx_hal_direct_read
</UL>

<P><STRONG><a name="[108]"></a>lr11xx_hal_write</STRONG> (Thumb, 62 bytes, Stack size 24 bytes, lr11xx_hal.o(.text.lr11xx_hal_write))
<BR><BR>[Stack]<UL><LI>Max Depth = 64<LI>Call Chain = lr11xx_hal_write &rArr; lr11xx_hal_wait_on_busy &rArr; smtc_hal_mcu_gpio_get_state
</UL>
<BR>[Calls]<UL><LI><a href="#[c5]">&gt;&gt;</a>&nbsp;&nbsp;&nbsp;smtc_hal_mcu_gpio_set_state
<LI><a href="#[102]">&gt;&gt;</a>&nbsp;&nbsp;&nbsp;lr11xx_hal_wait_on_busy
<LI><a href="#[103]">&gt;&gt;</a>&nbsp;&nbsp;&nbsp;smtc_hal_mcu_spi_rw_buffer
</UL>
<BR>[Called By]<UL><LI><a href="#[f2]">&gt;&gt;</a>&nbsp;&nbsp;&nbsp;lr11xx_system_set_tcxo_mode
<LI><a href="#[ee]">&gt;&gt;</a>&nbsp;&nbsp;&nbsp;lr11xx_system_set_reg_mode
<LI><a href="#[f0]">&gt;&gt;</a>&nbsp;&nbsp;&nbsp;lr11xx_system_set_dio_as_rf_switch
<LI><a href="#[f8]">&gt;&gt;</a>&nbsp;&nbsp;&nbsp;lr11xx_system_clear_irq_status
<LI><a href="#[f5]">&gt;&gt;</a>&nbsp;&nbsp;&nbsp;lr11xx_system_clear_errors
<LI><a href="#[f4]">&gt;&gt;</a>&nbsp;&nbsp;&nbsp;lr11xx_system_cfg_lfclk
<LI><a href="#[f6]">&gt;&gt;</a>&nbsp;&nbsp;&nbsp;lr11xx_system_calibrate
<LI><a href="#[e0]">&gt;&gt;</a>&nbsp;&nbsp;&nbsp;lr11xx_radio_set_tx_params
<LI><a href="#[e1]">&gt;&gt;</a>&nbsp;&nbsp;&nbsp;lr11xx_radio_set_rx_tx_fallback_mode
<LI><a href="#[de]">&gt;&gt;</a>&nbsp;&nbsp;&nbsp;lr11xx_radio_set_rssi_calibration
<LI><a href="#[dc]">&gt;&gt;</a>&nbsp;&nbsp;&nbsp;lr11xx_radio_set_rf_freq
<LI><a href="#[db]">&gt;&gt;</a>&nbsp;&nbsp;&nbsp;lr11xx_radio_set_pkt_type
<LI><a href="#[df]">&gt;&gt;</a>&nbsp;&nbsp;&nbsp;lr11xx_radio_set_pa_cfg
<LI><a href="#[e6]">&gt;&gt;</a>&nbsp;&nbsp;&nbsp;lr11xx_radio_set_lora_sync_word
<LI><a href="#[e5]">&gt;&gt;</a>&nbsp;&nbsp;&nbsp;lr11xx_radio_set_lora_pkt_params
<LI><a href="#[e4]">&gt;&gt;</a>&nbsp;&nbsp;&nbsp;lr11xx_radio_set_lora_mod_params
<LI><a href="#[e2]">&gt;&gt;</a>&nbsp;&nbsp;&nbsp;lr11xx_radio_cfg_rx_boosted
<LI><a href="#[118]">&gt;&gt;</a>&nbsp;&nbsp;&nbsp;lr11xx_system_set_dio_irq_params
<LI><a href="#[112]">&gt;&gt;</a>&nbsp;&nbsp;&nbsp;lr11xx_regmem_write_buffer8
<LI><a href="#[10a]">&gt;&gt;</a>&nbsp;&nbsp;&nbsp;lr11xx_regmem_write_regmem32_mask
<LI><a href="#[111]">&gt;&gt;</a>&nbsp;&nbsp;&nbsp;lr11xx_radio_set_tx_with_timeout_in_rtc_step
<LI><a href="#[10f]">&gt;&gt;</a>&nbsp;&nbsp;&nbsp;lr11xx_radio_set_rx_with_timeout_in_rtc_step
</UL>

<P><STRONG><a name="[109]"></a>lr11xx_radio_apply_high_acp_workaround</STRONG> (Thumb, 16 bytes, Stack size 0 bytes, lr11xx_radio.o(.text.lr11xx_radio_apply_high_acp_workaround))
<BR><BR>[Stack]<UL><LI>Max Depth = 104<LI>Call Chain = lr11xx_radio_apply_high_acp_workaround &rArr; lr11xx_regmem_write_regmem32_mask &rArr; lr11xx_hal_write &rArr; lr11xx_hal_wait_on_busy &rArr; smtc_hal_mcu_gpio_get_state
</UL>
<BR>[Calls]<UL><LI><a href="#[10a]">&gt;&gt;</a>&nbsp;&nbsp;&nbsp;lr11xx_regmem_write_regmem32_mask
</UL>
<BR>[Called By]<UL><LI><a href="#[111]">&gt;&gt;</a>&nbsp;&nbsp;&nbsp;lr11xx_radio_set_tx_with_timeout_in_rtc_step
<LI><a href="#[10f]">&gt;&gt;</a>&nbsp;&nbsp;&nbsp;lr11xx_radio_set_rx_with_timeout_in_rtc_step
</UL>

<P><STRONG><a name="[e2]"></a>lr11xx_radio_cfg_rx_boosted</STRONG> (Thumb, 36 bytes, Stack size 16 bytes, lr11xx_radio.o(.text.lr11xx_radio_cfg_rx_boosted))
<BR><BR>[Stack]<UL><LI>Max Depth = 80<LI>Call Chain = lr11xx_radio_cfg_rx_boosted &rArr; lr11xx_hal_write &rArr; lr11xx_hal_wait_on_busy &rArr; smtc_hal_mcu_gpio_get_state
</UL>
<BR>[Calls]<UL><LI><a href="#[108]">&gt;&gt;</a>&nbsp;&nbsp;&nbsp;lr11xx_hal_write
</UL>
<BR>[Called By]<UL><LI><a href="#[d8]">&gt;&gt;</a>&nbsp;&nbsp;&nbsp;apps_common_lr11xx_radio_init
</UL>

<P><STRONG><a name="[10e]"></a>lr11xx_radio_convert_time_in_ms_to_rtc_step</STRONG> (Thumb, 18 bytes, Stack size 0 bytes, lr11xx_radio.o(.text.lr11xx_radio_convert_time_in_ms_to_rtc_step))
<BR><BR>[Called By]<UL><LI><a href="#[110]">&gt;&gt;</a>&nbsp;&nbsp;&nbsp;lr11xx_radio_set_tx
<LI><a href="#[10d]">&gt;&gt;</a>&nbsp;&nbsp;&nbsp;lr11xx_radio_set_rx
</UL>

<P><STRONG><a name="[11e]"></a>lr11xx_radio_fallback_modes_to_str</STRONG> (Thumb, 34 bytes, Stack size 0 bytes, lr11xx_radio_types_str.o(.text.lr11xx_radio_fallback_modes_to_str))
<BR><BR>[Called By]<UL><LI><a href="#[da]">&gt;&gt;</a>&nbsp;&nbsp;&nbsp;print_common_configuration
</UL>

<P><STRONG><a name="[10c]"></a>lr11xx_radio_get_lora_bw_in_hz</STRONG> (Thumb, 80 bytes, Stack size 0 bytes, lr11xx_radio.o(.text.lr11xx_radio_get_lora_bw_in_hz))
<BR><BR>[Called By]<UL><LI><a href="#[ff]">&gt;&gt;</a>&nbsp;&nbsp;&nbsp;lr11xx_radio_get_lora_time_on_air_in_ms
</UL>

<P><STRONG><a name="[ea]"></a>lr11xx_radio_get_lora_pkt_status</STRONG> (Thumb, 76 bytes, Stack size 24 bytes, lr11xx_radio.o(.text.lr11xx_radio_get_lora_pkt_status))
<BR><BR>[Stack]<UL><LI>Max Depth = 88<LI>Call Chain = lr11xx_radio_get_lora_pkt_status &rArr; lr11xx_hal_read &rArr; lr11xx_hal_wait_on_busy &rArr; smtc_hal_mcu_gpio_get_state
</UL>
<BR>[Calls]<UL><LI><a href="#[104]">&gt;&gt;</a>&nbsp;&nbsp;&nbsp;lr11xx_hal_read
</UL>
<BR>[Called By]<UL><LI><a href="#[e7]">&gt;&gt;</a>&nbsp;&nbsp;&nbsp;apps_common_lr11xx_receive
</UL>

<P><STRONG><a name="[ff]"></a>lr11xx_radio_get_lora_time_on_air_in_ms</STRONG> (Thumb, 32 bytes, Stack size 16 bytes, lr11xx_radio.o(.text.lr11xx_radio_get_lora_time_on_air_in_ms))
<BR><BR>[Stack]<UL><LI>Max Depth = 32<LI>Call Chain = lr11xx_radio_get_lora_time_on_air_in_ms &rArr; lr11xx_radio_get_lora_time_on_air_numerator
</UL>
<BR>[Calls]<UL><LI><a href="#[10b]">&gt;&gt;</a>&nbsp;&nbsp;&nbsp;lr11xx_radio_get_lora_time_on_air_numerator
<LI><a href="#[10c]">&gt;&gt;</a>&nbsp;&nbsp;&nbsp;lr11xx_radio_get_lora_bw_in_hz
</UL>
<BR>[Called By]<UL><LI><a href="#[fe]">&gt;&gt;</a>&nbsp;&nbsp;&nbsp;get_time_on_air_in_ms
</UL>

<P><STRONG><a name="[10b]"></a>lr11xx_radio_get_lora_time_on_air_numerator</STRONG> (Thumb, 234 bytes, Stack size 16 bytes, lr11xx_radio.o(.text.lr11xx_radio_get_lora_time_on_air_numerator))
<BR><BR>[Stack]<UL><LI>Max Depth = 16<LI>Call Chain = lr11xx_radio_get_lora_time_on_air_numerator
</UL>
<BR>[Called By]<UL><LI><a href="#[ff]">&gt;&gt;</a>&nbsp;&nbsp;&nbsp;lr11xx_radio_get_lora_time_on_air_in_ms
</UL>

<P><STRONG><a name="[e8]"></a>lr11xx_radio_get_rx_buffer_status</STRONG> (Thumb, 56 bytes, Stack size 16 bytes, lr11xx_radio.o(.text.lr11xx_radio_get_rx_buffer_status))
<BR><BR>[Stack]<UL><LI>Max Depth = 80<LI>Call Chain = lr11xx_radio_get_rx_buffer_status &rArr; lr11xx_hal_read &rArr; lr11xx_hal_wait_on_busy &rArr; smtc_hal_mcu_gpio_get_state
</UL>
<BR>[Calls]<UL><LI><a href="#[104]">&gt;&gt;</a>&nbsp;&nbsp;&nbsp;lr11xx_hal_read
</UL>
<BR>[Called By]<UL><LI><a href="#[e7]">&gt;&gt;</a>&nbsp;&nbsp;&nbsp;apps_common_lr11xx_receive
</UL>

<P><STRONG><a name="[121]"></a>lr11xx_radio_lora_bw_to_str</STRONG> (Thumb, 34 bytes, Stack size 0 bytes, lr11xx_radio_types_str.o(.text.lr11xx_radio_lora_bw_to_str))
<BR><BR>[Called By]<UL><LI><a href="#[e3]">&gt;&gt;</a>&nbsp;&nbsp;&nbsp;print_lora_configuration
</UL>

<P><STRONG><a name="[122]"></a>lr11xx_radio_lora_cr_to_str</STRONG> (Thumb, 30 bytes, Stack size 0 bytes, lr11xx_radio_types_str.o(.text.lr11xx_radio_lora_cr_to_str))
<BR><BR>[Called By]<UL><LI><a href="#[e3]">&gt;&gt;</a>&nbsp;&nbsp;&nbsp;print_lora_configuration
</UL>

<P><STRONG><a name="[124]"></a>lr11xx_radio_lora_crc_to_str</STRONG> (Thumb, 84 bytes, Stack size 0 bytes, lr11xx_radio_types_str.o(.text.lr11xx_radio_lora_crc_to_str))
<BR><BR>[Called By]<UL><LI><a href="#[e3]">&gt;&gt;</a>&nbsp;&nbsp;&nbsp;print_lora_configuration
</UL>

<P><STRONG><a name="[125]"></a>lr11xx_radio_lora_iq_to_str</STRONG> (Thumb, 92 bytes, Stack size 0 bytes, lr11xx_radio_types_str.o(.text.lr11xx_radio_lora_iq_to_str))
<BR><BR>[Called By]<UL><LI><a href="#[e3]">&gt;&gt;</a>&nbsp;&nbsp;&nbsp;print_lora_configuration
</UL>

<P><STRONG><a name="[123]"></a>lr11xx_radio_lora_pkt_len_modes_to_str</STRONG> (Thumb, 92 bytes, Stack size 0 bytes, lr11xx_radio_types_str.o(.text.lr11xx_radio_lora_pkt_len_modes_to_str))
[...]
<LI><a href="#[14]">&gt;&gt;</a>&nbsp;&nbsp;&nbsp;EXTI4_IRQHandler
<LI><a href="#[13]">&gt;&gt;</a>&nbsp;&nbsp;&nbsp;EXTI3_IRQHandler
<LI><a href="#[12]">&gt;&gt;</a>&nbsp;&nbsp;&nbsp;EXTI2_IRQHandler
<LI><a href="#[11]">&gt;&gt;</a>&nbsp;&nbsp;&nbsp;EXTI1_IRQHandler
<LI><a href="#[32]">&gt;&gt;</a>&nbsp;&nbsp;&nbsp;EXTI15_10_IRQHandler
<LI><a href="#[10]">&gt;&gt;</a>&nbsp;&nbsp;&nbsp;EXTI0_IRQHandler
</UL>

<P><STRONG><a name="[12f]"></a>smtc_hal_mcu_gpio_stm32l4_enable_clock</STRONG> (Thumb, 72 bytes, Stack size 8 bytes, smtc_hal_mcu_gpio_stm32l4.o(.text.smtc_hal_mcu_gpio_stm32l4_enable_clock))
<BR><BR>[Stack]<UL><LI>Max Depth = 12<LI>Call Chain = smtc_hal_mcu_gpio_stm32l4_enable_clock &rArr; LL_AHB2_GRP1_EnableClock
</UL>
<BR>[Calls]<UL><LI><a href="#[134]">&gt;&gt;</a>&nbsp;&nbsp;&nbsp;LL_AHB2_GRP1_EnableClock
</UL>
<BR>[Called By]<UL><LI><a href="#[c1]">&gt;&gt;</a>&nbsp;&nbsp;&nbsp;smtc_hal_mcu_gpio_init_output
<LI><a href="#[c0]">&gt;&gt;</a>&nbsp;&nbsp;&nbsp;smtc_hal_mcu_gpio_init_input
</UL>

<P><STRONG><a name="[130]"></a>smtc_hal_mcu_gpio_stm32l4_get_exti_cfg</STRONG> (Thumb, 502 bytes, Stack size 16 bytes, smtc_hal_mcu_gpio_stm32l4.o(.text.smtc_hal_mcu_gpio_stm32l4_get_exti_cfg))
<BR><BR>[Stack]<UL><LI>Max Depth = 16<LI>Call Chain = smtc_hal_mcu_gpio_stm32l4_get_exti_cfg
</UL>
<BR>[Called By]<UL><LI><a href="#[c0]">&gt;&gt;</a>&nbsp;&nbsp;&nbsp;smtc_hal_mcu_gpio_init_input
</UL>

<P><STRONG><a name="[12e]"></a>smtc_hal_mcu_gpio_stm32l4_get_free_slot</STRONG> (Thumb, 32 bytes, Stack size 0 bytes, smtc_hal_mcu_gpio_stm32l4.o(.text.smtc_hal_mcu_gpio_stm32l4_get_free_slot))
<BR><BR>[Called By]<UL><LI><a href="#[c1]">&gt;&gt;</a>&nbsp;&nbsp;&nbsp;smtc_hal_mcu_gpio_init_output
<LI><a href="#[c0]">&gt;&gt;</a>&nbsp;&nbsp;&nbsp;smtc_hal_mcu_gpio_init_input
</UL>

<P><STRONG><a name="[131]"></a>smtc_hal_mcu_gpio_stm32l4_get_trigger</STRONG> (Thumb, 14 bytes, Stack size 0 bytes, smtc_hal_mcu_gpio_stm32l4.o(.text.smtc_hal_mcu_gpio_stm32l4_get_trigger))
<BR><BR>[Called By]<UL><LI><a href="#[c0]">&gt;&gt;</a>&nbsp;&nbsp;&nbsp;smtc_hal_mcu_gpio_init_input
</UL>

<P><STRONG><a name="[12d]"></a>smtc_hal_mcu_gpio_stm32l4_is_configured</STRONG> (Thumb, 62 bytes, Stack size 0 bytes, smtc_hal_mcu_gpio_stm32l4.o(.text.smtc_hal_mcu_gpio_stm32l4_is_configured))
<BR><BR>[Called By]<UL><LI><a href="#[c1]">&gt;&gt;</a>&nbsp;&nbsp;&nbsp;smtc_hal_mcu_gpio_init_output
<LI><a href="#[c0]">&gt;&gt;</a>&nbsp;&nbsp;&nbsp;smtc_hal_mcu_gpio_init_input
</UL>

<P><STRONG><a name="[126]"></a>smtc_hal_mcu_gpio_stm32l4_is_real_inst</STRONG> (Thumb, 36 bytes, Stack size 0 bytes, smtc_hal_mcu_gpio_stm32l4.o(.text.smtc_hal_mcu_gpio_stm32l4_is_real_inst))
<BR><BR>[Called By]<UL><LI><a href="#[c5]">&gt;&gt;</a>&nbsp;&nbsp;&nbsp;smtc_hal_mcu_gpio_set_state
<LI><a href="#[c2]">&gt;&gt;</a>&nbsp;&nbsp;&nbsp;smtc_hal_mcu_gpio_enable_irq
<LI><a href="#[107]">&gt;&gt;</a>&nbsp;&nbsp;&nbsp;smtc_hal_mcu_gpio_get_state
</UL>

<P><STRONG><a name="[15f]"></a>LL_AHB2_GRP1_EnableClock</STRONG> (Thumb, 32 bytes, Stack size 4 bytes, smtc_hal_mcu_uart_stm32l4.o(.text.LL_AHB2_GRP1_EnableClock))
<BR><BR>[Stack]<UL><LI>Max Depth = 4<LI>Call Chain = LL_AHB2_GRP1_EnableClock
</UL>
<BR>[Called By]<UL><LI><a href="#[15c]">&gt;&gt;</a>&nbsp;&nbsp;&nbsp;smtc_hal_mcu_uart_init
</UL>

<P><STRONG><a name="[15e]"></a>LL_APB1_GRP1_EnableClock</STRONG> (Thumb, 32 bytes, Stack size 4 bytes, smtc_hal_mcu_uart_stm32l4.o(.text.LL_APB1_GRP1_EnableClock))
<BR><BR>[Stack]<UL><LI>Max Depth = 4<LI>Call Chain = LL_APB1_GRP1_EnableClock
</UL>
<BR>[Called By]<UL><LI><a href="#[15c]">&gt;&gt;</a>&nbsp;&nbsp;&nbsp;smtc_hal_mcu_uart_init
</UL>

<P><STRONG><a name="[162]"></a>LL_USART_ConfigAsyncMode</STRONG> (Thumb, 18 bytes, Stack size 0 bytes, smtc_hal_mcu_uart_stm32l4.o(.text.LL_USART_ConfigAsyncMode))
<BR><BR>[Called By]<UL><LI><a href="#[15c]">&gt;&gt;</a>&nbsp;&nbsp;&nbsp;smtc_hal_mcu_uart_init
</UL>

<P><STRONG><a name="[163]"></a>LL_USART_Enable</STRONG> (Thumb, 10 bytes, Stack size 0 bytes, smtc_hal_mcu_uart_stm32l4.o(.text.LL_USART_Enable))
<BR><BR>[Called By]<UL><LI><a href="#[15c]">&gt;&gt;</a>&nbsp;&nbsp;&nbsp;smtc_hal_mcu_uart_init
</UL>

<P><STRONG><a name="[a2]"></a>LL_USART_EnableIT_RXNE</STRONG> (Thumb, 18 bytes, Stack size 0 bytes, smtc_hal_mcu_uart_stm32l4.o(.text.LL_USART_EnableIT_RXNE))
<BR><BR>[Calls]<UL><LI><a href="#[a2]">&gt;&gt;</a>&nbsp;&nbsp;&nbsp;LL_USART_EnableIT_RXNE
</UL>
<BR>[Called By]<UL><LI><a href="#[15c]">&gt;&gt;</a>&nbsp;&nbsp;&nbsp;smtc_hal_mcu_uart_init
<LI><a href="#[a2]">&gt;&gt;</a>&nbsp;&nbsp;&nbsp;LL_USART_EnableIT_RXNE
</UL>

<P><STRONG><a name="[b6]"></a>LL_USART_IsActiveFlag_RXNE</STRONG> (Thumb, 8 bytes, Stack size 0 bytes, smtc_hal_mcu_uart_stm32l4.o(.text.LL_USART_IsActiveFlag_RXNE))
<BR><BR>[Called By]<UL><LI><a href="#[30]">&gt;&gt;</a>&nbsp;&nbsp;&nbsp;USART2_IRQHandler
</UL>

<P><STRONG><a name="[16a]"></a>LL_USART_IsActiveFlag_TC</STRONG> (Thumb, 8 bytes, Stack size 0 bytes, smtc_hal_mcu_uart_stm32l4.o(.text.LL_USART_IsActiveFlag_TC))
<BR><BR>[Called By]<UL><LI><a href="#[167]">&gt;&gt;</a>&nbsp;&nbsp;&nbsp;smtc_hal_mcu_uart_send
</UL>

<P><STRONG><a name="[168]"></a>LL_USART_IsActiveFlag_TXE</STRONG> (Thumb, 8 bytes, Stack size 0 bytes, smtc_hal_mcu_uart_stm32l4.o(.text.LL_USART_IsActiveFlag_TXE))
<BR><BR>[Called By]<UL><LI><a href="#[167]">&gt;&gt;</a>&nbsp;&nbsp;&nbsp;smtc_hal_mcu_uart_send
</UL>

<P><STRONG><a name="[164]"></a>LL_USART_IsEnabled</STRONG> (Thumb, 8 bytes, Stack size 0 bytes, smtc_hal_mcu_uart_stm32l4.o(.text.LL_USART_IsEnabled))
<BR><BR>[Called By]<UL><LI><a href="#[15c]">&gt;&gt;</a>&nbsp;&nbsp;&nbsp;smtc_hal_mcu_uart_init
</UL>

<P><STRONG><a name="[b7]"></a>LL_USART_IsEnabledIT_RXNE</STRONG> (Thumb, 16 bytes, Stack size 0 bytes, smtc_hal_mcu_uart_stm32l4.o(.text.LL_USART_IsEnabledIT_RXNE))
<BR><BR>[Called By]<UL><LI><a href="#[30]">&gt;&gt;</a>&nbsp;&nbsp;&nbsp;USART2_IRQHandler
</UL>

<P><STRONG><a name="[b8]"></a>LL_USART_ReceiveData8</STRONG> (Thumb, 6 bytes, Stack size 0 bytes, smtc_hal_mcu_uart_stm32l4.o(.text.LL_USART_ReceiveData8))
<BR><BR>[Called By]<UL><LI><a href="#[30]">&gt;&gt;</a>&nbsp;&nbsp;&nbsp;USART2_IRQHandler
</UL>

<P><STRONG><a name="[165]"></a>LL_USART_RequestRxDataFlush</STRONG> (Thumb, 10 bytes, Stack size 0 bytes, smtc_hal_mcu_uart_stm32l4.o(.text.LL_USART_RequestRxDataFlush))
<BR><BR>[Called By]<UL><LI><a href="#[15c]">&gt;&gt;</a>&nbsp;&nbsp;&nbsp;smtc_hal_mcu_uart_init
</UL>

<P><STRONG><a name="[166]"></a>LL_USART_RequestTxDataFlush</STRONG> (Thumb, 10 bytes, Stack size 0 bytes, smtc_hal_mcu_uart_stm32l4.o(.text.LL_USART_RequestTxDataFlush))
<BR><BR>[Called By]<UL><LI><a href="#[15c]">&gt;&gt;</a>&nbsp;&nbsp;&nbsp;smtc_hal_mcu_uart_init
</UL>

<P><STRONG><a name="[169]"></a>LL_USART_TransmitData8</STRONG> (Thumb, 4 bytes, Stack size 0 bytes, smtc_hal_mcu_uart_stm32l4.o(.text.LL_USART_TransmitData8))
<BR><BR>[Called By]<UL><LI><a href="#[167]">&gt;&gt;</a>&nbsp;&nbsp;&nbsp;smtc_hal_mcu_uart_send
</UL>

<P><STRONG><a name="[161]"></a>__NVIC_EnableIRQ</STRONG> (Thumb, 14 bytes, Stack size 0 bytes, smtc_hal_mcu_uart_stm32l4.o(.text.__NVIC_EnableIRQ))
<BR><BR>[Called By]<UL><LI><a href="#[15c]">&gt;&gt;</a>&nbsp;&nbsp;&nbsp;smtc_hal_mcu_uart_init
</UL>

<P><STRONG><a name="[160]"></a>__NVIC_SetPriority</STRONG> (Thumb, 14 bytes, Stack size 0 bytes, smtc_hal_mcu_uart_stm32l4.o(.text.__NVIC_SetPriority))
<BR><BR>[Called By]<UL><LI><a href="#[15c]">&gt;&gt;</a>&nbsp;&nbsp;&nbsp;smtc_hal_mcu_uart_init
</UL>

<P><STRONG><a name="[15d]"></a>smtc_hal_mcu_uart_stm32l4_get_free_slot</STRONG> (Thumb, 18 bytes, Stack size 0 bytes, smtc_hal_mcu_uart_stm32l4.o(.text.smtc_hal_mcu_uart_stm32l4_get_free_slot))
<BR><BR>[Called By]<UL><LI><a href="#[15c]">&gt;&gt;</a>&nbsp;&nbsp;&nbsp;smtc_hal_mcu_uart_init
</UL>

<P><STRONG><a name="[a9]"></a>LL_LPTIM_ClearFLAG_ARRM</STRONG> (Thumb, 18 bytes, Stack size 0 bytes, smtc_hal_mcu_timer_stm32l4.o(.text.LL_LPTIM_ClearFLAG_ARRM))
<BR><BR>[Called By]<UL><LI><a href="#[4b]">&gt;&gt;</a>&nbsp;&nbsp;&nbsp;LPTIM1_IRQHandler
</UL>

<P><STRONG><a name="[a8]"></a>LL_LPTIM_IsActiveFlag_ARRM</STRONG> (Thumb, 16 bytes, Stack size 0 bytes, smtc_hal_mcu_timer_stm32l4.o(.text.LL_LPTIM_IsActiveFlag_ARRM))
<BR><BR>[Called By]<UL><LI><a href="#[4b]">&gt;&gt;</a>&nbsp;&nbsp;&nbsp;LPTIM1_IRQHandler
</UL>

<P><STRONG><a name="[14c]"></a>LL_APB2_GRP1_EnableClock</STRONG> (Thumb, 32 bytes, Stack size 4 bytes, smtc_hal_mcu_stm32l4.o(.text.LL_APB2_GRP1_EnableClock))
<BR><BR>[Stack]<UL><LI>Max Depth = 4<LI>Call Chain = LL_APB2_GRP1_EnableClock
</UL>
<BR>[Called By]<UL><LI><a href="#[119]">&gt;&gt;</a>&nbsp;&nbsp;&nbsp;smtc_hal_mcu_init
</UL>

<P><STRONG><a name="[136]"></a>LL_FLASH_GetLatency</STRONG> (Thumb, 16 bytes, Stack size 0 bytes, smtc_hal_mcu_stm32l4.o(.text.LL_FLASH_GetLatency))
<BR><BR>[Called By]<UL><LI><a href="#[119]">&gt;&gt;</a>&nbsp;&nbsp;&nbsp;smtc_hal_mcu_init
</UL>

<P><STRONG><a name="[135]"></a>LL_FLASH_SetLatency</STRONG> (Thumb, 20 bytes, Stack size 0 bytes, smtc_hal_mcu_stm32l4.o(.text.LL_FLASH_SetLatency))
<BR><BR>[Called By]<UL><LI><a href="#[119]">&gt;&gt;</a>&nbsp;&nbsp;&nbsp;smtc_hal_mcu_init
</UL>

<P><STRONG><a name="[137]"></a>LL_PWR_SetRegulVoltageScaling</STRONG> (Thumb, 20 bytes, Stack size 0 bytes, smtc_hal_mcu_stm32l4.o(.text.LL_PWR_SetRegulVoltageScaling))
<BR><BR>[Called By]<UL><LI><a href="#[119]">&gt;&gt;</a>&nbsp;&nbsp;&nbsp;smtc_hal_mcu_init
</UL>

<P><STRONG><a name="[146]"></a>LL_RCC_GetSysClkSource</STRONG> (Thumb, 16 bytes, Stack size 0 bytes, smtc_hal_mcu_stm32l4.o(.text.LL_RCC_GetSysClkSource))
<BR><BR>[Called By]<UL><LI><a href="#[119]">&gt;&gt;</a>&nbsp;&nbsp;&nbsp;smtc_hal_mcu_init
</UL>

<P><STRONG><a name="[138]"></a>LL_RCC_HSI_Enable</STRONG> (Thumb, 18 bytes, Stack size 0 bytes, smtc_hal_mcu_stm32l4.o(.text.LL_RCC_HSI_Enable))
<BR><BR>[Called By]<UL><LI><a href="#[119]">&gt;&gt;</a>&nbsp;&nbsp;&nbsp;smtc_hal_mcu_init
</UL>

<P><STRONG><a name="[139]"></a>LL_RCC_HSI_IsReady</STRONG> (Thumb, 16 bytes, Stack size 0 bytes, smtc_hal_mcu_stm32l4.o(.text.LL_RCC_HSI_IsReady))
<BR><BR>[Called By]<UL><LI><a href="#[119]">&gt;&gt;</a>&nbsp;&nbsp;&nbsp;smtc_hal_mcu_init
</UL>

<P><STRONG><a name="[13c]"></a>LL_RCC_HSI_SetCalibTrimming</STRONG> (Thumb, 20 bytes, Stack size 0 bytes, smtc_hal_mcu_stm32l4.o(.text.LL_RCC_HSI_SetCalibTrimming))
<BR><BR>[Called By]<UL><LI><a href="#[119]">&gt;&gt;</a>&nbsp;&nbsp;&nbsp;smtc_hal_mcu_init
</UL>

<P><STRONG><a name="[13a]"></a>LL_RCC_LSI_Enable</STRONG> (Thumb, 18 bytes, Stack size 0 bytes, smtc_hal_mcu_stm32l4.o(.text.LL_RCC_LSI_Enable))
<BR><BR>[Called By]<UL><LI><a href="#[119]">&gt;&gt;</a>&nbsp;&nbsp;&nbsp;smtc_hal_mcu_init
</UL>

<P><STRONG><a name="[13b]"></a>LL_RCC_LSI_IsReady</STRONG> (Thumb, 16 bytes, Stack size 0 bytes, smtc_hal_mcu_stm32l4.o(.text.LL_RCC_LSI_IsReady))
<BR><BR>[Called By]<UL><LI><a href="#[119]">&gt;&gt;</a>&nbsp;&nbsp;&nbsp;smtc_hal_mcu_init
</UL>

<P><STRONG><a name="[141]"></a>LL_RCC_PLLSAI1_ConfigDomain_48M</STRONG> (Thumb, 44 bytes, Stack size 0 bytes, smtc_hal_mcu_stm32l4.o(.text.LL_RCC_PLLSAI1_ConfigDomain_48M))
<BR><BR>[Called By]<UL><LI><a href="#[119]">&gt;&gt;</a>&nbsp;&nbsp;&nbsp;smtc_hal_mcu_init
</UL>

<P><STRONG><a name="[142]"></a>LL_RCC_PLLSAI1_Enable</STRONG> (Thumb, 18 bytes, Stack size 0 bytes, smtc_hal_mcu_stm32l4.o(.text.LL_RCC_PLLSAI1_Enable))
<BR><BR>[Called By]<UL><LI><a href="#[119]">&gt;&gt;</a>&nbsp;&nbsp;&nbsp;smtc_hal_mcu_init
</UL>

<P><STRONG><a name="[143]"></a>LL_RCC_PLLSAI1_EnableDomain_48M</STRONG> (Thumb, 18 bytes, Stack size 0 bytes, smtc_hal_mcu_stm32l4.o(.text.LL_RCC_PLLSAI1_EnableDomain_48M))
<BR><BR>[Called By]<UL><LI><a href="#[119]">&gt;&gt;</a>&nbsp;&nbsp;&nbsp;smtc_hal_mcu_init
</UL>

<P><STRONG><a name="[144]"></a>LL_RCC_PLLSAI1_IsReady</STRONG> (Thumb, 16 bytes, Stack size 0 bytes, smtc_hal_mcu_stm32l4.o(.text.LL_RCC_PLLSAI1_IsReady))
<BR><BR>[Called By]<UL><LI><a href="#[119]">&gt;&gt;</a>&nbsp;&nbsp;&nbsp;smtc_hal_mcu_init
</UL>

<P><STRONG><a name="[13d]"></a>LL_RCC_PLL_ConfigDomain_SYS</STRONG> (Thumb, 30 bytes, Stack size 0 bytes, smtc_hal_mcu_stm32l4.o(.text.LL_RCC_PLL_ConfigDomain_SYS))
<BR><BR>[Called By]<UL><LI><a href="#[119]">&gt;&gt;</a>&nbsp;&nbsp;&nbsp;smtc_hal_mcu_init
</UL>

<P><STRONG><a name="[13e]"></a>LL_RCC_PLL_Enable</STRONG> (Thumb, 18 bytes, Stack size 0 bytes, smtc_hal_mcu_stm32l4.o(.text.LL_RCC_PLL_Enable))
<BR><BR>[Called By]<UL><LI><a href="#[119]">&gt;&gt;</a>&nbsp;&nbsp;&nbsp;smtc_hal_mcu_init
</UL>

<P><STRONG><a name="[13f]"></a>LL_RCC_PLL_EnableDomain_SYS</STRONG> (Thumb, 18 bytes, Stack size 0 bytes, smtc_hal_mcu_stm32l4.o(.text.LL_RCC_PLL_EnableDomain_SYS))
<BR><BR>[Called By]<UL><LI><a href="#[119]">&gt;&gt;</a>&nbsp;&nbsp;&nbsp;smtc_hal_mcu_init
</UL>

<P><STRONG><a name="[140]"></a>LL_RCC_PLL_IsReady</STRONG> (Thumb, 16 bytes, Stack size 0 bytes, smtc_hal_mcu_stm32l4.o(.text.LL_RCC_PLL_IsReady))
<BR><BR>[Called By]<UL><LI><a href="#[119]">&gt;&gt;</a>&nbsp;&nbsp;&nbsp;smtc_hal_mcu_init
</UL>

<P><STRONG><a name="[147]"></a>LL_RCC_SetAHBPrescaler</STRONG> (Thumb, 18 bytes, Stack size 0 bytes, smtc_hal_mcu_stm32l4.o(.text.LL_RCC_SetAHBPrescaler))
<BR><BR>[Called By]<UL><LI><a href="#[119]">&gt;&gt;</a>&nbsp;&nbsp;&nbsp;smtc_hal_mcu_init
</UL>

<P><STRONG><a name="[148]"></a>LL_RCC_SetAPB1Prescaler</STRONG> (Thumb, 18 bytes, Stack size 0 bytes, smtc_hal_mcu_stm32l4.o(.text.LL_RCC_SetAPB1Prescaler))
<BR><BR>[Called By]<UL><LI><a href="#[119]">&gt;&gt;</a>&nbsp;&nbsp;&nbsp;smtc_hal_mcu_init
</UL>

<P><STRONG><a name="[149]"></a>LL_RCC_SetAPB2Prescaler</STRONG> (Thumb, 18 bytes, Stack size 0 bytes, smtc_hal_mcu_stm32l4.o(.text.LL_RCC_SetAPB2Prescaler))
<BR><BR>[Called By]<UL><LI><a href="#[119]">&gt;&gt;</a>&nbsp;&nbsp;&nbsp;smtc_hal_mcu_init
</UL>

<P><STRONG><a name="[145]"></a>LL_RCC_SetSysClkSource</STRONG> (Thumb, 18 bytes, Stack size 0 bytes, smtc_hal_mcu_stm32l4.o(.text.LL_RCC_SetSysClkSource))
<BR><BR>[Called By]<UL><LI><a href="#[119]">&gt;&gt;</a>&nbsp;&nbsp;&nbsp;smtc_hal_mcu_init
</UL>

<P><STRONG><a name="[14f]"></a>LL_AHB2_GRP1_EnableClock</STRONG> (Thumb, 28 bytes, Stack size 4 bytes, smtc_hal_mcu_spi_stm32l4.o(.text.LL_AHB2_GRP1_EnableClock))
<BR><BR>[Stack]<UL><LI>Max Depth = 4<LI>Call Chain = LL_AHB2_GRP1_EnableClock
</UL>
<BR>[Called By]<UL><LI><a href="#[c3]">&gt;&gt;</a>&nbsp;&nbsp;&nbsp;smtc_hal_mcu_spi_init
</UL>

<P><STRONG><a name="[150]"></a>LL_APB1_GRP1_EnableClock</STRONG> (Thumb, 32 bytes, Stack size 4 bytes, smtc_hal_mcu_spi_stm32l4.o(.text.LL_APB1_GRP1_EnableClock))
<BR><BR>[Stack]<UL><LI>Max Depth = 4<LI>Call Chain = LL_APB1_GRP1_EnableClock
</UL>
<BR>[Called By]<UL><LI><a href="#[c3]">&gt;&gt;</a>&nbsp;&nbsp;&nbsp;smtc_hal_mcu_spi_init
</UL>

<P><STRONG><a name="[14e]"></a>LL_APB2_GRP1_EnableClock</STRONG> (Thumb, 32 bytes, Stack size 4 bytes, smtc_hal_mcu_spi_stm32l4.o(.text.LL_APB2_GRP1_EnableClock))
<BR><BR>[Stack]<UL><LI>Max Depth = 4<LI>Call Chain = LL_APB2_GRP1_EnableClock
</UL>
<BR>[Called By]<UL><LI><a href="#[c3]">&gt;&gt;</a>&nbsp;&nbsp;&nbsp;smtc_hal_mcu_spi_init
</UL>

<P><STRONG><a name="[154]"></a>LL_SPI_DisableNSSPulseMgt</STRONG> (Thumb, 10 bytes, Stack size 0 bytes, smtc_hal_mcu_spi_stm32l4.o(.text.LL_SPI_DisableNSSPulseMgt))
<BR><BR>[Called By]<UL><LI><a href="#[c3]">&gt;&gt;</a>&nbsp;&nbsp;&nbsp;smtc_hal_mcu_spi_init
</UL>

<P><STRONG><a name="[155]"></a>LL_SPI_Enable</STRONG> (Thumb, 10 bytes, Stack size 0 bytes, smtc_hal_mcu_spi_stm32l4.o(.text.LL_SPI_Enable))
<BR><BR>[Called By]<UL><LI><a href="#[c3]">&gt;&gt;</a>&nbsp;&nbsp;&nbsp;smtc_hal_mcu_spi_init
</UL>

<P><STRONG><a name="[15a]"></a>LL_SPI_GetRxFIFOLevel</STRONG> (Thumb, 8 bytes, Stack size 0 bytes, smtc_hal_mcu_spi_stm32l4.o(.text.LL_SPI_GetRxFIFOLevel))
<BR><BR>[Called By]<UL><LI><a href="#[103]">&gt;&gt;</a>&nbsp;&nbsp;&nbsp;smtc_hal_mcu_spi_rw_buffer
</UL>

<P><STRONG><a name="[158]"></a>LL_SPI_GetTxFIFOLevel</STRONG> (Thumb, 8 bytes, Stack size 0 bytes, smtc_hal_mcu_spi_stm32l4.o(.text.LL_SPI_GetTxFIFOLevel))
<BR><BR>[Called By]<UL><LI><a href="#[103]">&gt;&gt;</a>&nbsp;&nbsp;&nbsp;smtc_hal_mcu_spi_rw_buffer
</UL>

<P><STRONG><a name="[156]"></a>LL_SPI_IsEnabled</STRONG> (Thumb, 8 bytes, Stack size 0 bytes, smtc_hal_mcu_spi_stm32l4.o(.text.LL_SPI_IsEnabled))
<BR><BR>[Called By]<UL><LI><a href="#[c3]">&gt;&gt;</a>&nbsp;&nbsp;&nbsp;smtc_hal_mcu_spi_init
</UL>

<P><STRONG><a name="[15b]"></a>LL_SPI_ReceiveData8</STRONG> (Thumb, 4 bytes, Stack size 0 bytes, smtc_hal_mcu_spi_stm32l4.o(.text.LL_SPI_ReceiveData8))
<BR><BR>[Called By]<UL><LI><a href="#[103]">&gt;&gt;</a>&nbsp;&nbsp;&nbsp;smtc_hal_mcu_spi_rw_buffer
</UL>

<P><STRONG><a name="[152]"></a>LL_SPI_SetRxFIFOThreshold</STRONG> (Thumb, 10 bytes, Stack size 0 bytes, smtc_hal_mcu_spi_stm32l4.o(.text.LL_SPI_SetRxFIFOThreshold))
<BR><BR>[Called By]<UL><LI><a href="#[c3]">&gt;&gt;</a>&nbsp;&nbsp;&nbsp;smtc_hal_mcu_spi_init
</UL>

<P><STRONG><a name="[153]"></a>LL_SPI_SetStandard</STRONG> (Thumb, 10 bytes, Stack size 0 bytes, smtc_hal_mcu_spi_stm32l4.o(.text.LL_SPI_SetStandard))
<BR><BR>[Called By]<UL><LI><a href="#[c3]">&gt;&gt;</a>&nbsp;&nbsp;&nbsp;smtc_hal_mcu_spi_init
</UL>

<P><STRONG><a name="[159]"></a>LL_SPI_TransmitData8</STRONG> (Thumb, 4 bytes, Stack size 0 bytes, smtc_hal_mcu_spi_stm32l4.o(.text.LL_SPI_TransmitData8))
<BR><BR>[Called By]<UL><LI><a href="#[103]">&gt;&gt;</a>&nbsp;&nbsp;&nbsp;smtc_hal_mcu_spi_rw_buffer
</UL>

<P><STRONG><a name="[14d]"></a>smtc_hal_mcu_spi_stm32l4_get_free_slot</STRONG> (Thumb, 32 bytes, Stack size 0 bytes, smtc_hal_mcu_spi_stm32l4.o(.text.smtc_hal_mcu_spi_stm32l4_get_free_slot))
<BR><BR>[Called By]<UL><LI><a href="#[c3]">&gt;&gt;</a>&nbsp;&nbsp;&nbsp;smtc_hal_mcu_spi_init
</UL>

<P><STRONG><a name="[157]"></a>smtc_hal_mcu_spi_stm32l4_is_real_inst</STRONG> (Thumb, 36 bytes, Stack size 0 bytes, smtc_hal_mcu_spi_stm32l4.o(.text.smtc_hal_mcu_spi_stm32l4_is_real_inst))
<BR><BR>[Called By]<UL><LI><a href="#[103]">&gt;&gt;</a>&nbsp;&nbsp;&nbsp;smtc_hal_mcu_spi_rw_buffer
</UL>

<P><STRONG><a name="[177]"></a>_fp_digits</STRONG> (Thumb, 366 bytes, Stack size 64 bytes, printfa.o(i._fp_digits), UNUSED)
<BR><BR>[Calls]<UL><LI><a href="#[69]">&gt;&gt;</a>&nbsp;&nbsp;&nbsp;__aeabi_uldivmod
<LI><a href="#[75]">&gt;&gt;</a>&nbsp;&nbsp;&nbsp;__aeabi_dmul
<LI><a href="#[76]">&gt;&gt;</a>&nbsp;&nbsp;&nbsp;__aeabi_ddiv
<LI><a href="#[6f]">&gt;&gt;</a>&nbsp;&nbsp;&nbsp;__aeabi_dadd
<LI><a href="#[77]">&gt;&gt;</a>&nbsp;&nbsp;&nbsp;__aeabi_d2ulz
<LI><a href="#[178]">&gt;&gt;</a>&nbsp;&nbsp;&nbsp;__aeabi_cdrcmple
</UL>
<BR>[Called By]<UL><LI><a href="#[176]">&gt;&gt;</a>&nbsp;&nbsp;&nbsp;_printf_core
</UL>

<P><STRONG><a name="[176]"></a>_printf_core</STRONG> (Thumb, 1744 bytes, Stack size 136 bytes, printfa.o(i._printf_core), UNUSED)
<BR><BR>[Calls]<UL><LI><a href="#[69]">&gt;&gt;</a>&nbsp;&nbsp;&nbsp;__aeabi_uldivmod
<LI><a href="#[17b]">&gt;&gt;</a>&nbsp;&nbsp;&nbsp;__aeabi_uidivmod
<LI><a href="#[179]">&gt;&gt;</a>&nbsp;&nbsp;&nbsp;_printf_pre_padding
<LI><a href="#[17a]">&gt;&gt;</a>&nbsp;&nbsp;&nbsp;_printf_post_padding
<LI><a href="#[177]">&gt;&gt;</a>&nbsp;&nbsp;&nbsp;_fp_digits
</UL>
<BR>[Called By]<UL><LI><a href="#[175]">&gt;&gt;</a>&nbsp;&nbsp;&nbsp;__0vsprintf
</UL>

<P><STRONG><a name="[17a]"></a>_printf_post_padding</STRONG> (Thumb, 36 bytes, Stack size 24 bytes, printfa.o(i._printf_post_padding), UNUSED)
<BR><BR>[Called By]<UL><LI><a href="#[176]">&gt;&gt;</a>&nbsp;&nbsp;&nbsp;_printf_core
</UL>

<P><STRONG><a name="[179]"></a>_printf_pre_padding</STRONG> (Thumb, 46 bytes, Stack size 24 bytes, printfa.o(i._printf_pre_padding), UNUSED)
<BR><BR>[Called By]<UL><LI><a href="#[176]">&gt;&gt;</a>&nbsp;&nbsp;&nbsp;_printf_core
</UL>

<P><STRONG><a name="[5f]"></a>_sputc</STRONG> (Thumb, 10 bytes, Stack size 0 bytes, printfa.o(i._sputc))
<BR><BR>[Called By]<UL><LI><a href="#[175]">&gt;&gt;</a>&nbsp;&nbsp;&nbsp;__0vsprintf
</UL>
<BR>[Address Reference Count : 1]<UL><LI> printfa.o(i.__0vsprintf)
</UL><P>
<H3>
Undefined Global Symbols
</H3><HR></body></html>
