<html>
<body>
<pre>
<h1>µVision Build Log</h1>
<h2>Tool Versions:</h2>
IDE-Version: ¦ÌVision V5.26.2.0
Copyright (C) 2018 ARM Ltd and ARM Germany GmbH. All rights reserved.
License Information: 1 Qiang, 1, LIC=LSNVE-5L8Q5-KNQAC-7GNMI-J6CJQ-GWQ05
 
Tool Versions:
Toolchain:       MDK-ARM Plus  Version: 5.26.2.0
Toolchain Path:  C:\Keil_v5\ARM\ARMCLANG\Bin
C Compiler:      ArmClang.exe V6.10.1
Assembler:       Armasm.exe V6.10.1
Linker/Locator:  ArmLink.exe V6.10.1
Library Manager: ArmAr.exe V6.10.1
Hex Converter:   FromElf.exe V6.10.1
CPU DLL:         SARMCM3.DLL V5.26.2.0
Dialog DLL:      DCM.DLL V1.17.2.0
Target DLL:      UL2CM3.DLL V1.161.6.0
Dialog DLL:      TCM.DLL V1.36.1.0
 
<h2>Project:</h2>
E:\SWSD003-master\lr11xx\apps\per\MDK-ARM\lr11xx-sdk_per.uvprojx
Project File Date:  07/23/2023

<h2>Output:</h2>
*** Using Compiler 'V6.10.1', folder: 'C:\Keil_v5\ARM\ARMCLANG\Bin'
Rebuild target 'LR1120MB1DIS'
assembling startup_stm32l476xx.s...
compiling common_version.c...
compiling smtc_hal_dbg_trace.c...
compiling smtc_shield_pinout_mapping.c...
compiling apps_version.c...
compiling uart_init.c...
../main_per.c(188): warning: implicit declaration of function 'LL_mDelay' is invalid in C99 [-Wimplicit-function-declaration]
    LL_mDelay( TX_TO_TX_DELAY_IN_MS );
    ^
1 warning generated.
compiling main_per.c...
compiling stm32l4xx_ll_spi.c...
compiling apps_common.c...
compiling stm32l4xx_ll_lptim.c...
compiling stm32l4xx_ll_usart.c...
compiling stm32l4xx_ll_tim.c...
compiling stm32l4xx_ll_gpio.c...
compiling stm32l4xx_ll_pwr.c...
compiling stm32l4xx_ll_exti.c...
compiling stm32l4xx_ll_rcc.c...
compiling system_stm32l4xx.c...
compiling lr11xx_bootloader.c...
compiling lr11xx_driver_version.c...
compiling stm32l4xx_ll_utils.c...
compiling lr11xx_lr_fhss.c...
compiling lr11xx_crypto_engine.c...
compiling lr11xx_radio_timings.c...
compiling lr11xx_gnss.c...
compiling lr11xx_regmem.c...
compiling lr11xx_radio.c...
compiling lr11xx_system.c...
compiling lr11xx_wifi.c...
compiling smtc_hal_mcu_rng_stm32l4.c...
compiling smtc_hal_mcu_gpio_stm32l4.c...
compiling smtc_hal_mcu_uart_stm32l4.c...
compiling smtc_hal_mcu_timer_stm32l4.c...
compiling smtc_hal_mcu_stm32l4.c...
compiling smtc_shield_lr11xx_common.c...
compiling smtc_hal_mcu_spi_stm32l4.c...
compiling smtc_shield_lr11x0_common.c...
../../../../lr11xx/common/lr11xx_hal.c(90): warning: implicit declaration of function 'LL_mDelay' is invalid in C99 [-Wimplicit-function-declaration]
    LL_mDelay( 1 );
    ^
../../../../lr11xx/common/lr11xx_hal.c(101): warning: implicit declaration of function 'LL_mDelay' is invalid in C99 [-Wimplicit-function-declaration]
    LL_mDelay( 1 );
    ^
2 warnings generated.
compiling lr11xx_hal.c...
compiling smtc_shield_lr1120mb1dxs_common.c...
compiling smtc_shield_lr1120mb1dis.c...
compiling lr11xx_bootloader_types_str.c...
compiling lr11xx_crypto_engine_types_str.c...
compiling lr11xx_gnss_types_str.c...
compiling lr11xx_radio_types_str.c...
compiling lr11xx_types_str.c...
compiling lr11xx_wifi_types_str.c...
compiling lr11xx_system_types_str.c...
linking...
Program Size: Code=21384 RO-data=3308 RW-data=44 ZI-data=2028  
FromELF: creating hex file...
After Build - User command #1: fromelf --bincombined --output=per.bin .\build\LR1120MB1DIS\per.axf
".\build\LR1120MB1DIS\per.axf" - 0 Error(s), 3 Warning(s).

<h2>Software Packages used:</h2>

Package Vendor: ARM
                http://www.keil.com/pack/ARM.CMSIS.5.4.0.pack
                ARM.CMSIS.5.4.0
                CMSIS (Cortex Microcontroller Software Interface Standard)
   * Component: CORE Version: 5.1.2

Package Vendor: Keil
                http://www.keil.com/pack/Keil.STM32L4xx_DFP.2.0.0.pack
                Keil.STM32L4xx_DFP.2.0.0
                STMicroelectronics STM32L4 Series Device Support, Drivers and Examples

<h2>Collection of Component include folders:</h2>
  .\RTE\_LR1120MB1DIS
  C:\Keil_v5\ARM\PACK\ARM\CMSIS\5.4.0\CMSIS\Core\Include
  C:\Keil_v5\ARM\PACK\Keil\STM32L4xx_DFP\2.0.0\Drivers\CMSIS\Device\ST\STM32L4xx\Include

<h2>Collection of Component Files used:</h2>

   * Component: ARM::CMSIS:CORE:5.1.2
Build Time Elapsed:  00:00:03
</pre>
</body>
</html>
