<html>
<body>
<pre>
<h1>µVision Build Log</h1>
<h2>Tool Versions:</h2>
IDE-Version: ¦ÌVision V5.38.0.0
Copyright (C) 2022 ARM Ltd and ARM Germany GmbH. All rights reserved.
License Information: 111 582805940@qq.com, 111, LIC=BUURY-IBZBA-MMK9I-TGRJZ-PM13M-5N99A
 
Tool Versions:
Toolchain:       MDK-ARM Plus  Version: 5.38.0.0
Toolchain Path:  C:\Keil_v5\ARM\ARMCLANG\Bin
C Compiler:      ArmClang.exe V6.19
Assembler:       Armasm.exe V6.19
Linker/Locator:  ArmLink.exe V6.19
Library Manager: ArmAr.exe V6.19
Hex Converter:   FromElf.exe V6.19
CPU DLL:         SARMCM3.DLL V5.38.0.0
Dialog DLL:      DCM.DLL V1.17.5.0
Target DLL:      STLink\ST-LINKIII-KEIL_SWO.dll V3.1.0.0
Dialog DLL:      TCM.DLL V1.56.4.0
 
<h2>Project:</h2>
D:\hhy\My code\10.stm32+lr1121\wiki demo\DHT11+TTN\LoraWan_Example.uvprojx
Project File Date:  07/02/2025

<h2>Output:</h2>
*** Using Compiler 'V6.19', folder: 'C:\Keil_v5\ARM\ARMCLANG\Bin'
Rebuild target 'Target 1'
assembling startup_stm32l476xx.s...
compiling stm32l4xx_hal_comp.c...
compiling stm32l4xx_hal_can.c...
compiling system_stm32l4xx.c...
compiling stm32l4xx_hal.c...
compiling stm32l4xx_hal_adc_ex.c...
compiling stm32l4xx_hal_cortex.c...
compiling stm32l4xx_hal_crc.c...
compiling stm32l4xx_hal_cryp.c...
compiling stm32l4xx_hal_crc_ex.c...
compiling stm32l4xx_hal_adc.c...
compiling stm32l4xx_hal_cryp_ex.c...
compiling stm32l4xx_hal_dac.c...
compiling stm32l4xx_hal_dac_ex.c...
compiling stm32l4xx_hal_dcmi.c...
compiling stm32l4xx_hal_dfsdm_ex.c...
compiling stm32l4xx_hal_dfsdm.c...
compiling stm32l4xx_hal_dma_ex.c...
compiling stm32l4xx_hal_dma.c...
compiling stm32l4xx_hal_dma2d.c...
compiling stm32l4xx_hal_dsi.c...
compiling stm32l4xx_hal_exti.c...
compiling stm32l4xx_hal_firewall.c...
compiling stm32l4xx_hal_flash_ramfunc.c...
compiling stm32l4xx_hal_flash.c...
compiling stm32l4xx_hal_flash_ex.c...
compiling stm32l4xx_hal_hash.c...
compiling stm32l4xx_hal_gfxmmu.c...
compiling stm32l4xx_hal_hash_ex.c...
compiling stm32l4xx_hal_hcd.c...
compiling stm32l4xx_hal_gpio.c...
compiling stm32l4xx_hal_i2c_ex.c...
compiling stm32l4xx_hal_irda.c...
compiling stm32l4xx_hal_lcd.c...
compiling stm32l4xx_hal_iwdg.c...
compiling stm32l4xx_hal_ltdc.c...
compiling stm32l4xx_hal_ltdc_ex.c...
compiling stm32l4xx_hal_lptim.c...
compiling stm32l4xx_hal_mmc.c...
compiling stm32l4xx_hal_mmc_ex.c...
compiling stm32l4xx_hal_nor.c...
compiling stm32l4xx_hal_nand.c...
compiling stm32l4xx_hal_opamp.c...
compiling stm32l4xx_hal_opamp_ex.c...
compiling stm32l4xx_hal_i2c.c...
compiling stm32l4xx_hal_ospi.c...
compiling stm32l4xx_hal_pcd.c...
compiling stm32l4xx_hal_pcd_ex.c...
compiling stm32l4xx_hal_pwr.c...
compiling stm32l4xx_hal_qspi.c...
compiling stm32l4xx_hal_pwr_ex.c...
compiling stm32l4xx_hal_rcc.c...
compiling stm32l4xx_hal_rng.c...
compiling stm32l4xx_hal_sai.c...
compiling stm32l4xx_hal_rcc_ex.c...
compiling stm32l4xx_hal_rtc.c...
compiling stm32l4xx_hal_sai_ex.c...
compiling stm32l4xx_hal_rtc_ex.c...
compiling stm32l4xx_hal_sd.c...
compiling stm32l4xx_hal_sd_ex.c...
compiling stm32l4xx_hal_smartcard.c...
compiling stm32l4xx_hal_smartcard_ex.c...
compiling stm32l4xx_hal_smbus.c...
compiling stm32l4xx_hal_spi_ex.c...
compiling stm32l4xx_hal_sram.c...
compiling stm32l4xx_hal_swpmi.c...
compiling stm32l4xx_hal_tsc.c...
compiling stm32l4xx_hal_timebase_tim_template.c...
compiling stm32l4xx_hal_spi.c...
compiling stm32l4xx_hal_uart_ex.c...
compiling stm32l4xx_hal_tim_ex.c...
compiling stm32l4xx_hal_usart.c...
compiling stm32l4xx_hal_uart.c...
compiling stm32l4xx_hal_usart_ex.c...
compiling stm32l4xx_ll_adc.c...
compiling stm32l4xx_ll_comp.c...
compiling stm32l4xx_hal_tim.c...
compiling stm32l4xx_hal_wwdg.c...
compiling stm32l4xx_ll_crc.c...
compiling stm32l4xx_ll_crs.c...
compiling stm32l4xx_ll_dac.c...
compiling stm32l4xx_ll_dma.c...
compiling stm32l4xx_ll_dma2d.c...
compiling stm32l4xx_ll_exti.c...
compiling stm32l4xx_ll_i2c.c...
compiling stm32l4xx_ll_gpio.c...
compiling stm32l4xx_ll_lptim.c...
compiling stm32l4xx_ll_lpuart.c...
compiling stm32l4xx_ll_opamp.c...
compiling stm32l4xx_ll_fmc.c...
compiling stm32l4xx_ll_pwr.c...
compiling stm32l4xx_ll_rcc.c...
compiling stm32l4xx_ll_rtc.c...
compiling stm32l4xx_ll_spi.c...
compiling stm32l4xx_ll_rng.c...
compiling stm32l4xx_ll_swpmi.c...
compiling stm32l4xx_ll_sdmmc.c...
compiling stm32l4xx_ll_tim.c...
compiling stm32l4xx_ll_usart.c...
compiling stm32l4xx_ll_usb.c...
compiling external_supply.c...
compiling stm32l4xx_ll_utils.c...
compiling leds.c...
compiling dht11.c...
compiling apps_utilities.c...
compiling main.c...
compiling lr1121_bootloader.c...
compiling delay.c...
compiling lis2de12.c...
compiling lr1121_modem_driver_version.c...
lr1121/boards/Src/lr1121_modem_board.c(342): warning: cast to smaller integer type 'lr1121_evk_led_t' from 'void *' [-Wvoid-pointer-to-enum-cast]
    lr1121_evk_led_t led      = ( lr1121_evk_led_t ) context;
                                ^~~~~~~~~~~~~~~~~~~~~~~~~~~~
1 warning generated.
compiling lr1121_modem_board.c...
compiling lr1121_modem_helper.c...
compiling lr1121_modem_bsp.c...
compiling lr1121_modem_lr_fhss.c...
compiling lr1121_modem_radio_timings.c...
compiling lr1121_modem_modem.c...
compiling lr1121_modem_lorawan.c...
compiling lr1121_modem_relay.c...
compiling lr1121_modem_regmem.c...
compiling lr1121_modem_radio.c...
compiling lr1121_modem_system.c...
compiling smtc_hal_rng.c...
compiling smtc_hal_gpio.c...
compiling smtc_hal_i2c.c...
compiling smtc_hal_flash.c...
compiling smtc_hal_mcu.c...
compiling lr1121_modem_hal.c...
compiling smtc_hal_rtc.c...
compiling smtc_utilities.c...
compiling smtc_hal_tmr.c...
compiling smtc_hal_watchdog.c...
compiling smtc_hal_spi.c...
compiling smtc_hal_uart.c...
compiling smtc_hal_tmr_list.c...
linking...
Program Size: Code=44294 RO-data=2942 RW-data=912 ZI-data=2168  
FromELF: creating hex file...
".\Objects\LoraWan_Example.axf" - 0 Error(s), 1 Warning(s).

<h2>Software Packages used:</h2>

Package Vendor: Keil
                http://www.keil.com/pack/Keil.STM32L4xx_DFP.2.6.1.pack
                Keil.STM32L4xx_DFP.2.6.1
                STMicroelectronics STM32L4 Series Device Support, Drivers and Examples

<h2>Collection of Component include folders:</h2>
  C:/Users/58280/AppData/Local/Arm/Packs/Keil/STM32L4xx_DFP/2.6.1/Drivers/CMSIS/Device/ST/STM32L4xx/Include

<h2>Collection of Component Files used:</h2>
Build Time Elapsed:  00:00:08
</pre>
</body>
</html>
