Component: Arm Compiler for Embedded 6.19 Tool: armlink [5e73cb00]

==============================================================================

Section Cross References

    system_stm32l4xx.o(.ARM.exidx.text.SystemInit) refers to system_stm32l4xx.o(.text.SystemInit) for [Anonymous Symbol]
    system_stm32l4xx.o(.text.SystemCoreClockUpdate) refers to system_stm32l4xx.o(.rodata.MSIRangeTable) for MSIRangeTable
    system_stm32l4xx.o(.text.SystemCoreClockUpdate) refers to system_stm32l4xx.o(.data.SystemCoreClock) for SystemCoreClock
    system_stm32l4xx.o(.text.SystemCoreClockUpdate) refers to system_stm32l4xx.o(.rodata.AHBPrescTable) for AHBPrescTable
    system_stm32l4xx.o(.ARM.exidx.text.SystemCoreClockUpdate) refers to system_stm32l4xx.o(.text.SystemCoreClockUpdate) for [Anonymous Symbol]
    startup_stm32l476xx.o(STACK) refers (Special) to heapauxi.o(.text) for __use_two_region_memory
    startup_stm32l476xx.o(HEAP) refers (Special) to heapauxi.o(.text) for __use_two_region_memory
    startup_stm32l476xx.o(RESET) refers (Special) to heapauxi.o(.text) for __use_two_region_memory
    startup_stm32l476xx.o(RESET) refers to startup_stm32l476xx.o(STACK) for __initial_sp
    startup_stm32l476xx.o(RESET) refers to startup_stm32l476xx.o(.text) for Reset_Handler
    startup_stm32l476xx.o(RESET) refers to smtc_hal_mcu.o(.text.HardFault_Handler) for HardFault_Handler
    startup_stm32l476xx.o(RESET) refers to smtc_hal_mcu.o(.text.SysTick_Handler) for SysTick_Handler
    startup_stm32l476xx.o(RESET) refers to smtc_hal_mcu.o(.text.PVD_PVM_IRQHandler) for PVD_PVM_IRQHandler
    startup_stm32l476xx.o(RESET) refers to smtc_hal_rtc.o(.text.RTC_WKUP_IRQHandler) for RTC_WKUP_IRQHandler
    startup_stm32l476xx.o(RESET) refers to smtc_hal_gpio.o(.text.EXTI0_IRQHandler) for EXTI0_IRQHandler
    startup_stm32l476xx.o(RESET) refers to smtc_hal_gpio.o(.text.EXTI1_IRQHandler) for EXTI1_IRQHandler
    startup_stm32l476xx.o(RESET) refers to smtc_hal_gpio.o(.text.EXTI2_IRQHandler) for EXTI2_IRQHandler
    startup_stm32l476xx.o(RESET) refers to smtc_hal_gpio.o(.text.EXTI3_IRQHandler) for EXTI3_IRQHandler
    startup_stm32l476xx.o(RESET) refers to smtc_hal_gpio.o(.text.EXTI4_IRQHandler) for EXTI4_IRQHandler
    startup_stm32l476xx.o(RESET) refers to smtc_hal_gpio.o(.text.EXTI9_5_IRQHandler) for EXTI9_5_IRQHandler
    startup_stm32l476xx.o(RESET) refers to smtc_hal_uart.o(.text.USART1_IRQHandler) for USART1_IRQHandler
    startup_stm32l476xx.o(RESET) refers to smtc_hal_uart.o(.text.USART2_IRQHandler) for USART2_IRQHandler
    startup_stm32l476xx.o(RESET) refers to smtc_hal_uart.o(.text.USART3_IRQHandler) for USART3_IRQHandler
    startup_stm32l476xx.o(RESET) refers to smtc_hal_gpio.o(.text.EXTI15_10_IRQHandler) for EXTI15_10_IRQHandler
    startup_stm32l476xx.o(RESET) refers to smtc_hal_rtc.o(.text.RTC_Alarm_IRQHandler) for RTC_Alarm_IRQHandler
    startup_stm32l476xx.o(RESET) refers to stm32l4xx_hal_timebase_tim_template.o(.text.TIM6_DAC_IRQHandler) for TIM6_DAC_IRQHandler
    startup_stm32l476xx.o(RESET) refers to smtc_hal_tmr.o(.text.LPTIM1_IRQHandler) for LPTIM1_IRQHandler
    startup_stm32l476xx.o(.text) refers (Special) to heapauxi.o(.text) for __use_two_region_memory
    startup_stm32l476xx.o(.text) refers to system_stm32l4xx.o(.text.SystemInit) for SystemInit
    startup_stm32l476xx.o(.text) refers to __main.o(!!!main) for __main
    startup_stm32l476xx.o(.text) refers to startup_stm32l476xx.o(HEAP) for Heap_Mem
    startup_stm32l476xx.o(.text) refers to startup_stm32l476xx.o(STACK) for Stack_Mem
    stm32l4xx_hal.o(.text.HAL_Init) refers to stm32l4xx_hal_cortex.o(.text.HAL_NVIC_SetPriorityGrouping) for HAL_NVIC_SetPriorityGrouping
    stm32l4xx_hal.o(.text.HAL_Init) refers to stm32l4xx_hal_timebase_tim_template.o(.text.HAL_InitTick) for HAL_InitTick
    stm32l4xx_hal.o(.text.HAL_Init) refers to smtc_hal_mcu.o(.text.HAL_MspInit) for HAL_MspInit
    stm32l4xx_hal.o(.ARM.exidx.text.HAL_Init) refers to stm32l4xx_hal.o(.text.HAL_Init) for [Anonymous Symbol]
    stm32l4xx_hal.o(.text.HAL_InitTick) refers to stm32l4xx_hal.o(.data..L_MergedGlobals) for .L_MergedGlobals
    stm32l4xx_hal.o(.text.HAL_InitTick) refers to system_stm32l4xx.o(.data.SystemCoreClock) for SystemCoreClock
    stm32l4xx_hal.o(.text.HAL_InitTick) refers to stm32l4xx_hal_cortex.o(.text.HAL_SYSTICK_Config) for HAL_SYSTICK_Config
    stm32l4xx_hal.o(.text.HAL_InitTick) refers to stm32l4xx_hal_cortex.o(.text.HAL_NVIC_SetPriority) for HAL_NVIC_SetPriority
    stm32l4xx_hal.o(.ARM.exidx.text.HAL_InitTick) refers to stm32l4xx_hal.o(.text.HAL_InitTick) for [Anonymous Symbol]
    stm32l4xx_hal.o(.ARM.exidx.text.HAL_MspInit) refers to stm32l4xx_hal.o(.text.HAL_MspInit) for [Anonymous Symbol]
    stm32l4xx_hal.o(.text.HAL_DeInit) refers to stm32l4xx_hal.o(.text.HAL_MspDeInit) for HAL_MspDeInit
    stm32l4xx_hal.o(.ARM.exidx.text.HAL_DeInit) refers to stm32l4xx_hal.o(.text.HAL_DeInit) for [Anonymous Symbol]
[...]
    _printf_fp_dec_real                      0x08000e53   Thumb Code   620  _printf_fp_dec.o(.text)
    _printf_fp_hex_real                      0x080010c5   Thumb Code   756  _printf_fp_hex.o(.text)
    _printf_cs_common                        0x080013c7   Thumb Code    20  _printf_char.o(.text)
    _printf_char                             0x080013db   Thumb Code    16  _printf_char.o(.text)
    _printf_string                           0x080013eb   Thumb Code     8  _printf_char.o(.text)
    _printf_lcs_common                       0x080013f3   Thumb Code    20  _printf_wchar.o(.text)
    _printf_wchar                            0x08001407   Thumb Code    16  _printf_wchar.o(.text)
    _printf_wstring                          0x08001417   Thumb Code     8  _printf_wchar.o(.text)
    _c16rtomb                                0x0800141f   Thumb Code    72  _c16rtomb.o(.text)
    _wcrtomb                                 0x0800141f   Thumb Code     0  _c16rtomb.o(.text)
    __user_setup_stackheap                   0x08001467   Thumb Code    74  sys_stackheap_outer.o(.text)
    __rt_ctype_table                         0x080014b1   Thumb Code    16  rt_ctype_table.o(.text)
    __rt_locale                              0x080014c1   Thumb Code     8  rt_locale_intlibspace.o(.text)
    _printf_fp_infnan                        0x080014c9   Thumb Code   112  _printf_fp_infnan.o(.text)
    _btod_etento                             0x08001549   Thumb Code   224  bigflt0.o(.text)
    exit                                     0x0800162d   Thumb Code    18  exit.o(.text)
    __user_libspace                          0x08001641   Thumb Code     8  libspace.o(.text)
    __user_perproc_libspace                  0x08001641   Thumb Code     0  libspace.o(.text)
    __user_perthread_libspace                0x08001641   Thumb Code     0  libspace.o(.text)
    strcmp                                   0x08001649   Thumb Code   124  strcmpv7em.o(.text)
    _sys_exit                                0x080016c5   Thumb Code     8  sys_exit.o(.text)
    __I$use$semihosting                      0x080016d1   Thumb Code     0  use_no_semi.o(.text)
    __use_no_semihosting_swi                 0x080016d1   Thumb Code     2  use_no_semi.o(.text)
    __semihosting_library_function           0x080016d3   Thumb Code     0  indicate_semi.o(.text)
    DHT11_Start                              0x080016d5   Thumb Code   234  dht11.o(.text.DHT11_Start)
    DHT_Read                                 0x080017c1   Thumb Code   216  dht11.o(.text.DHT_Read)
    DHT_Read_Byte                            0x080018d5   Thumb Code   172  dht11.o(.text.DHT_Read_Byte)
    EXTI0_IRQHandler                         0x08001981   Thumb Code     6  smtc_hal_gpio.o(.text.EXTI0_IRQHandler)
    EXTI15_10_IRQHandler                     0x08001989   Thumb Code    54  smtc_hal_gpio.o(.text.EXTI15_10_IRQHandler)
    EXTI1_IRQHandler                         0x080019c1   Thumb Code     6  smtc_hal_gpio.o(.text.EXTI1_IRQHandler)
    EXTI2_IRQHandler                         0x080019c9   Thumb Code     6  smtc_hal_gpio.o(.text.EXTI2_IRQHandler)
    EXTI3_IRQHandler                         0x080019d1   Thumb Code     6  smtc_hal_gpio.o(.text.EXTI3_IRQHandler)
    EXTI4_IRQHandler                         0x080019d9   Thumb Code     6  smtc_hal_gpio.o(.text.EXTI4_IRQHandler)
    EXTI9_5_IRQHandler                       0x080019e1   Thumb Code    40  smtc_hal_gpio.o(.text.EXTI9_5_IRQHandler)
    HAL_DBGMCU_DisableDBGSleepMode           0x08001a09   Thumb Code    18  stm32l4xx_hal.o(.text.HAL_DBGMCU_DisableDBGSleepMode)
    HAL_DBGMCU_DisableDBGStandbyMode         0x08001a1d   Thumb Code    18  stm32l4xx_hal.o(.text.HAL_DBGMCU_DisableDBGStandbyMode)
    HAL_DBGMCU_DisableDBGStopMode            0x08001a31   Thumb Code    18  stm32l4xx_hal.o(.text.HAL_DBGMCU_DisableDBGStopMode)
    HAL_DMA_Abort_IT                         0x08001a45   Thumb Code    88  stm32l4xx_hal_dma.o(.text.HAL_DMA_Abort_IT)
    HAL_Delay                                0x08001a9d   Thumb Code    40  stm32l4xx_hal.o(.text.HAL_Delay)
    HAL_GPIO_DeInit                          0x08001ac5   Thumb Code   270  stm32l4xx_hal_gpio.o(.text.HAL_GPIO_DeInit)
    HAL_GPIO_EXTI_Callback                   0x08001bd9   Thumb Code   114  smtc_hal_gpio.o(.text.HAL_GPIO_EXTI_Callback)
    HAL_GPIO_EXTI_IRQHandler                 0x08001c4d   Thumb Code    22  stm32l4xx_hal_gpio.o(.text.HAL_GPIO_EXTI_IRQHandler)
    HAL_GPIO_Init                            0x08001c65   Thumb Code   438  stm32l4xx_hal_gpio.o(.text.HAL_GPIO_Init)
    HAL_GPIO_ReadPin                         0x08001e21   Thumb Code    10  stm32l4xx_hal_gpio.o(.text.HAL_GPIO_ReadPin)
    HAL_GPIO_WritePin                        0x08001e2d   Thumb Code    12  stm32l4xx_hal_gpio.o(.text.HAL_GPIO_WritePin)
    HAL_GetTick                              0x08001e39   Thumb Code    12  stm32l4xx_hal.o(.text.HAL_GetTick)
    HAL_I2CEx_ConfigAnalogFilter             0x08001e45   Thumb Code    74  stm32l4xx_hal_i2c_ex.o(.text.HAL_I2CEx_ConfigAnalogFilter)
    HAL_I2CEx_ConfigDigitalFilter            0x08001e91   Thumb Code    72  stm32l4xx_hal_i2c_ex.o(.text.HAL_I2CEx_ConfigDigitalFilter)
    HAL_I2C_DeInit                           0x08001ed9   Thumb Code    54  stm32l4xx_hal_i2c.o(.text.HAL_I2C_DeInit)
    HAL_I2C_Init                             0x08001f11   Thumb Code   162  stm32l4xx_hal_i2c.o(.text.HAL_I2C_Init)
    HAL_I2C_Mem_Read                         0x08001fb5   Thumb Code   612  stm32l4xx_hal_i2c.o(.text.HAL_I2C_Mem_Read)
    HAL_I2C_Mem_Write                        0x08002221   Thumb Code   540  stm32l4xx_hal_i2c.o(.text.HAL_I2C_Mem_Write)
    HAL_I2C_MspDeInit                        0x08002445   Thumb Code   160  smtc_hal_i2c.o(.text.HAL_I2C_MspDeInit)
    HAL_I2C_MspInit                          0x080024e5   Thumb Code   376  smtc_hal_i2c.o(.text.HAL_I2C_MspInit)
    HAL_IncTick                              0x0800265d   Thumb Code    26  stm32l4xx_hal.o(.text.HAL_IncTick)
    HAL_Init                                 0x08002679   Thumb Code    30  stm32l4xx_hal.o(.text.HAL_Init)
    HAL_InitTick                             0x08002699   Thumb Code   152  stm32l4xx_hal_timebase_tim_template.o(.text.HAL_InitTick)
    HAL_LPTIM_AutoReloadMatchCallback        0x08002731   Thumb Code     2  stm32l4xx_hal_lptim.o(.text.HAL_LPTIM_AutoReloadMatchCallback)
    HAL_LPTIM_AutoReloadWriteCallback        0x08002735   Thumb Code     2  stm32l4xx_hal_lptim.o(.text.HAL_LPTIM_AutoReloadWriteCallback)
    HAL_LPTIM_CompareMatchCallback           0x08002739   Thumb Code     2  stm32l4xx_hal_lptim.o(.text.HAL_LPTIM_CompareMatchCallback)
    HAL_LPTIM_CompareWriteCallback           0x0800273d   Thumb Code     2  stm32l4xx_hal_lptim.o(.text.HAL_LPTIM_CompareWriteCallback)
    HAL_LPTIM_DirectionDownCallback          0x08002741   Thumb Code     2  stm32l4xx_hal_lptim.o(.text.HAL_LPTIM_DirectionDownCallback)
    HAL_LPTIM_DirectionUpCallback            0x08002745   Thumb Code     2  stm32l4xx_hal_lptim.o(.text.HAL_LPTIM_DirectionUpCallback)
    HAL_LPTIM_IRQHandler                     0x08002749   Thumb Code   214  stm32l4xx_hal_lptim.o(.text.HAL_LPTIM_IRQHandler)
    HAL_LPTIM_Init                           0x08002821   Thumb Code   206  stm32l4xx_hal_lptim.o(.text.HAL_LPTIM_Init)
    HAL_LPTIM_MspInit                        0x080028f1   Thumb Code    70  smtc_hal_tmr.o(.text.HAL_LPTIM_MspInit)
    HAL_LPTIM_TimeOut_Stop                   0x08002939   Thumb Code    36  stm32l4xx_hal_lptim.o(.text.HAL_LPTIM_TimeOut_Stop)
    HAL_LPTIM_TriggerCallback                0x0800295d   Thumb Code     2  stm32l4xx_hal_lptim.o(.text.HAL_LPTIM_TriggerCallback)
    HAL_MspInit                              0x08002961   Thumb Code   144  smtc_hal_mcu.o(.text.HAL_MspInit)
    HAL_NVIC_EnableIRQ                       0x080029f1   Thumb Code    38  stm32l4xx_hal_cortex.o(.text.HAL_NVIC_EnableIRQ)
    HAL_NVIC_SetPriority                     0x08002a19   Thumb Code    86  stm32l4xx_hal_cortex.o(.text.HAL_NVIC_SetPriority)
    HAL_NVIC_SetPriorityGrouping             0x08002a71   Thumb Code    32  stm32l4xx_hal_cortex.o(.text.HAL_NVIC_SetPriorityGrouping)
    HAL_PWREx_EnterSTOP2Mode                 0x08002a91   Thumb Code    60  stm32l4xx_hal_pwr_ex.o(.text.HAL_PWREx_EnterSTOP2Mode)
    HAL_PWREx_GetVoltageRange                0x08002acd   Thumb Code    16  stm32l4xx_hal_pwr_ex.o(.text.HAL_PWREx_GetVoltageRange)
    HAL_PWR_ConfigPVD                        0x08002add   Thumb Code   136  stm32l4xx_hal_pwr.o(.text.HAL_PWR_ConfigPVD)
    HAL_PWR_EnablePVD                        0x08002b65   Thumb Code    18  stm32l4xx_hal_pwr.o(.text.HAL_PWR_EnablePVD)
    HAL_RCCEx_PeriphCLKConfig                0x08002b79   Thumb Code   996  stm32l4xx_hal_rcc_ex.o(.text.HAL_RCCEx_PeriphCLKConfig)
    HAL_RCC_ClockConfig                      0x08002f5d   Thumb Code   586  stm32l4xx_hal_rcc.o(.text.HAL_RCC_ClockConfig)
    HAL_RCC_GetClockConfig                   0x080031a9   Thumb Code    66  stm32l4xx_hal_rcc.o(.text.HAL_RCC_GetClockConfig)
    HAL_RCC_GetHCLKFreq                      0x080031ed   Thumb Code    12  stm32l4xx_hal_rcc.o(.text.HAL_RCC_GetHCLKFreq)
    HAL_RCC_GetPCLK1Freq                     0x080031f9   Thumb Code    42  stm32l4xx_hal_rcc.o(.text.HAL_RCC_GetPCLK1Freq)
    HAL_RCC_GetPCLK2Freq                     0x08003225   Thumb Code    42  stm32l4xx_hal_rcc.o(.text.HAL_RCC_GetPCLK2Freq)
    HAL_RCC_GetSysClockFreq                  0x08003251   Thumb Code   194  stm32l4xx_hal_rcc.o(.text.HAL_RCC_GetSysClockFreq)
    HAL_RCC_OscConfig                        0x08003315   Thumb Code  1846  stm32l4xx_hal_rcc.o(.text.HAL_RCC_OscConfig)
    HAL_RTCEx_DeactivateWakeUpTimer          0x08003a4d   Thumb Code   110  stm32l4xx_hal_rtc_ex.o(.text.HAL_RTCEx_DeactivateWakeUpTimer)
    HAL_RTCEx_EnableBypassShadow             0x08003abd   Thumb Code    54  stm32l4xx_hal_rtc_ex.o(.text.HAL_RTCEx_EnableBypassShadow)
    HAL_RTCEx_SetWakeUpTimer_IT              0x08003af5   Thumb Code   178  stm32l4xx_hal_rtc_ex.o(.text.HAL_RTCEx_SetWakeUpTimer_IT)
    HAL_RTCEx_WakeUpTimerEventCallback       0x08003ba9   Thumb Code     2  stm32l4xx_hal_rtc_ex.o(.text.HAL_RTCEx_WakeUpTimerEventCallback)
    HAL_RTCEx_WakeUpTimerIRQHandler          0x08003bad   Thumb Code    52  stm32l4xx_hal_rtc_ex.o(.text.HAL_RTCEx_WakeUpTimerIRQHandler)
    HAL_RTC_DeactivateAlarm                  0x08003be1   Thumb Code   160  stm32l4xx_hal_rtc.o(.text.HAL_RTC_DeactivateAlarm)
    HAL_RTC_GetDate                          0x08003c81   Thumb Code   100  stm32l4xx_hal_rtc.o(.text.HAL_RTC_GetDate)
    HAL_RTC_GetTime                          0x08003ce5   Thumb Code   112  stm32l4xx_hal_rtc.o(.text.HAL_RTC_GetTime)
    HAL_RTC_Init                             0x08003d55   Thumb Code   196  stm32l4xx_hal_rtc.o(.text.HAL_RTC_Init)
    HAL_RTC_MspInit                          0x08003e19   Thumb Code    38  smtc_hal_rtc.o(.text.HAL_RTC_MspInit)
    HAL_RTC_SetAlarm_IT                      0x08003e41   Thumb Code   512  stm32l4xx_hal_rtc.o(.text.HAL_RTC_SetAlarm_IT)
    HAL_RTC_SetDate                          0x08004041   Thumb Code   324  stm32l4xx_hal_rtc.o(.text.HAL_RTC_SetDate)
    HAL_RTC_SetTime                          0x08004185   Thumb Code   370  stm32l4xx_hal_rtc.o(.text.HAL_RTC_SetTime)
    HAL_SPI_DeInit                           0x080042f9   Thumb Code    48  stm32l4xx_hal_spi.o(.text.HAL_SPI_DeInit)
    HAL_SPI_Init                             0x08004329   Thumb Code   166  stm32l4xx_hal_spi.o(.text.HAL_SPI_Init)
    HAL_SPI_MspDeInit                        0x080043d1   Thumb Code   140  smtc_hal_spi.o(.text.HAL_SPI_MspDeInit)
    HAL_SPI_MspInit                          0x0800445d   Thumb Code   304  smtc_hal_spi.o(.text.HAL_SPI_MspInit)
    HAL_SYSTICK_CLKSourceConfig              0x0800458d   Thumb Code    24  stm32l4xx_hal_cortex.o(.text.HAL_SYSTICK_CLKSourceConfig)
    HAL_SYSTICK_Callback                     0x080045a5   Thumb Code     2  stm32l4xx_hal_cortex.o(.text.HAL_SYSTICK_Callback)
    HAL_SYSTICK_Config                       0x080045a9   Thumb Code    44  stm32l4xx_hal_cortex.o(.text.HAL_SYSTICK_Config)
    HAL_SYSTICK_IRQHandler                   0x080045d5   Thumb Code     4  stm32l4xx_hal_cortex.o(.text.HAL_SYSTICK_IRQHandler)
    HAL_TIMEx_Break2Callback                 0x080045d9   Thumb Code     2  stm32l4xx_hal_tim_ex.o(.text.HAL_TIMEx_Break2Callback)
    HAL_TIMEx_BreakCallback                  0x080045dd   Thumb Code     2  stm32l4xx_hal_tim_ex.o(.text.HAL_TIMEx_BreakCallback)
    HAL_TIMEx_CommutCallback                 0x080045e1   Thumb Code     2  stm32l4xx_hal_tim_ex.o(.text.HAL_TIMEx_CommutCallback)
    HAL_TIM_Base_Init                        0x080045e5   Thumb Code    54  stm32l4xx_hal_tim.o(.text.HAL_TIM_Base_Init)
    HAL_TIM_Base_MspInit                     0x0800461d   Thumb Code     2  stm32l4xx_hal_tim.o(.text.HAL_TIM_Base_MspInit)
    HAL_TIM_Base_Start_IT                    0x08004621   Thumb Code    48  stm32l4xx_hal_tim.o(.text.HAL_TIM_Base_Start_IT)
    HAL_TIM_IC_CaptureCallback               0x08004651   Thumb Code     2  stm32l4xx_hal_tim.o(.text.HAL_TIM_IC_CaptureCallback)
    HAL_TIM_IRQHandler                       0x08004655   Thumb Code   396  stm32l4xx_hal_tim.o(.text.HAL_TIM_IRQHandler)
    HAL_TIM_OC_DelayElapsedCallback          0x080047e1   Thumb Code     2  stm32l4xx_hal_tim.o(.text.HAL_TIM_OC_DelayElapsedCallback)
    HAL_TIM_PWM_PulseFinishedCallback        0x080047e5   Thumb Code     2  stm32l4xx_hal_tim.o(.text.HAL_TIM_PWM_PulseFinishedCallback)
    HAL_TIM_PeriodElapsedCallback            0x080047e9   Thumb Code     4  stm32l4xx_hal_timebase_tim_template.o(.text.HAL_TIM_PeriodElapsedCallback)
    HAL_TIM_TriggerCallback                  0x080047ed   Thumb Code     2  stm32l4xx_hal_tim.o(.text.HAL_TIM_TriggerCallback)
    HAL_UARTEx_WakeupCallback                0x080047f1   Thumb Code     2  stm32l4xx_hal_uart_ex.o(.text.HAL_UARTEx_WakeupCallback)
    HAL_UART_DeInit                          0x080047f5   Thumb Code    52  stm32l4xx_hal_uart.o(.text.HAL_UART_DeInit)
    HAL_UART_ErrorCallback                   0x08004829   Thumb Code     2  stm32l4xx_hal_uart.o(.text.HAL_UART_ErrorCallback)
    HAL_UART_IRQHandler                      0x0800482d   Thumb Code   394  stm32l4xx_hal_uart.o(.text.HAL_UART_IRQHandler)
    HAL_UART_Init                            0x080049b9   Thumb Code    98  stm32l4xx_hal_uart.o(.text.HAL_UART_Init)
    HAL_UART_MspDeInit                       0x08004a1d   Thumb Code   158  smtc_hal_uart.o(.text.HAL_UART_MspDeInit)
    HAL_UART_MspInit                         0x08004abd   Thumb Code   420  smtc_hal_uart.o(.text.HAL_UART_MspInit)
    HAL_UART_Transmit                        0x08004c61   Thumb Code   450  stm32l4xx_hal_uart.o(.text.HAL_UART_Transmit)
    HAL_UART_TxCpltCallback                  0x08004e25   Thumb Code     2  stm32l4xx_hal_uart.o(.text.HAL_UART_TxCpltCallback)
    HardFault_Handler                        0x08004e29   Thumb Code    52  smtc_hal_mcu.o(.text.HardFault_Handler)
    LPTIM1_IRQHandler                        0x080051cd   Thumb Code    42  smtc_hal_tmr.o(.text.LPTIM1_IRQHandler)
    LPTIM_Disable                            0x080051f9   Thumb Code   400  stm32l4xx_hal_lptim.o(.text.LPTIM_Disable)
    PVD_PVM_IRQHandler                       0x08005391   Thumb Code    88  smtc_hal_mcu.o(.text.PVD_PVM_IRQHandler)
    RTC_Alarm_IRQHandler                     0x080056b9   Thumb Code    54  smtc_hal_rtc.o(.text.RTC_Alarm_IRQHandler)
    RTC_ExitInitMode                         0x080056f1   Thumb Code   148  stm32l4xx_hal_rtc.o(.text.RTC_ExitInitMode)
    RTC_WKUP_IRQHandler                      0x08005785   Thumb Code    14  smtc_hal_rtc.o(.text.RTC_WKUP_IRQHandler)
    SysTick_Handler                          0x08005795   Thumb Code    14  smtc_hal_mcu.o(.text.SysTick_Handler)
    SystemInit                               0x080057a5   Thumb Code    82  system_stm32l4xx.o(.text.SystemInit)
    TIM6_DAC_IRQHandler                      0x080057f9   Thumb Code    12  stm32l4xx_hal_timebase_tim_template.o(.text.TIM6_DAC_IRQHandler)
    TIM_Base_SetConfig                       0x08005805   Thumb Code   318  stm32l4xx_hal_tim.o(.text.TIM_Base_SetConfig)
    UART_AdvFeatureConfig                    0x08005945   Thumb Code   232  stm32l4xx_hal_uart.o(.text.UART_AdvFeatureConfig)
    UART_CheckIdleState                      0x08005a2d   Thumb Code   130  stm32l4xx_hal_uart.o(.text.UART_CheckIdleState)
    UART_SetConfig                           0x08005ac1   Thumb Code   660  stm32l4xx_hal_uart.o(.text.UART_SetConfig)
    USART1_IRQHandler                        0x08005d65   Thumb Code    14  smtc_hal_uart.o(.text.USART1_IRQHandler)
    USART2_IRQHandler                        0x08005d75   Thumb Code    14  smtc_hal_uart.o(.text.USART2_IRQHandler)
    USART3_IRQHandler                        0x08005d85   Thumb Code    16  smtc_hal_uart.o(.text.USART3_IRQHandler)
    accelerometer_init                       0x08005dc1   Thumb Code   620  lis2de12.o(.text.accelerometer_init)
    delay_ms                                 0x0800602d   Thumb Code   584  delay.o(.text.delay_ms)
    delay_us                                 0x08006275   Thumb Code   104  delay.o(.text.delay_us)
    external_supply_deinit                   0x08007725   Thumb Code    12  external_supply.o(.text.external_supply_deinit)
    external_supply_init                     0x08007731   Thumb Code    14  external_supply.o(.text.external_supply_init)
    flash_init                               0x08007741   Thumb Code  1048  smtc_hal_flash.o(.text.flash_init)
    get_and_print_crashlog                   0x08007b61   Thumb Code   328  apps_utilities.o(.text.get_and_print_crashlog)
    hal_gpio_deinit                          0x08007d0d   Thumb Code    34  smtc_hal_gpio.o(.text.hal_gpio_deinit)
    hal_gpio_get_value                       0x08007d31   Thumb Code    36  smtc_hal_gpio.o(.text.hal_gpio_get_value)
    hal_gpio_init_in                         0x08007eb9   Thumb Code    68  smtc_hal_gpio.o(.text.hal_gpio_init_in)
    hal_gpio_init_out                        0x08007f19   Thumb Code    38  smtc_hal_gpio.o(.text.hal_gpio_init_out)
    hal_gpio_set_value                       0x08007f41   Thumb Code    34  smtc_hal_gpio.o(.text.hal_gpio_set_value)
    hal_i2c_deinit                           0x08007f65   Thumb Code    20  smtc_hal_i2c.o(.text.hal_i2c_deinit)
    hal_i2c_init                             0x08007f79   Thumb Code   116  smtc_hal_i2c.o(.text.hal_i2c_init)
    hal_i2c_read_buffer                      0x08007fed   Thumb Code    70  smtc_hal_i2c.o(.text.hal_i2c_read_buffer)
    hal_i2c_write_buffer                     0x08008035   Thumb Code   132  smtc_hal_i2c.o(.text.hal_i2c_write_buffer)
    hal_mcu_disable_irq                      0x080080c1   Thumb Code     8  smtc_hal_mcu.o(.text.hal_mcu_disable_irq)
    hal_mcu_enable_irq                       0x080080c9   Thumb Code     4  smtc_hal_mcu.o(.text.hal_mcu_enable_irq)
    hal_mcu_init                             0x080080cd   Thumb Code   418  smtc_hal_mcu.o(.text.hal_mcu_init)
    hal_mcu_init_periph                      0x08008271   Thumb Code    22  smtc_hal_mcu.o(.text.hal_mcu_init_periph)
    hal_mcu_low_power_handler                0x08008289   Thumb Code   342  smtc_hal_mcu.o(.text.hal_mcu_low_power_handler)
    hal_mcu_panic                            0x080083e1   Thumb Code    96  smtc_hal_mcu.o(.text.hal_mcu_panic)
    hal_mcu_set_sleep_for_ms                 0x0800845d   Thumb Code    24  smtc_hal_mcu.o(.text.hal_mcu_set_sleep_for_ms)
    hal_mcu_trace_print                      0x08008475   Thumb Code    60  smtc_hal_mcu.o(.text.hal_mcu_trace_print)
    hal_rtc_get_minimum_timeout              0x080084b1   Thumb Code     4  smtc_hal_rtc.o(.text.hal_rtc_get_minimum_timeout)
    hal_rtc_get_time_ms                      0x080084b5   Thumb Code    38  smtc_hal_rtc.o(.text.hal_rtc_get_time_ms)
    hal_rtc_get_time_ref_in_ticks            0x080084dd   Thumb Code    12  smtc_hal_rtc.o(.text.hal_rtc_get_time_ref_in_ticks)
    hal_rtc_get_timer_elapsed_value          0x080084e9   Thumb Code    28  smtc_hal_rtc.o(.text.hal_rtc_get_timer_elapsed_value)
    hal_rtc_init                             0x08008505   Thumb Code   168  smtc_hal_rtc.o(.text.hal_rtc_init)
    hal_rtc_set_time_ref_in_ticks            0x080085ad   Thumb Code    26  smtc_hal_rtc.o(.text.hal_rtc_set_time_ref_in_ticks)
    hal_rtc_start_alarm                      0x080085c9   Thumb Code   596  smtc_hal_rtc.o(.text.hal_rtc_start_alarm)
    hal_rtc_stop_timer                       0x08008841   Thumb Code    14  smtc_hal_rtc.o(.text.hal_rtc_stop_timer)
    hal_rtc_wakeup_timer_set_ms              0x08008851   Thumb Code    46  smtc_hal_rtc.o(.text.hal_rtc_wakeup_timer_set_ms)
    hal_spi_deinit                           0x08008881   Thumb Code    22  smtc_hal_spi.o(.text.hal_spi_deinit)
    hal_spi_in_out                           0x08008899   Thumb Code    82  smtc_hal_spi.o(.text.hal_spi_in_out)
    hal_spi_init                             0x080088ed   Thumb Code   106  smtc_hal_spi.o(.text.hal_spi_init)
    hal_tmr_init                             0x08008959   Thumb Code    64  smtc_hal_tmr.o(.text.hal_tmr_init)
    hal_uart_deinit                          0x08008999   Thumb Code    22  smtc_hal_uart.o(.text.hal_uart_deinit)
    hal_uart_init                            0x080089b1   Thumb Code    88  smtc_hal_uart.o(.text.hal_uart_init)
    hal_uart_tx                              0x08008a09   Thumb Code    26  smtc_hal_uart.o(.text.hal_uart_tx)
    hal_watchdog_reload                      0x08008a25   Thumb Code    16  smtc_hal_watchdog.o(.text.hal_watchdog_reload)
    leds_blink                               0x08008a35   Thumb Code   434  leds.o(.text.leds_blink)
    leds_deinit                              0x08008be9   Thumb Code    24  leds.o(.text.leds_deinit)
    leds_init                                0x08008c01   Thumb Code    30  leds.o(.text.leds_init)
    lis2de12_int1_irq_handler                0x08008c21   Thumb Code    14  lis2de12.o(.text.lis2de12_int1_irq_handler)
    lr1121_modem_board_deinit_io             0x08008c31   Thumb Code    86  lr1121_modem_board.o(.text.lr1121_modem_board_deinit_io)
    lr1121_modem_board_event_flush           0x08008c89   Thumb Code    26  lr1121_modem_board.o(.text.lr1121_modem_board_event_flush)
    lr1121_modem_board_init_io               0x08008ca5   Thumb Code    56  lr1121_modem_board.o(.text.lr1121_modem_board_init_io)
    lr1121_modem_board_init_io_context       0x08008cdd   Thumb Code    42  lr1121_modem_board.o(.text.lr1121_modem_board_init_io_context)
    lr1121_modem_get_crashlog                0x08008d09   Thumb Code    84  lr1121_modem_modem.o(.text.lr1121_modem_get_crashlog)
    lr1121_modem_get_downlink_data           0x08008d5d   Thumb Code    34  lr1121_modem_lorawan.o(.text.lr1121_modem_get_downlink_data)
    lr1121_modem_get_downlink_data_size      0x08008d81   Thumb Code    64  lr1121_modem_lorawan.o(.text.lr1121_modem_get_downlink_data_size)
    lr1121_modem_get_downlink_metadata       0x08008dc1   Thumb Code   114  lr1121_modem_lorawan.o(.text.lr1121_modem_get_downlink_metadata)
    lr1121_modem_get_duty_cycle_status       0x08008e35   Thumb Code    50  lr1121_modem_lorawan.o(.text.lr1121_modem_get_duty_cycle_status)
    lr1121_modem_get_event                   0x08008e69   Thumb Code    58  lr1121_modem_modem.o(.text.lr1121_modem_get_event)
    lr1121_modem_get_next_tx_max_payload     0x08008ea5   Thumb Code    36  lr1121_modem_lorawan.o(.text.lr1121_modem_get_next_tx_max_payload)
    lr1121_modem_get_status                  0x08008ec9   Thumb Code    36  lr1121_modem_modem.o(.text.lr1121_modem_get_status)
    lr1121_modem_hal_read                    0x08008eed   Thumb Code  1186  lr1121_modem_hal.o(.text.lr1121_modem_hal_read)
    lr1121_modem_hal_wakeup                  0x08009395   Thumb Code   100  lr1121_modem_hal.o(.text.lr1121_modem_hal_wakeup)
    lr1121_modem_hal_write                   0x080093f9   Thumb Code  1172  lr1121_modem_hal.o(.text.lr1121_modem_hal_write)
    lr1121_modem_join                        0x08009895   Thumb Code    36  lr1121_modem_lorawan.o(.text.lr1121_modem_join)
    lr1121_modem_request_tx                  0x080098b9   Thumb Code    50  lr1121_modem_lorawan.o(.text.lr1121_modem_request_tx)
    lr1121_modem_set_adr_profile             0x080098ed   Thumb Code    54  lr1121_modem_lorawan.o(.text.lr1121_modem_set_adr_profile)
    lr1121_modem_set_alarm_timer             0x08009925   Thumb Code    64  lr1121_modem_modem.o(.text.lr1121_modem_set_alarm_timer)
    lr1121_modem_set_app_key                 0x08009965   Thumb Code    36  lr1121_modem_lorawan.o(.text.lr1121_modem_set_app_key)
    lr1121_modem_set_crystal_error           0x08009989   Thumb Code    62  lr1121_modem_bsp.o(.text.lr1121_modem_set_crystal_error)
    lr1121_modem_set_dev_eui                 0x080099c9   Thumb Code    36  lr1121_modem_lorawan.o(.text.lr1121_modem_set_dev_eui)
    lr1121_modem_set_join_eui                0x080099ed   Thumb Code    36  lr1121_modem_lorawan.o(.text.lr1121_modem_set_join_eui)
    lr1121_modem_set_nwk_key                 0x08009a11   Thumb Code    36  lr1121_modem_lorawan.o(.text.lr1121_modem_set_nwk_key)
    lr1121_modem_set_region                  0x08009a35   Thumb Code    44  lr1121_modem_lorawan.o(.text.lr1121_modem_set_region)
    lr1121_modem_system_cfg_lfclk            0x08009a61   Thumb Code    48  lr1121_modem_system.o(.text.lr1121_modem_system_cfg_lfclk)
    lr1121_modem_system_reboot               0x08009a91   Thumb Code    46  lr1121_modem_system.o(.text.lr1121_modem_system_reboot)
    main                                     0x08009ac1   Thumb Code   332  main.o(.text.main)
    print_hex_buffer                         0x08009c8d   Thumb Code    84  apps_utilities.o(.text.print_hex_buffer)
    print_lorawan_credentials                0x08009ce9   Thumb Code   232  apps_utilities.o(.text.print_lorawan_credentials)
    print_lorawan_region                     0x08009e59   Thumb Code   110  apps_utilities.o(.text.print_lorawan_region)
    read_DHT11_data                          0x08009ec9   Thumb Code   328  main.o(.text.read_DHT11_data)
    timer_irq_handler                        0x0800a53d   Thumb Code   224  smtc_hal_tmr_list.o(.text.timer_irq_handler)
    _btod_d2e                                0x0800a643   Thumb Code    62  btod.o(CL$$btod_d2e)
    _d2e_denorm_low                          0x0800a681   Thumb Code    70  btod.o(CL$$btod_d2e_denorm_low)
    _d2e_norm_op1                            0x0800a6c7   Thumb Code    96  btod.o(CL$$btod_d2e_norm_op1)
    __btod_div_common                        0x0800a729   Thumb Code   696  btod.o(CL$$btod_div_common)
    _e2e                                     0x0800aa61   Thumb Code   220  btod.o(CL$$btod_e2e)
    _btod_ediv                               0x0800ab3d   Thumb Code    42  btod.o(CL$$btod_ediv)
    _btod_emul                               0x0800ab67   Thumb Code    42  btod.o(CL$$btod_emul)
    __btod_mult_common                       0x0800ab91   Thumb Code   580  btod.o(CL$$btod_mult_common)
    __ARM_fpclassify                         0x0800add5   Thumb Code    48  fpclassify.o(i.__ARM_fpclassify)
    _is_digit                                0x0800ae05   Thumb Code    14  __printf_wp.o(i._is_digit)
    _get_lc_numeric                          0x0800ae15   Thumb Code    44  lc_numeric_c.o(locale$$code)
    _get_lc_ctype                            0x0800ae41   Thumb Code    44  lc_ctype_c.o(locale$$code)
    _fp_init                                 0x0800ae6d   Thumb Code    26  fpinit.o(x$fpl$fpinit)
    __fplib_config_fpu_vfp                   0x0800ae85   Thumb Code     0  fpinit.o(x$fpl$fpinit)
    __fplib_config_pureend_doubles           0x0800ae85   Thumb Code     0  fpinit.o(x$fpl$fpinit)
    _printf_fp_dec                           0x0800ae87   Thumb Code     4  printf1.o(x$fpl$printf1)
    _printf_fp_hex                           0x0800ae8b   Thumb Code     4  printf2.o(x$fpl$printf2)
    __I$use$fp                               0x0800ae8e   Number         0  usenofp.o(x$fpl$usenofp)
    AHBPrescTable                            0x0800afe8   Data          16  system_stm32l4xx.o(.rodata.AHBPrescTable)
    APBPrescTable                            0x0800aff8   Data           8  system_stm32l4xx.o(.rodata.APBPrescTable)
    MSIRangeTable                            0x0800b000   Data          48  system_stm32l4xx.o(.rodata.MSIRangeTable)
    Region$$Table$$Base                      0x0800b738   Number         0  anon$$obj.o(Region$$Table)
    Region$$Table$$Limit                     0x0800b758   Number         0  anon$$obj.o(Region$$Table)
    __ctype                                  0x0800b781   Data           0  lc_ctype_c.o(locale$$data)
    uwTickPrio                               0x20000000   Data           4  stm32l4xx_hal.o(.data..L_MergedGlobals)
    uwTickFreq                               0x20000004   Data           4  stm32l4xx_hal.o(.data..L_MergedGlobals)
    SystemCoreClock                          0x20000008   Data           4  system_stm32l4xx.o(.data.SystemCoreClock)
    flash_user_start_addr                    0x2000000c   Data           4  smtc_hal_flash.o(.data.flash_user_start_addr)
    __libspace_start                         0x20000390   Data          96  libspace.o(.bss)
    __temporary_stack_top$libspace           0x200003f0   Data           0  libspace.o(.bss)
    flag                                     0x200003f0   Data           4  dht11.o(.bss..L_MergedGlobals)
    Data                                     0x200003f4   Data           5  dht11.o(.bss..L_MergedGlobals)
    hal_rtc                                  0x20000430   Data          64  smtc_hal_rtc.o(.bss..L_MergedGlobals)
    TimHandle                                0x200004b0   Data          64  stm32l4xx_hal_timebase_tim_template.o(.bss.TimHandle)
    lr1121                                   0x20000538   Data         188  smtc_hal_mcu.o(.bss.lr1121)
    uwTick                                   0x200005fc   Data           4  stm32l4xx_hal.o(.bss.uwTick)



==============================================================================

Memory Map of the image

  Image Entry point : 0x08000189

  Load Region LR_IROM1 (Base: 0x08000000, Size: 0x0000bc18, Max: 0x00100000, ABSOLUTE, COMPRESSED[0x0000b8f0])

    Execution Region ER_IROM1 (Exec base: 0x08000000, Load base: 0x08000000, Size: 0x0000b884, Max: 0x00100000, ABSOLUTE)

    Exec Addr    Load Addr    Size         Type   Attr      Idx    E Section Name        Object

    0x08000000   0x08000000   0x00000188   Data   RO           19    RESET               startup_stm32l476xx.o
    0x08000188   0x08000188   0x00000008   Code   RO         3166  * !!!main             c_w.l(__main.o)
    0x08000190   0x08000190   0x00000034   Code   RO         3499    !!!scatter          c_w.l(__scatter.o)
    0x080001c4   0x080001c4   0x0000003a   Code   RO         3497    !!dczerorl          c_w.l(__dczerorl.o)
    0x080001fe   0x080001fe   0x00000002   PAD
    0x08000200   0x08000200   0x0000001c   Code   RO         3501    !!handler_zi        c_w.l(__scatter_zi.o)
    0x0800021c   0x0800021c   0x00000000   Code   RO         3155    .ARM.Collect$$_printf_percent$$00000000  c_w.l(_printf_percent.o)
    0x0800021c   0x0800021c   0x00000006   Code   RO         3227    .ARM.Collect$$_printf_percent$$00000001  c_w.l(_printf_n.o)
    0x08000222   0x08000222   0x00000006   Code   RO         3229    .ARM.Collect$$_printf_percent$$00000002  c_w.l(_printf_p.o)
    0x08000228   0x08000228   0x00000006   Code   RO         3233    .ARM.Collect$$_printf_percent$$00000003  c_w.l(_printf_f.o)
    0x0800022e   0x0800022e   0x00000006   Code   RO         3234    .ARM.Collect$$_printf_percent$$00000004  c_w.l(_printf_e.o)
    0x08000234   0x08000234   0x00000006   Code   RO         3235    .ARM.Collect$$_printf_percent$$00000005  c_w.l(_printf_g.o)
    0x0800023a   0x0800023a   0x00000006   Code   RO         3236    .ARM.Collect$$_printf_percent$$00000006  c_w.l(_printf_a.o)
    0x08000240   0x08000240   0x0000000a   Code   RO         3241    .ARM.Collect$$_printf_percent$$00000007  c_w.l(_printf_ll.o)
    0x0800024a   0x0800024a   0x00000006   Code   RO         3231    .ARM.Collect$$_printf_percent$$00000008  c_w.l(_printf_i.o)
    0x08000250   0x08000250   0x00000006   Code   RO         3154    .ARM.Collect$$_printf_percent$$00000009  c_w.l(_printf_d.o)
    0x08000256   0x08000256   0x00000006   Code   RO         3232    .ARM.Collect$$_printf_percent$$0000000A  c_w.l(_printf_u.o)
    0x0800025c   0x0800025c   0x00000006   Code   RO         3230    .ARM.Collect$$_printf_percent$$0000000B  c_w.l(_printf_o.o)
    0x08000262   0x08000262   0x00000006   Code   RO         3228    .ARM.Collect$$_printf_percent$$0000000C  c_w.l(_printf_x.o)
    0x08000268   0x08000268   0x00000006   Code   RO         3238    .ARM.Collect$$_printf_percent$$0000000D  c_w.l(_printf_lli.o)
    0x0800026e   0x0800026e   0x00000006   Code   RO         3239    .ARM.Collect$$_printf_percent$$0000000E  c_w.l(_printf_lld.o)
    0x08000274   0x08000274   0x00000006   Code   RO         3240    .ARM.Collect$$_printf_percent$$0000000F  c_w.l(_printf_llu.o)
    0x0800027a   0x0800027a   0x00000006   Code   RO         3245    .ARM.Collect$$_printf_percent$$00000010  c_w.l(_printf_llo.o)
    0x08000280   0x08000280   0x00000006   Code   RO         3246    .ARM.Collect$$_printf_percent$$00000011  c_w.l(_printf_llx.o)
    0x08000286   0x08000286   0x0000000a   Code   RO         3242    .ARM.Collect$$_printf_percent$$00000012  c_w.l(_printf_l.o)
    0x08000290   0x08000290   0x00000006   Code   RO         3225    .ARM.Collect$$_printf_percent$$00000013  c_w.l(_printf_c.o)
    0x08000296   0x08000296   0x00000006   Code   RO         3226    .ARM.Collect$$_printf_percent$$00000014  c_w.l(_printf_s.o)
    0x0800029c   0x0800029c   0x00000006   Code   RO         3243    .ARM.Collect$$_printf_percent$$00000015  c_w.l(_printf_lc.o)
    0x080002a2   0x080002a2   0x00000006   Code   RO         3244    .ARM.Collect$$_printf_percent$$00000016  c_w.l(_printf_ls.o)
    0x080002a8   0x080002a8   0x00000004   Code   RO         3237    .ARM.Collect$$_printf_percent$$00000017  c_w.l(_printf_percent_end.o)
    0x080002ac   0x080002ac   0x00000002   Code   RO         3346    .ARM.Collect$$libinit$$00000000  c_w.l(libinit.o)
    0x080002ae   0x080002ae   0x00000004   Code   RO         3369    .ARM.Collect$$libinit$$00000001  c_w.l(libinit2.o)
    0x080002b2   0x080002b2   0x00000000   Code   RO         3372    .ARM.Collect$$libinit$$00000004  c_w.l(libinit2.o)
    0x080002b2   0x080002b2   0x00000000   Code   RO         3374    .ARM.Collect$$libinit$$00000006  c_w.l(libinit2.o)
    0x080002b2   0x080002b2   0x00000000   Code   RO         3377    .ARM.Collect$$libinit$$0000000C  c_w.l(libinit2.o)
    0x080002b2   0x080002b2   0x00000000   Code   RO         3379    .ARM.Collect$$libinit$$0000000E  c_w.l(libinit2.o)
    0x080002b2   0x080002b2   0x00000000   Code   RO         3381    .ARM.Collect$$libinit$$00000010  c_w.l(libinit2.o)
    0x080002b2   0x080002b2   0x00000006   Code   RO         3382    .ARM.Collect$$libinit$$00000011  c_w.l(libinit2.o)
    0x080002b8   0x080002b8   0x00000000   Code   RO         3384    .ARM.Collect$$libinit$$00000013  c_w.l(libinit2.o)
    0x080002b8   0x080002b8   0x0000000c   Code   RO         3385    .ARM.Collect$$libinit$$00000014  c_w.l(libinit2.o)
    0x080002c4   0x080002c4   0x00000000   Code   RO         3386    .ARM.Collect$$libinit$$00000015  c_w.l(libinit2.o)
    0x080002c4   0x080002c4   0x00000000   Code   RO         3388    .ARM.Collect$$libinit$$00000017  c_w.l(libinit2.o)
    0x080002c4   0x080002c4   0x0000000a   Code   RO         3389    .ARM.Collect$$libinit$$00000018  c_w.l(libinit2.o)
    0x080002ce   0x080002ce   0x00000000   Code   RO         3390    .ARM.Collect$$libinit$$00000019  c_w.l(libinit2.o)
    0x080002ce   0x080002ce   0x00000000   Code   RO         3392    .ARM.Collect$$libinit$$0000001B  c_w.l(libinit2.o)
    0x080002ce   0x080002ce   0x00000000   Code   RO         3394    .ARM.Collect$$libinit$$0000001D  c_w.l(libinit2.o)
    0x080002ce   0x080002ce   0x00000000   Code   RO         3396    .ARM.Collect$$libinit$$0000001F  c_w.l(libinit2.o)
    0x080002ce   0x080002ce   0x00000000   Code   RO         3398    .ARM.Collect$$libinit$$00000021  c_w.l(libinit2.o)
    0x080002ce   0x080002ce   0x00000000   Code   RO         3400    .ARM.Collect$$libinit$$00000023  c_w.l(libinit2.o)
    0x080002ce   0x080002ce   0x00000000   Code   RO         3402    .ARM.Collect$$libinit$$00000025  c_w.l(libinit2.o)
    0x080002ce   0x080002ce   0x00000000   Code   RO         3404    .ARM.Collect$$libinit$$00000027  c_w.l(libinit2.o)
    0x080002ce   0x080002ce   0x00000000   Code   RO         3408    .ARM.Collect$$libinit$$0000002E  c_w.l(libinit2.o)
    0x080002ce   0x080002ce   0x00000000   Code   RO         3410    .ARM.Collect$$libinit$$00000030  c_w.l(libinit2.o)
    0x080002ce   0x080002ce   0x00000000   Code   RO         3412    .ARM.Collect$$libinit$$00000032  c_w.l(libinit2.o)
    0x080002ce   0x080002ce   0x00000000   Code   RO         3414    .ARM.Collect$$libinit$$00000034  c_w.l(libinit2.o)
    0x080002ce   0x080002ce   0x00000002   Code   RO         3415    .ARM.Collect$$libinit$$00000035  c_w.l(libinit2.o)
    0x080002d0   0x080002d0   0x00000002   Code   RO         3452    .ARM.Collect$$libshutdown$$00000000  c_w.l(libshutdown.o)
    0x080002d2   0x080002d2   0x00000000   Code   RO         3480    .ARM.Collect$$libshutdown$$00000002  c_w.l(libshutdown2.o)
    0x080002d2   0x080002d2   0x00000000   Code   RO         3482    .ARM.Collect$$libshutdown$$00000004  c_w.l(libshutdown2.o)
    0x080002d2   0x080002d2   0x00000000   Code   RO         3485    .ARM.Collect$$libshutdown$$00000007  c_w.l(libshutdown2.o)
    0x080002d2   0x080002d2   0x00000000   Code   RO         3488    .ARM.Collect$$libshutdown$$0000000A  c_w.l(libshutdown2.o)
    0x080002d2   0x080002d2   0x00000000   Code   RO         3490    .ARM.Collect$$libshutdown$$0000000C  c_w.l(libshutdown2.o)
    0x080002d2   0x080002d2   0x00000000   Code   RO         3493    .ARM.Collect$$libshutdown$$0000000F  c_w.l(libshutdown2.o)
    0x080002d2   0x080002d2   0x00000002   Code   RO         3494    .ARM.Collect$$libshutdown$$00000010  c_w.l(libshutdown2.o)
    0x080002d4   0x080002d4   0x00000000   Code   RO         3174    .ARM.Collect$$rtentry$$00000000  c_w.l(__rtentry.o)
    0x080002d4   0x080002d4   0x00000000   Code   RO         3261    .ARM.Collect$$rtentry$$00000002  c_w.l(__rtentry2.o)
    0x080002d4   0x080002d4   0x00000006   Code   RO         3273    .ARM.Collect$$rtentry$$00000004  c_w.l(__rtentry4.o)
    0x080002da   0x080002da   0x00000000   Code   RO         3263    .ARM.Collect$$rtentry$$00000009  c_w.l(__rtentry2.o)
    0x080002da   0x080002da   0x00000004   Code   RO         3264    .ARM.Collect$$rtentry$$0000000A  c_w.l(__rtentry2.o)
    0x080002de   0x080002de   0x00000000   Code   RO         3266    .ARM.Collect$$rtentry$$0000000C  c_w.l(__rtentry2.o)
    0x080002de   0x080002de   0x00000008   Code   RO         3267    .ARM.Collect$$rtentry$$0000000D  c_w.l(__rtentry2.o)
    0x080002e6   0x080002e6   0x00000002   Code   RO         3354    .ARM.Collect$$rtexit$$00000000  c_w.l(rtexit.o)
    0x080002e8   0x080002e8   0x00000000   Code   RO         3421    .ARM.Collect$$rtexit$$00000002  c_w.l(rtexit2.o)
    0x080002e8   0x080002e8   0x00000004   Code   RO         3422    .ARM.Collect$$rtexit$$00000003  c_w.l(rtexit2.o)
    0x080002ec   0x080002ec   0x00000006   Code   RO         3423    .ARM.Collect$$rtexit$$00000004  c_w.l(rtexit2.o)
    0x080002f2   0x080002f2   0x00000002   PAD
    0x080002f4   0x080002f4   0x00000040   Code   RO           20    .text               startup_stm32l476xx.o
    0x08000334   0x08000334   0x000000f0   Code   RO         3122    .text               c_w.l(lludivv7m.o)
    0x08000424   0x08000424   0x00000024   Code   RO         3124    .text               c_w.l(vsprintf.o)
    0x08000448   0x08000448   0x0000002c   Code   RO         3126    .text               c_w.l(__2sprintf.o)
    0x08000474   0x08000474   0x00000078   Code   RO         3132    .text               c_w.l(_printf_dec.o)
    0x080004ec   0x080004ec   0x0000018e   Code   RO         3151    .text               c_w.l(__printf_flags_ss_wp.o)
    0x0800067a   0x0800067a   0x0000003e   Code   RO         3156    .text               c_w.l(strlen.o)
    0x080006b8   0x080006b8   0x0000008a   Code   RO         3158    .text               c_w.l(rt_memcpy_v6.o)
    0x08000742   0x08000742   0x0000004e   Code   RO         3162    .text               c_w.l(rt_memclr_w.o)
    0x08000790   0x08000790   0x00000006   Code   RO         3164    .text               c_w.l(heapauxi.o)
    0x08000796   0x08000796   0x0000004e   Code   RO         3179    .text               c_w.l(_printf_pad.o)
    0x080007e4   0x080007e4   0x00000024   Code   RO         3181    .text               c_w.l(_printf_truncate.o)
    0x08000808   0x08000808   0x00000052   Code   RO         3183    .text               c_w.l(_printf_str.o)
    0x0800085a   0x0800085a   0x000000b2   Code   RO         3185    .text               c_w.l(_printf_intcommon.o)
    0x0800090c   0x0800090c   0x00000028   Code   RO         3187    .text               c_w.l(_printf_charcount.o)
    0x08000934   0x08000934   0x00000030   Code   RO         3189    .text               c_w.l(_printf_char_common.o)
    0x08000964   0x08000964   0x0000000a   Code   RO         3191    .text               c_w.l(_sputc.o)
    0x0800096e   0x0800096e   0x00000002   PAD
    0x08000970   0x08000970   0x000000c2   Code   RO         3193    .text               c_w.l(_printf_wctomb.o)
    0x08000a32   0x08000a32   0x00000002   PAD
    0x08000a34   0x08000a34   0x0000007c   Code   RO         3196    .text               c_w.l(_printf_longlong_dec.o)
    0x08000ab0   0x08000ab0   0x00000070   Code   RO         3202    .text               c_w.l(_printf_oct_int_ll.o)
    0x08000b20   0x08000b20   0x00000094   Code   RO         3222    .text               c_w.l(_printf_hex_int_ll_ptr.o)
    0x08000bb4   0x08000bb4   0x00000064   Code   RO         3247    .text               c_w.l(rt_memcpy_w.o)
    0x08000c18   0x08000c18   0x0000008a   Code   RO         3277    .text               c_w.l(lludiv10.o)
    0x08000ca2   0x08000ca2   0x00000422   Code   RO         3279    .text               c_w.l(_printf_fp_dec.o)
    0x080010c4   0x080010c4   0x00000302   Code   RO         3283    .text               c_w.l(_printf_fp_hex.o)
    0x080013c6   0x080013c6   0x0000002c   Code   RO         3288    .text               c_w.l(_printf_char.o)
    0x080013f2   0x080013f2   0x0000002c   Code   RO         3290    .text               c_w.l(_printf_wchar.o)
    0x0800141e   0x0800141e   0x00000048   Code   RO         3292    .text               c_w.l(_c16rtomb.o)
    0x08001466   0x08001466   0x0000004a   Code   RO         3294    .text               c_w.l(sys_stackheap_outer.o)
    0x080014b0   0x080014b0   0x00000010   Code   RO         3296    .text               c_w.l(rt_ctype_table.o)
    0x080014c0   0x080014c0   0x00000008   Code   RO         3301    .text               c_w.l(rt_locale_intlibspace.o)
    0x080014c8   0x080014c8   0x00000080   Code   RO         3303    .text               c_w.l(_printf_fp_infnan.o)
    0x08001548   0x08001548   0x000000e4   Code   RO         3305    .text               c_w.l(bigflt0.o)
    0x0800162c   0x0800162c   0x00000012   Code   RO         3335    .text               c_w.l(exit.o)
    0x0800163e   0x0800163e   0x00000002   PAD
    0x08001640   0x08001640   0x00000008   Code   RO         3351    .text               c_w.l(libspace.o)
    0x08001648   0x08001648   0x0000007c   Code   RO         3367    .text               c_w.l(strcmpv7em.o)
    0x080016c4   0x080016c4   0x0000000c   Code   RO         3416    .text               c_w.l(sys_exit.o)
    0x080016d0   0x080016d0   0x00000002   Code   RO         3441    .text               c_w.l(use_no_semi.o)
    0x080016d2   0x080016d2   0x00000000   Code   RO         3443    .text               c_w.l(indicate_semi.o)
    0x080016d2   0x080016d2   0x00000002   PAD
    0x080016d4   0x080016d4   0x000000ea   Code   RO         2033    .text.DHT11_Start   dht11.o
    0x080017be   0x080017be   0x00000002   PAD
    0x080017c0   0x080017c0   0x00000114   Code   RO         2035    .text.DHT_Read      dht11.o
    0x080018d4   0x080018d4   0x000000ac   Code   RO         2031    .text.DHT_Read_Byte  dht11.o
    0x08001980   0x08001980   0x00000006   Code   RO         2784    .text.EXTI0_IRQHandler  smtc_hal_gpio.o
    0x08001986   0x08001986   0x00000002   PAD
    0x08001988   0x08001988   0x00000036   Code   RO         2796    .text.EXTI15_10_IRQHandler  smtc_hal_gpio.o
    0x080019be   0x080019be   0x00000002   PAD
    0x080019c0   0x080019c0   0x00000006   Code   RO         2786    .text.EXTI1_IRQHandler  smtc_hal_gpio.o
    0x080019c6   0x080019c6   0x00000002   PAD
    0x080019c8   0x080019c8   0x00000006   Code   RO         2788    .text.EXTI2_IRQHandler  smtc_hal_gpio.o
    0x080019ce   0x080019ce   0x00000002   PAD
    0x080019d0   0x080019d0   0x00000006   Code   RO         2790    .text.EXTI3_IRQHandler  smtc_hal_gpio.o
    0x080019d6   0x080019d6   0x00000002   PAD
    0x080019d8   0x080019d8   0x00000006   Code   RO         2792    .text.EXTI4_IRQHandler  smtc_hal_gpio.o
    0x080019de   0x080019de   0x00000002   PAD
    0x080019e0   0x080019e0   0x00000028   Code   RO         2794    .text.EXTI9_5_IRQHandler  smtc_hal_gpio.o
    0x08001a08   0x08001a08   0x00000012   Code   RO           67    .text.HAL_DBGMCU_DisableDBGSleepMode  stm32l4xx_hal.o
    0x08001a1a   0x08001a1a   0x00000002   PAD
    0x08001a1c   0x08001a1c   0x00000012   Code   RO           75    .text.HAL_DBGMCU_DisableDBGStandbyMode  stm32l4xx_hal.o
    0x08001a2e   0x08001a2e   0x00000002   PAD
    0x08001a30   0x08001a30   0x00000012   Code   RO           71    .text.HAL_DBGMCU_DisableDBGStopMode  stm32l4xx_hal.o
    0x08001a42   0x08001a42   0x00000002   PAD
    0x08001a44   0x08001a44   0x00000058   Code   RO          300    .text.HAL_DMA_Abort_IT  stm32l4xx_hal_dma.o
    0x08001a9c   0x08001a9c   0x00000028   Code   RO           47    .text.HAL_Delay     stm32l4xx_hal.o
    0x08001ac4   0x08001ac4   0x00000114   Code   RO          416    .text.HAL_GPIO_DeInit  stm32l4xx_hal_gpio.o
    0x08001bd8   0x08001bd8   0x00000072   Code   RO         2782    .text.HAL_GPIO_EXTI_Callback  smtc_hal_gpio.o
    0x08001c4a   0x08001c4a   0x00000002   PAD
    0x08001c4c   0x08001c4c   0x00000016   Code   RO          426    .text.HAL_GPIO_EXTI_IRQHandler  stm32l4xx_hal_gpio.o
    0x08001c62   0x08001c62   0x00000002   PAD
    0x08001c64   0x08001c64   0x000001bc   Code   RO          414    .text.HAL_GPIO_Init  stm32l4xx_hal_gpio.o
    0x08001e20   0x08001e20   0x0000000a   Code   RO          418    .text.HAL_GPIO_ReadPin  stm32l4xx_hal_gpio.o
    0x08001e2a   0x08001e2a   0x00000002   PAD
    0x08001e2c   0x08001e2c   0x0000000c   Code   RO          420    .text.HAL_GPIO_WritePin  stm32l4xx_hal_gpio.o
    0x08001e38   0x08001e38   0x0000000c   Code   RO           39    .text.HAL_GetTick   stm32l4xx_hal.o
    0x08001e44   0x08001e44   0x0000004a   Code   RO          593    .text.HAL_I2CEx_ConfigAnalogFilter  stm32l4xx_hal_i2c_ex.o
    0x08001e8e   0x08001e8e   0x00000002   PAD
    0x08001e90   0x08001e90   0x00000048   Code   RO          595    .text.HAL_I2CEx_ConfigDigitalFilter  stm32l4xx_hal_i2c_ex.o
    0x08001ed8   0x08001ed8   0x00000036   Code   RO          445    .text.HAL_I2C_DeInit  stm32l4xx_hal_i2c.o
    0x08001f0e   0x08001f0e   0x00000002   PAD
    0x08001f10   0x08001f10   0x000000a2   Code   RO          441    .text.HAL_I2C_Init  stm32l4xx_hal_i2c.o
    0x08001fb2   0x08001fb2   0x00000002   PAD
    0x08001fb4   0x08001fb4   0x0000026a   Code   RO          503    .text.HAL_I2C_Mem_Read  stm32l4xx_hal_i2c.o
    0x0800221e   0x0800221e   0x00000002   PAD
    0x08002220   0x08002220   0x00000222   Code   RO          499    .text.HAL_I2C_Mem_Write  stm32l4xx_hal_i2c.o
    0x08002442   0x08002442   0x00000002   PAD
    0x08002444   0x08002444   0x000000a0   Code   RO         2813    .text.HAL_I2C_MspDeInit  smtc_hal_i2c.o
    0x080024e4   0x080024e4   0x00000178   Code   RO         2811    .text.HAL_I2C_MspInit  smtc_hal_i2c.o
    0x0800265c   0x0800265c   0x0000001a   Code   RO           37    .text.HAL_IncTick   stm32l4xx_hal.o
    0x08002676   0x08002676   0x00000002   PAD
    0x08002678   0x08002678   0x0000001e   Code   RO           27    .text.HAL_Init      stm32l4xx_hal.o
    0x08002696   0x08002696   0x00000002   PAD
    0x08002698   0x08002698   0x00000098   Code   RO         1541    .text.HAL_InitTick  stm32l4xx_hal_timebase_tim_template.o
    0x08002730   0x08002730   0x00000002   Code   RO          695    .text.HAL_LPTIM_AutoReloadMatchCallback  stm32l4xx_hal_lptim.o
    0x08002732   0x08002732   0x00000002   PAD
    0x08002734   0x08002734   0x00000002   Code   RO          701    .text.HAL_LPTIM_AutoReloadWriteCallback  stm32l4xx_hal_lptim.o
    0x08002736   0x08002736   0x00000002   PAD
    0x08002738   0x08002738   0x00000002   Code   RO          693    .text.HAL_LPTIM_CompareMatchCallback  stm32l4xx_hal_lptim.o
    0x0800273a   0x0800273a   0x00000002   PAD
    0x0800273c   0x0800273c   0x00000002   Code   RO          699    .text.HAL_LPTIM_CompareWriteCallback  stm32l4xx_hal_lptim.o
    0x0800273e   0x0800273e   0x00000002   PAD
    0x08002740   0x08002740   0x00000002   Code   RO          705    .text.HAL_LPTIM_DirectionDownCallback  stm32l4xx_hal_lptim.o
    0x08002742   0x08002742   0x00000002   PAD
    0x08002744   0x08002744   0x00000002   Code   RO          703    .text.HAL_LPTIM_DirectionUpCallback  stm32l4xx_hal_lptim.o
    0x08002746   0x08002746   0x00000002   PAD
    0x08002748   0x08002748   0x000000d6   Code   RO          691    .text.HAL_LPTIM_IRQHandler  stm32l4xx_hal_lptim.o
    0x0800281e   0x0800281e   0x00000002   PAD
    0x08002820   0x08002820   0x000000ce   Code   RO          627    .text.HAL_LPTIM_Init  stm32l4xx_hal_lptim.o
    0x080028ee   0x080028ee   0x00000002   PAD
    0x080028f0   0x080028f0   0x00000046   Code   RO         3012    .text.HAL_LPTIM_MspInit  smtc_hal_tmr.o
    0x08002936   0x08002936   0x00000002   PAD
    0x08002938   0x08002938   0x00000024   Code   RO          671    .text.HAL_LPTIM_TimeOut_Stop  stm32l4xx_hal_lptim.o
    0x0800295c   0x0800295c   0x00000002   Code   RO          697    .text.HAL_LPTIM_TriggerCallback  stm32l4xx_hal_lptim.o
    0x0800295e   0x0800295e   0x00000002   PAD
    0x08002960   0x08002960   0x00000090   Code   RO         2886    .text.HAL_MspInit   smtc_hal_mcu.o
    0x080029f0   0x080029f0   0x00000026   Code   RO          239    .text.HAL_NVIC_EnableIRQ  stm32l4xx_hal_cortex.o
    0x08002a16   0x08002a16   0x00000002   PAD
    0x08002a18   0x08002a18   0x00000056   Code   RO          237    .text.HAL_NVIC_SetPriority  stm32l4xx_hal_cortex.o
    0x08002a6e   0x08002a6e   0x00000002   PAD
    0x08002a70   0x08002a70   0x00000020   Code   RO          235    .text.HAL_NVIC_SetPriorityGrouping  stm32l4xx_hal_cortex.o
    0x08002a90   0x08002a90   0x0000003c   Code   RO          830    .text.HAL_PWREx_EnterSTOP2Mode  stm32l4xx_hal_pwr_ex.o
    0x08002acc   0x08002acc   0x00000010   Code   RO          768    .text.HAL_PWREx_GetVoltageRange  stm32l4xx_hal_pwr_ex.o
    0x08002adc   0x08002adc   0x00000088   Code   RO          734    .text.HAL_PWR_ConfigPVD  stm32l4xx_hal_pwr.o
    0x08002b64   0x08002b64   0x00000012   Code   RO          736    .text.HAL_PWR_EnablePVD  stm32l4xx_hal_pwr.o
    0x08002b76   0x08002b76   0x00000002   PAD
    0x08002b78   0x08002b78   0x000003e4   Code   RO          887    .text.HAL_RCCEx_PeriphCLKConfig  stm32l4xx_hal_rcc_ex.o
    0x08002f5c   0x08002f5c   0x0000024a   Code   RO          859    .text.HAL_RCC_ClockConfig  stm32l4xx_hal_rcc.o
    0x080031a6   0x080031a6   0x00000002   PAD
    0x080031a8   0x080031a8   0x00000042   Code   RO          871    .text.HAL_RCC_GetClockConfig  stm32l4xx_hal_rcc.o
    0x080031ea   0x080031ea   0x00000002   PAD
    0x080031ec   0x080031ec   0x0000000c   Code   RO          863    .text.HAL_RCC_GetHCLKFreq  stm32l4xx_hal_rcc.o
    0x080031f8   0x080031f8   0x0000002a   Code   RO          865    .text.HAL_RCC_GetPCLK1Freq  stm32l4xx_hal_rcc.o
    0x08003222   0x08003222   0x00000002   PAD
    0x08003224   0x08003224   0x0000002a   Code   RO          867    .text.HAL_RCC_GetPCLK2Freq  stm32l4xx_hal_rcc.o
    0x0800324e   0x0800324e   0x00000002   PAD
    0x08003250   0x08003250   0x000000c2   Code   RO          857    .text.HAL_RCC_GetSysClockFreq  stm32l4xx_hal_rcc.o
    0x08003312   0x08003312   0x00000002   PAD
    0x08003314   0x08003314   0x00000736   Code   RO          855    .text.HAL_RCC_OscConfig  stm32l4xx_hal_rcc.o
    0x08003a4a   0x08003a4a   0x00000002   PAD
    0x08003a4c   0x08003a4c   0x0000006e   Code   RO         1051    .text.HAL_RTCEx_DeactivateWakeUpTimer  stm32l4xx_hal_rtc_ex.o
    0x08003aba   0x08003aba   0x00000002   PAD
    0x08003abc   0x08003abc   0x00000036   Code   RO         1073    .text.HAL_RTCEx_EnableBypassShadow  stm32l4xx_hal_rtc_ex.o
    0x08003af2   0x08003af2   0x00000002   PAD
    0x08003af4   0x08003af4   0x000000b2   Code   RO         1049    .text.HAL_RTCEx_SetWakeUpTimer_IT  stm32l4xx_hal_rtc_ex.o
    0x08003ba6   0x08003ba6   0x00000002   PAD
    0x08003ba8   0x08003ba8   0x00000002   Code   RO         1057    .text.HAL_RTCEx_WakeUpTimerEventCallback  stm32l4xx_hal_rtc_ex.o
    0x08003baa   0x08003baa   0x00000002   PAD
    0x08003bac   0x08003bac   0x00000034   Code   RO         1055    .text.HAL_RTCEx_WakeUpTimerIRQHandler  stm32l4xx_hal_rtc_ex.o
    0x08003be0   0x08003be0   0x000000a0   Code   RO         1001    .text.HAL_RTC_DeactivateAlarm  stm32l4xx_hal_rtc.o
    0x08003c80   0x08003c80   0x00000064   Code   RO          995    .text.HAL_RTC_GetDate  stm32l4xx_hal_rtc.o
    0x08003ce4   0x08003ce4   0x00000070   Code   RO          989    .text.HAL_RTC_GetTime  stm32l4xx_hal_rtc.o
    0x08003d54   0x08003d54   0x000000c4   Code   RO          973    .text.HAL_RTC_Init  stm32l4xx_hal_rtc.o
    0x08003e18   0x08003e18   0x00000026   Code   RO         2962    .text.HAL_RTC_MspInit  smtc_hal_rtc.o
    0x08003e3e   0x08003e3e   0x00000002   PAD
    0x08003e40   0x08003e40   0x00000200   Code   RO          999    .text.HAL_RTC_SetAlarm_IT  stm32l4xx_hal_rtc.o
    0x08004040   0x08004040   0x00000144   Code   RO          993    .text.HAL_RTC_SetDate  stm32l4xx_hal_rtc.o
    0x08004184   0x08004184   0x00000172   Code   RO          985    .text.HAL_RTC_SetTime  stm32l4xx_hal_rtc.o
    0x080042f6   0x080042f6   0x00000002   PAD
    0x080042f8   0x080042f8   0x00000030   Code   RO         1116    .text.HAL_SPI_DeInit  stm32l4xx_hal_spi.o
    0x08004328   0x08004328   0x000000a6   Code   RO         1112    .text.HAL_SPI_Init  stm32l4xx_hal_spi.o
    0x080043ce   0x080043ce   0x00000002   PAD
    0x080043d0   0x080043d0   0x0000008c   Code   RO         2987    .text.HAL_SPI_MspDeInit  smtc_hal_spi.o
    0x0800445c   0x0800445c   0x00000130   Code   RO         2985    .text.HAL_SPI_MspInit  smtc_hal_spi.o
    0x0800458c   0x0800458c   0x00000018   Code   RO          261    .text.HAL_SYSTICK_CLKSourceConfig  stm32l4xx_hal_cortex.o
    0x080045a4   0x080045a4   0x00000002   Code   RO          265    .text.HAL_SYSTICK_Callback  stm32l4xx_hal_cortex.o
    0x080045a6   0x080045a6   0x00000002   PAD
    0x080045a8   0x080045a8   0x0000002c   Code   RO          247    .text.HAL_SYSTICK_Config  stm32l4xx_hal_cortex.o
    0x080045d4   0x080045d4   0x00000004   Code   RO          263    .text.HAL_SYSTICK_IRQHandler  stm32l4xx_hal_cortex.o
    0x080045d8   0x080045d8   0x00000002   Code   RO         1529    .text.HAL_TIMEx_Break2Callback  stm32l4xx_hal_tim_ex.o
    0x080045da   0x080045da   0x00000002   PAD
    0x080045dc   0x080045dc   0x00000002   Code   RO         1527    .text.HAL_TIMEx_BreakCallback  stm32l4xx_hal_tim_ex.o
    0x080045de   0x080045de   0x00000002   PAD
    0x080045e0   0x080045e0   0x00000002   Code   RO         1523    .text.HAL_TIMEx_CommutCallback  stm32l4xx_hal_tim_ex.o
    0x080045e2   0x080045e2   0x00000002   PAD
    0x080045e4   0x080045e4   0x00000036   Code   RO         1233    .text.HAL_TIM_Base_Init  stm32l4xx_hal_tim.o
    0x0800461a   0x0800461a   0x00000002   PAD
    0x0800461c   0x0800461c   0x00000002   Code   RO         1235    .text.HAL_TIM_Base_MspInit  stm32l4xx_hal_tim.o
    0x0800461e   0x0800461e   0x00000002   PAD
    0x08004620   0x08004620   0x00000030   Code   RO         1247    .text.HAL_TIM_Base_Start_IT  stm32l4xx_hal_tim.o
    0x08004650   0x08004650   0x00000002   Code   RO         1369    .text.HAL_TIM_IC_CaptureCallback  stm32l4xx_hal_tim.o
    0x08004652   0x08004652   0x00000002   PAD
    0x08004654   0x08004654   0x0000018c   Code   RO         1367    .text.HAL_TIM_IRQHandler  stm32l4xx_hal_tim.o
    0x080047e0   0x080047e0   0x00000002   Code   RO         1371    .text.HAL_TIM_OC_DelayElapsedCallback  stm32l4xx_hal_tim.o
    0x080047e2   0x080047e2   0x00000002   PAD
    0x080047e4   0x080047e4   0x00000002   Code   RO         1373    .text.HAL_TIM_PWM_PulseFinishedCallback  stm32l4xx_hal_tim.o
    0x080047e6   0x080047e6   0x00000002   PAD
    0x080047e8   0x080047e8   0x00000004   Code   RO         1547    .text.HAL_TIM_PeriodElapsedCallback  stm32l4xx_hal_timebase_tim_template.o
    0x080047ec   0x080047ec   0x00000002   Code   RO         1377    .text.HAL_TIM_TriggerCallback  stm32l4xx_hal_tim.o
    0x080047ee   0x080047ee   0x00000002   PAD
    0x080047f0   0x080047f0   0x00000002   Code   RO         1686    .text.HAL_UARTEx_WakeupCallback  stm32l4xx_hal_uart_ex.o
    0x080047f2   0x080047f2   0x00000002   PAD
    0x080047f4   0x080047f4   0x00000034   Code   RO         1577    .text.HAL_UART_DeInit  stm32l4xx_hal_uart.o
    0x08004828   0x08004828   0x00000002   Code   RO         1649    .text.HAL_UART_ErrorCallback  stm32l4xx_hal_uart.o
    0x0800482a   0x0800482a   0x00000002   PAD
    0x0800482c   0x0800482c   0x0000018a   Code   RO         1645    .text.HAL_UART_IRQHandler  stm32l4xx_hal_uart.o
    0x080049b6   0x080049b6   0x00000002   PAD
    0x080049b8   0x080049b8   0x00000062   Code   RO         1561    .text.HAL_UART_Init  stm32l4xx_hal_uart.o
    0x08004a1a   0x08004a1a   0x00000002   PAD
    0x08004a1c   0x08004a1c   0x0000009e   Code   RO         3066    .text.HAL_UART_MspDeInit  smtc_hal_uart.o
    0x08004aba   0x08004aba   0x00000002   PAD
    0x08004abc   0x08004abc   0x000001a4   Code   RO         3064    .text.HAL_UART_MspInit  smtc_hal_uart.o
    0x08004c60   0x08004c60   0x000001c2   Code   RO         1581    .text.HAL_UART_Transmit  stm32l4xx_hal_uart.o
    0x08004e22   0x08004e22   0x00000002   PAD
    0x08004e24   0x08004e24   0x00000002   Code   RO         1651    .text.HAL_UART_TxCpltCallback  stm32l4xx_hal_uart.o
    0x08004e26   0x08004e26   0x00000002   PAD
    0x08004e28   0x08004e28   0x00000048   Code   RO         2888    .text.HardFault_Handler  smtc_hal_mcu.o
    0x08004e70   0x08004e70   0x000000a8   Code   RO          583    .text.I2C_IsAcknowledgeFailed  stm32l4xx_hal_i2c.o
    0x08004f18   0x08004f18   0x000000de   Code   RO          505    .text.I2C_RequestMemoryRead  stm32l4xx_hal_i2c.o
    0x08004ff6   0x08004ff6   0x00000002   PAD
    0x08004ff8   0x08004ff8   0x000000de   Code   RO          501    .text.I2C_RequestMemoryWrite  stm32l4xx_hal_i2c.o
    0x080050d6   0x080050d6   0x00000002   PAD
    0x080050d8   0x080050d8   0x0000006c   Code   RO          455    .text.I2C_WaitOnSTOPFlagUntilTimeout  stm32l4xx_hal_i2c.o
    0x08005144   0x08005144   0x00000088   Code   RO          453    .text.I2C_WaitOnTXISFlagUntilTimeout  stm32l4xx_hal_i2c.o
    0x080051cc   0x080051cc   0x0000002a   Code   RO         3010    .text.LPTIM1_IRQHandler  smtc_hal_tmr.o
    0x080051f6   0x080051f6   0x00000002   PAD
    0x080051f8   0x080051f8   0x00000196   Code   RO          633    .text.LPTIM_Disable  stm32l4xx_hal_lptim.o
    0x0800538e   0x0800538e   0x00000002   PAD
    0x08005390   0x08005390   0x00000070   Code   RO         2890    .text.PVD_PVM_IRQHandler  smtc_hal_mcu.o
    0x08005400   0x08005400   0x0000016e   Code   RO          889    .text.RCCEx_PLLSAI1_Config  stm32l4xx_hal_rcc_ex.o
    0x0800556e   0x0800556e   0x00000002   PAD
    0x08005570   0x08005570   0x00000146   Code   RO          891    .text.RCCEx_PLLSAI2_Config  stm32l4xx_hal_rcc_ex.o
    0x080056b6   0x080056b6   0x00000002   PAD
    0x080056b8   0x080056b8   0x00000036   Code   RO         2956    .text.RTC_Alarm_IRQHandler  smtc_hal_rtc.o
    0x080056ee   0x080056ee   0x00000002   PAD
    0x080056f0   0x080056f0   0x00000094   Code   RO          979    .text.RTC_ExitInitMode  stm32l4xx_hal_rtc.o
    0x08005784   0x08005784   0x0000000e   Code   RO         2960    .text.RTC_WKUP_IRQHandler  smtc_hal_rtc.o
    0x08005792   0x08005792   0x00000002   PAD
    0x08005794   0x08005794   0x0000000e   Code   RO         2878    .text.SysTick_Handler  smtc_hal_mcu.o
    0x080057a2   0x080057a2   0x00000002   PAD
    0x080057a4   0x080057a4   0x00000052   Code   RO            2    .text.SystemInit    system_stm32l4xx.o
    0x080057f6   0x080057f6   0x00000002   PAD
    0x080057f8   0x080057f8   0x0000000c   Code   RO         1549    .text.TIM6_DAC_IRQHandler  stm32l4xx_hal_timebase_tim_template.o
    0x08005804   0x08005804   0x0000013e   Code   RO         1237    .text.TIM_Base_SetConfig  stm32l4xx_hal_tim.o
    0x08005942   0x08005942   0x00000002   PAD
    0x08005944   0x08005944   0x000000e8   Code   RO         1567    .text.UART_AdvFeatureConfig  stm32l4xx_hal_uart.o
    0x08005a2c   0x08005a2c   0x00000082   Code   RO         1569    .text.UART_CheckIdleState  stm32l4xx_hal_uart.o
    0x08005aae   0x08005aae   0x00000002   PAD
    0x08005ab0   0x08005ab0   0x00000010   Code   RO         1647    .text.UART_DMAAbortOnError  stm32l4xx_hal_uart.o
    0x08005ac0   0x08005ac0   0x000002a4   Code   RO         1565    .text.UART_SetConfig  stm32l4xx_hal_uart.o
    0x08005d64   0x08005d64   0x0000000e   Code   RO         3068    .text.USART1_IRQHandler  smtc_hal_uart.o
    0x08005d72   0x08005d72   0x00000002   PAD
    0x08005d74   0x08005d74   0x0000000e   Code   RO         3070    .text.USART2_IRQHandler  smtc_hal_uart.o
    0x08005d82   0x08005d82   0x00000002   PAD
    0x08005d84   0x08005d84   0x00000010   Code   RO         3072    .text.USART3_IRQHandler  smtc_hal_uart.o
    0x08005d94   0x08005d94   0x0000002a   Code   RO         2850    .text.__NVIC_SystemReset  smtc_hal_mcu.o
    0x08005dbe   0x08005dbe   0x00000002   PAD
    0x08005dc0   0x08005dc0   0x0000026c   Code   RO         1793    .text.accelerometer_init  lis2de12.o
    0x0800602c   0x0800602c   0x00000248   Code   RO         2102    .text.delay_ms      delay.o
    0x08006274   0x08006274   0x00000068   Code   RO         2100    .text.delay_us      delay.o
    0x080062dc   0x080062dc   0x00001446   Code   RO         2051    .text.event_process  main.o
    0x08007722   0x08007722   0x00000002   PAD
    0x08007724   0x08007724   0x0000000c   Code   RO         1759    .text.external_supply_deinit  external_supply.o
    0x08007730   0x08007730   0x0000000e   Code   RO         1757    .text.external_supply_init  external_supply.o
    0x0800773e   0x0800773e   0x00000002   PAD
    0x08007740   0x08007740   0x0000041e   Code   RO         2735    .text.flash_init    smtc_hal_flash.o
    0x08007b5e   0x08007b5e   0x00000002   PAD
    0x08007b60   0x08007b60   0x000001ac   Code   RO         2088    .text.get_and_print_crashlog  apps_utilities.o
    0x08007d0c   0x08007d0c   0x00000022   Code   RO         2762    .text.hal_gpio_deinit  smtc_hal_gpio.o
    0x08007d2e   0x08007d2e   0x00000002   PAD
    0x08007d30   0x08007d30   0x00000024   Code   RO         2778    .text.hal_gpio_get_value  smtc_hal_gpio.o
    0x08007d54   0x08007d54   0x00000164   Code   RO         2760    .text.hal_gpio_init  smtc_hal_gpio.o
    0x08007eb8   0x08007eb8   0x00000060   Code   RO         2764    .text.hal_gpio_init_in  smtc_hal_gpio.o
    0x08007f18   0x08007f18   0x00000026   Code   RO         2758    .text.hal_gpio_init_out  smtc_hal_gpio.o
    0x08007f3e   0x08007f3e   0x00000002   PAD
    0x08007f40   0x08007f40   0x00000022   Code   RO         2774    .text.hal_gpio_set_value  smtc_hal_gpio.o
    0x08007f62   0x08007f62   0x00000002   PAD
    0x08007f64   0x08007f64   0x00000014   Code   RO         2809    .text.hal_i2c_deinit  smtc_hal_i2c.o
    0x08007f78   0x08007f78   0x00000074   Code   RO         2807    .text.hal_i2c_init  smtc_hal_i2c.o
    0x08007fec   0x08007fec   0x00000046   Code   RO         2821    .text.hal_i2c_read_buffer  smtc_hal_i2c.o
    0x08008032   0x08008032   0x00000002   PAD
    0x08008034   0x08008034   0x0000008a   Code   RO         2817    .text.hal_i2c_write_buffer  smtc_hal_i2c.o
    0x080080be   0x080080be   0x00000002   PAD
    0x080080c0   0x080080c0   0x00000008   Code   RO         2844    .text.hal_mcu_disable_irq  smtc_hal_mcu.o
    0x080080c8   0x080080c8   0x00000004   Code   RO         2846    .text.hal_mcu_enable_irq  smtc_hal_mcu.o
    0x080080cc   0x080080cc   0x000001a2   Code   RO         2842    .text.hal_mcu_init  smtc_hal_mcu.o
    0x0800826e   0x0800826e   0x00000002   PAD
    0x08008270   0x08008270   0x00000016   Code   RO         2840    .text.hal_mcu_init_periph  smtc_hal_mcu.o
    0x08008286   0x08008286   0x00000002   PAD
    0x08008288   0x08008288   0x00000156   Code   RO         2884    .text.hal_mcu_low_power_handler  smtc_hal_mcu.o
    0x080083de   0x080083de   0x00000002   PAD
    0x080083e0   0x080083e0   0x0000007c   Code   RO         2852    .text.hal_mcu_panic  smtc_hal_mcu.o
    0x0800845c   0x0800845c   0x00000018   Code   RO         2882    .text.hal_mcu_set_sleep_for_ms  smtc_hal_mcu.o
    0x08008474   0x08008474   0x0000003c   Code   RO         2854    .text.hal_mcu_trace_print  smtc_hal_mcu.o
    0x080084b0   0x080084b0   0x00000004   Code   RO         2966    .text.hal_rtc_get_minimum_timeout  smtc_hal_rtc.o
    0x080084b4   0x080084b4   0x00000026   Code   RO         2930    .text.hal_rtc_get_time_ms  smtc_hal_rtc.o
    0x080084da   0x080084da   0x00000002   PAD
    0x080084dc   0x080084dc   0x0000000c   Code   RO         2952    .text.hal_rtc_get_time_ref_in_ticks  smtc_hal_rtc.o
    0x080084e8   0x080084e8   0x0000001c   Code   RO         2940    .text.hal_rtc_get_timer_elapsed_value  smtc_hal_rtc.o
    0x08008504   0x08008504   0x000000a8   Code   RO         2924    .text.hal_rtc_init  smtc_hal_rtc.o
    0x080085ac   0x080085ac   0x0000001a   Code   RO         2926    .text.hal_rtc_set_time_ref_in_ticks  smtc_hal_rtc.o
    0x080085c6   0x080085c6   0x00000002   PAD
    0x080085c8   0x080085c8   0x00000276   Code   RO         2934    .text.hal_rtc_start_alarm  smtc_hal_rtc.o
    0x0800883e   0x0800883e   0x00000002   PAD
    0x08008840   0x08008840   0x0000000e   Code   RO         2950    .text.hal_rtc_stop_timer  smtc_hal_rtc.o
    0x0800884e   0x0800884e   0x00000002   PAD
    0x08008850   0x08008850   0x0000002e   Code   RO         2948    .text.hal_rtc_wakeup_timer_set_ms  smtc_hal_rtc.o
    0x0800887e   0x0800887e   0x00000002   PAD
    0x08008880   0x08008880   0x00000016   Code   RO         2981    .text.hal_spi_deinit  smtc_hal_spi.o
    0x08008896   0x08008896   0x00000002   PAD
    0x08008898   0x08008898   0x00000052   Code   RO         2983    .text.hal_spi_in_out  smtc_hal_spi.o
    0x080088ea   0x080088ea   0x00000002   PAD
    0x080088ec   0x080088ec   0x0000006a   Code   RO         2979    .text.hal_spi_init  smtc_hal_spi.o
    0x08008956   0x08008956   0x00000002   PAD
    0x08008958   0x08008958   0x00000040   Code   RO         2998    .text.hal_tmr_init  smtc_hal_tmr.o
    0x08008998   0x08008998   0x00000016   Code   RO         3058    .text.hal_uart_deinit  smtc_hal_uart.o
    0x080089ae   0x080089ae   0x00000002   PAD
    0x080089b0   0x080089b0   0x00000058   Code   RO         3056    .text.hal_uart_init  smtc_hal_uart.o
    0x08008a08   0x08008a08   0x0000001a   Code   RO         3060    .text.hal_uart_tx   smtc_hal_uart.o
    0x08008a22   0x08008a22   0x00000002   PAD
    0x08008a24   0x08008a24   0x00000010   Code   RO         3089    .text.hal_watchdog_reload  smtc_hal_watchdog.o
    0x08008a34   0x08008a34   0x000001b2   Code   RO         1783    .text.leds_blink    leds.o
    0x08008be6   0x08008be6   0x00000002   PAD
    0x08008be8   0x08008be8   0x00000018   Code   RO         1775    .text.leds_deinit   leds.o
    0x08008c00   0x08008c00   0x0000001e   Code   RO         1773    .text.leds_init     leds.o
    0x08008c1e   0x08008c1e   0x00000002   PAD
    0x08008c20   0x08008c20   0x0000000e   Code   RO         2013    .text.lis2de12_int1_irq_handler  lis2de12.o
    0x08008c2e   0x08008c2e   0x00000002   PAD
    0x08008c30   0x08008c30   0x00000056   Code   RO         2116    .text.lr1121_modem_board_deinit_io  lr1121_modem_board.o
    0x08008c86   0x08008c86   0x00000002   PAD
    0x08008c88   0x08008c88   0x0000001a   Code   RO         2128    .text.lr1121_modem_board_event_flush  lr1121_modem_board.o
    0x08008ca2   0x08008ca2   0x00000002   PAD
    0x08008ca4   0x08008ca4   0x00000038   Code   RO         2114    .text.lr1121_modem_board_init_io  lr1121_modem_board.o
    0x08008cdc   0x08008cdc   0x0000002a   Code   RO         2112    .text.lr1121_modem_board_init_io_context  lr1121_modem_board.o
    0x08008d06   0x08008d06   0x00000002   PAD
    0x08008d08   0x08008d08   0x00000054   Code   RO         2415    .text.lr1121_modem_get_crashlog  lr1121_modem_modem.o
    0x08008d5c   0x08008d5c   0x00000022   Code   RO         2275    .text.lr1121_modem_get_downlink_data  lr1121_modem_lorawan.o
    0x08008d7e   0x08008d7e   0x00000002   PAD
    0x08008d80   0x08008d80   0x00000040   Code   RO         2273    .text.lr1121_modem_get_downlink_data_size  lr1121_modem_lorawan.o
    0x08008dc0   0x08008dc0   0x00000072   Code   RO         2277    .text.lr1121_modem_get_downlink_metadata  lr1121_modem_lorawan.o
    0x08008e32   0x08008e32   0x00000002   PAD
    0x08008e34   0x08008e34   0x00000032   Code   RO         2289    .text.lr1121_modem_get_duty_cycle_status  lr1121_modem_lorawan.o
    0x08008e66   0x08008e66   0x00000002   PAD
    0x08008e68   0x08008e68   0x0000003a   Code   RO         2403    .text.lr1121_modem_get_event  lr1121_modem_modem.o
    0x08008ea2   0x08008ea2   0x00000002   PAD
    0x08008ea4   0x08008ea4   0x00000024   Code   RO         2265    .text.lr1121_modem_get_next_tx_max_payload  lr1121_modem_lorawan.o
    0x08008ec8   0x08008ec8   0x00000024   Code   RO         2399    .text.lr1121_modem_get_status  lr1121_modem_modem.o
    0x08008eec   0x08008eec   0x000004a8   Code   RO         2704    .text.lr1121_modem_hal_read  lr1121_modem_hal.o
    0x08009394   0x08009394   0x00000064   Code   RO         2700    .text.lr1121_modem_hal_wakeup  lr1121_modem_hal.o
    0x080093f8   0x080093f8   0x0000049a   Code   RO         2698    .text.lr1121_modem_hal_write  lr1121_modem_hal.o
    0x08009892   0x08009892   0x00000002   PAD
    0x08009894   0x08009894   0x00000024   Code   RO         2261    .text.lr1121_modem_join  lr1121_modem_lorawan.o
    0x080098b8   0x080098b8   0x00000032   Code   RO         2267    .text.lr1121_modem_request_tx  lr1121_modem_lorawan.o
    0x080098ea   0x080098ea   0x00000002   PAD
    0x080098ec   0x080098ec   0x00000036   Code   RO         2295    .text.lr1121_modem_set_adr_profile  lr1121_modem_lorawan.o
    0x08009922   0x08009922   0x00000002   PAD
    0x08009924   0x08009924   0x00000040   Code   RO         2409    .text.lr1121_modem_set_alarm_timer  lr1121_modem_modem.o
    0x08009964   0x08009964   0x00000024   Code   RO         2249    .text.lr1121_modem_set_app_key  lr1121_modem_lorawan.o
    0x08009988   0x08009988   0x0000003e   Code   RO         2194    .text.lr1121_modem_set_crystal_error  lr1121_modem_bsp.o
    0x080099c6   0x080099c6   0x00000002   PAD
    0x080099c8   0x080099c8   0x00000024   Code   RO         2241    .text.lr1121_modem_set_dev_eui  lr1121_modem_lorawan.o
    0x080099ec   0x080099ec   0x00000024   Code   RO         2245    .text.lr1121_modem_set_join_eui  lr1121_modem_lorawan.o
    0x08009a10   0x08009a10   0x00000024   Code   RO         2247    .text.lr1121_modem_set_nwk_key  lr1121_modem_lorawan.o
    0x08009a34   0x08009a34   0x0000002c   Code   RO         2259    .text.lr1121_modem_set_region  lr1121_modem_lorawan.o
    0x08009a60   0x08009a60   0x00000030   Code   RO         2652    .text.lr1121_modem_system_cfg_lfclk  lr1121_modem_system.o
    0x08009a90   0x08009a90   0x0000002e   Code   RO         2656    .text.lr1121_modem_system_reboot  lr1121_modem_system.o
    0x08009abe   0x08009abe   0x00000002   PAD
    0x08009ac0   0x08009ac0   0x000001cc   Code   RO         2047    .text.main          main.o
    0x08009c8c   0x08009c8c   0x0000005c   Code   RO         2074    .text.print_hex_buffer  apps_utilities.o
    0x08009ce8   0x08009ce8   0x00000170   Code   RO         2078    .text.print_lorawan_credentials  apps_utilities.o
    0x08009e58   0x08009e58   0x0000006e   Code   RO         2084    .text.print_lorawan_region  apps_utilities.o
    0x08009ec6   0x08009ec6   0x00000002   PAD
    0x08009ec8   0x08009ec8   0x00000188   Code   RO         2055    .text.read_DHT11_data  main.o
    0x0800a050   0x0800a050   0x000000c6   Code   RO         2938    .text.rtc_get_timestamp_in_ticks  smtc_hal_rtc.o
    0x0800a116   0x0800a116   0x00000002   PAD
    0x0800a118   0x0800a118   0x00000424   Code   RO         2053    .text.send_uplinks_counter_on_port  main.o
    0x0800a53c   0x0800a53c   0x000000e0   Code   RO         3035    .text.timer_irq_handler  smtc_hal_tmr_list.o
    0x0800a61c   0x0800a61c   0x00000026   Code   RO         2049    .text.user_button_callback  main.o
    0x0800a642   0x0800a642   0x0000003e   Code   RO         3308    CL$$btod_d2e        c_w.l(btod.o)
    0x0800a680   0x0800a680   0x00000046   Code   RO         3310    CL$$btod_d2e_denorm_low  c_w.l(btod.o)
    0x0800a6c6   0x0800a6c6   0x00000060   Code   RO         3309    CL$$btod_d2e_norm_op1  c_w.l(btod.o)
    0x0800a726   0x0800a726   0x00000002   PAD
    0x0800a728   0x0800a728   0x00000338   Code   RO         3318    CL$$btod_div_common  c_w.l(btod.o)
    0x0800aa60   0x0800aa60   0x000000dc   Code   RO         3315    CL$$btod_e2e        c_w.l(btod.o)
    0x0800ab3c   0x0800ab3c   0x0000002a   Code   RO         3312    CL$$btod_ediv       c_w.l(btod.o)
    0x0800ab66   0x0800ab66   0x0000002a   Code   RO         3311    CL$$btod_emul       c_w.l(btod.o)
    0x0800ab90   0x0800ab90   0x00000244   Code   RO         3317    CL$$btod_mult_common  c_w.l(btod.o)
    0x0800add4   0x0800add4   0x00000030   Code   RO         3349    i.__ARM_fpclassify  m_wm.l(fpclassify.o)
    0x0800ae04   0x0800ae04   0x0000000e   Code   RO         3144    i._is_digit         c_w.l(__printf_wp.o)
    0x0800ae12   0x0800ae12   0x00000002   PAD
    0x0800ae14   0x0800ae14   0x0000002c   Code   RO         3333    locale$$code        c_w.l(lc_numeric_c.o)
    0x0800ae40   0x0800ae40   0x0000002c   Code   RO         3361    locale$$code        c_w.l(lc_ctype_c.o)
    0x0800ae6c   0x0800ae6c   0x0000001a   Code   RO         3435    x$fpl$fpinit        fz_wm.l(fpinit.o)
    0x0800ae86   0x0800ae86   0x00000004   Code   RO         3251    x$fpl$printf1       fz_wm.l(printf1.o)
    0x0800ae8a   0x0800ae8a   0x00000004   Code   RO         3253    x$fpl$printf2       fz_wm.l(printf2.o)
    0x0800ae8e   0x0800ae8e   0x00000000   Code   RO         3259    x$fpl$usenofp       fz_wm.l(usenofp.o)
    0x0800ae8e   0x0800ae8e   0x00000011   Data   RO         3152    .constdata          c_w.l(__printf_flags_ss_wp.o)
    0x0800ae9f   0x0800ae9f   0x00000001   PAD
    0x0800aea0   0x0800aea0   0x00000008   Data   RO         3194    .constdata          c_w.l(_printf_wctomb.o)
    0x0800aea8   0x0800aea8   0x00000028   Data   RO         3223    .constdata          c_w.l(_printf_hex_int_ll_ptr.o)
    0x0800aed0   0x0800aed0   0x00000026   Data   RO         3284    .constdata          c_w.l(_printf_fp_hex.o)
    0x0800aef6   0x0800aef6   0x00000002   PAD
    0x0800aef8   0x0800aef8   0x00000094   Data   RO         3306    .constdata          c_w.l(bigflt0.o)
    0x0800af8c   0x0800af8c   0x00000014   Data   RO         2826    .rodata..L__const.HAL_I2C_MspInit.gpio.2  smtc_hal_i2c.o
    0x0800afa0   0x0800afa0   0x00000014   Data   RO         3078    .rodata..L__const.HAL_UART_MspInit.gpio.2  smtc_hal_uart.o
    0x0800afb4   0x0800afb4   0x00000034   Data   RO         2091    .rodata..Lswitch.table.print_lorawan_region  apps_utilities.o
    0x0800afe8   0x0800afe8   0x00000010   Data   RO            7    .rodata.AHBPrescTable  system_stm32l4xx.o
    0x0800aff8   0x0800aff8   0x00000008   Data   RO            8    .rodata.APBPrescTable  system_stm32l4xx.o
    0x0800b000   0x0800b000   0x00000030   Data   RO            9    .rodata.MSIRangeTable  system_stm32l4xx.o
    0x0800b030   0x0800b030   0x00000010   Data   RO         1675    .rodata.cst16       stm32l4xx_hal_uart.o
    0x0800b040   0x0800b040   0x00000015   Data   RO         2037    .rodata.str1.1      dht11.o
    0x0800b055   0x0800b055   0x000004d9   Data   RO         2059    .rodata.str1.1      main.o
    0x0800b52e   0x0800b52e   0x000001d7   Data   RO         2090    .rodata.str1.1      apps_utilities.o
    0x0800b705   0x0800b705   0x00000010   Data   RO         2062    .rodata.user_app_key  main.o
    0x0800b715   0x0800b715   0x00000008   Data   RO         2060    .rodata.user_dev_eui  main.o
    0x0800b71d   0x0800b71d   0x00000008   Data   RO         2061    .rodata.user_join_eui  main.o
    0x0800b725   0x0800b725   0x00000010   Data   RO         2063    .rodata.user_nwk_key  main.o
    0x0800b735   0x0800b735   0x00000003   PAD
    0x0800b738   0x0800b738   0x00000020   Data   RO         3496    Region$$Table       anon$$obj.o
    0x0800b758   0x0800b758   0x0000001c   Data   RO         3332    locale$$data        c_w.l(lc_numeric_c.o)
    0x0800b774   0x0800b774   0x00000110   Data   RO         3360    locale$$data        c_w.l(lc_ctype_c.o)


    Execution Region RW_IRAM2 (Exec base: 0x10000000, Load base: 0x0800b8f0, Size: 0x00000000, Max: 0x00008000, ABSOLUTE)

    **** No section assigned to this execution region ****


    Execution Region RW_IRAM1 (Exec base: 0x20000000, Load base: 0x0800b888, Size: 0x00000c08, Max: 0x00018000, ABSOLUTE, COMPRESSED[0x00000068])

    Exec Addr    Load Addr    Size         Type   Attr      Idx    E Section Name        Object

    0x20000000   COMPRESSED   0x00000008   Data   RW           98    .data..L_MergedGlobals  stm32l4xx_hal.o
    0x20000008   COMPRESSED   0x00000004   Data   RW            6    .data.SystemCoreClock  system_stm32l4xx.o
    0x2000000c   COMPRESSED   0x00000004   Data   RW         2749    .data.flash_user_start_addr  smtc_hal_flash.o
    0x20000010   COMPRESSED   0x000000fc   Data   RW         2825    .data.hal_i2c       smtc_hal_i2c.o
    0x2000010c   COMPRESSED   0x000000e0   Data   RW         2989    .data.hal_spi       smtc_hal_spi.o
    0x200001ec   COMPRESSED   0x00000198   Data   RW         3077    .data.hal_uart      smtc_hal_uart.o
    0x20000384   COMPRESSED   0x0000000c   Data   RW         2017    .data.lis2de12_int1  lis2de12.o
    0x20000390        -       0x00000060   Zero   RW         3352    .bss                c_w.l(libspace.o)
    0x200003f0        -       0x00000009   Zero   RW         2038    .bss..L_MergedGlobals  dht11.o
    0x200003f9   COMPRESSED   0x00000003   PAD
    0x200003fc        -       0x0000000c   Zero   RW         2065    .bss..L_MergedGlobals  main.o
    0x20000408        -       0x00000068   Zero   RW         2970    .bss..L_MergedGlobals  smtc_hal_rtc.o
    0x20000470        -       0x00000040   Zero   RW         3016    .bss..L_MergedGlobals  smtc_hal_tmr.o
    0x200004b0        -       0x00000040   Zero   RW         1551    .bss.TimHandle      stm32l4xx_hal_timebase_tim_template.o
    0x200004f0        -       0x00000001   Zero   RW         2016    .bss.accelerometer_irq1_state  lis2de12.o
    0x200004f1   COMPRESSED   0x00000003   PAD
    0x200004f4        -       0x00000040   Zero   RW         2798    .bss.gpio_irq       smtc_hal_gpio.o
    0x20000534        -       0x00000001   Zero   RW         2827    .bss.i2c_internal_addr_size  smtc_hal_i2c.o
    0x20000535   COMPRESSED   0x00000003   PAD
    0x20000538        -       0x000000bc   Zero   RW         2892    .bss.lr1121         smtc_hal_mcu.o
    0x200005f4        -       0x00000001   Zero   RW         2895    .bss.partial_sleep_enable  smtc_hal_mcu.o
    0x200005f5   COMPRESSED   0x00000003   PAD
    0x200005f8        -       0x00000004   Zero   RW         3047    .bss.timer_list_head  smtc_hal_tmr_list.o
    0x200005fc        -       0x00000004   Zero   RW           97    .bss.uwTick         stm32l4xx_hal.o
    0x20000600        -       0x00000001   Zero   RW         2015    .bss.who_am_i       lis2de12.o
    0x20000601   COMPRESSED   0x00000007   PAD
    0x20000608        -       0x00000200   Zero   RW           18    HEAP                startup_stm32l476xx.o
    0x20000808        -       0x00000400   Zero   RW           17    STACK               startup_stm32l476xx.o


==============================================================================

Image component sizes


      Code (inc. data)   RO Data    RW Data    ZI Data      Debug   Object Name

       998        244        523          0          0       7036   apps_utilities.o
       688          0          0          0          0       2658   delay.o
       682         60         21          0          9       3267   dht11.o
        26          0          0          0          0       2413   external_supply.o
       488          0          0          0          0       4011   leds.o
       634          0          0         12          2      50767   lis2de12.o
       210          0          0          0          0      13449   lr1121_modem_board.o
        62          0          0          0          0      14190   lr1121_modem_bsp.o
      2470          0          0          0          0      26578   lr1121_modem_hal.o
       626          0          0          0          0      31581   lr1121_modem_lorawan.o
       242          0          0          0          0      19754   lr1121_modem_modem.o
        94          0          0          0          0      19140   lr1121_modem_system.o
      7140        934       1289          0         12      13745   main.o
      1054          0          0          4          0       7633   smtc_hal_flash.o
       832         50          0          0         64      11413   smtc_hal_gpio.o
       880         20         20        252          1      11311   smtc_hal_i2c.o
      1386         72          0          0        189      18098   smtc_hal_mcu.o
      1270         24          0          0        104      14429   smtc_hal_rtc.o
       654         40          0        224          0       8387   smtc_hal_spi.o
       176          0          0          0         64       6575   smtc_hal_tmr.o
       224          0          0          0          4       5947   smtc_hal_tmr_list.o
       758         20         20        408          0      10643   smtc_hal_uart.o
        16          0          0          0          0       1238   smtc_hal_watchdog.o
        64         26        392          0       1536        856   startup_stm32l476xx.o
       162          0          0          8          4       8576   stm32l4xx_hal.o
       230          0          0          0          0      10469   stm32l4xx_hal_cortex.o
        88          0          0          0          0       7751   stm32l4xx_hal_dma.o
       764          0          0          0          0       5101   stm32l4xx_hal_gpio.o
      2236          0          0          0          0      54782   stm32l4xx_hal_i2c.o
       146          0          0          0          0       5975   stm32l4xx_hal_i2c_ex.o
       876          0          0          0          0      12025   stm32l4xx_hal_lptim.o
       154          0          0          0          0       5425   stm32l4xx_hal_pwr.o
        76          0          0          0          0       9414   stm32l4xx_hal_pwr_ex.o
      2788          0          0          0          0      11803   stm32l4xx_hal_rcc.o
      1688          8          0          0          0      14172   stm32l4xx_hal_rcc_ex.o
      1922          0          0          0          0      14572   stm32l4xx_hal_rtc.o
       396          0          0          0          0      14447   stm32l4xx_hal_rtc_ex.o
       214          0          0          0          0      30250   stm32l4xx_hal_spi.o
       826          0          0          0          0      50606   stm32l4xx_hal_tim.o
         6          0          0          0          0      18989   stm32l4xx_hal_tim_ex.o
       168          0          0          0         64       7346   stm32l4xx_hal_timebase_tim_template.o
      2052         56         16          0          0      23626   stm32l4xx_hal_uart.o
         2          0          0          0          0       5940   stm32l4xx_hal_uart_ex.o
        82          0         72          4          0       3149   system_stm32l4xx.o

    ----------------------------------------------------------------------
     36782       1554       2388        912       2072     619537   Object Totals
         0          0         32          0          0          0   (incl. Generated)
       232          0          3          0         19          0   (incl. Padding)

    ----------------------------------------------------------------------

      Code (inc. data)   RO Data    RW Data    ZI Data      Debug   Library Member Name

        44          6          0          0          0         84   __2sprintf.o
        58          0          0          0          0          0   __dczerorl.o
         8          0          0          0          0         68   __main.o
       398          4         17          0          0         92   __printf_flags_ss_wp.o
        14          0          0          0          0         68   __printf_wp.o
         0          0          0          0          0          0   __rtentry.o
        12          0          0          0          0          0   __rtentry2.o
         6          0          0          0          0          0   __rtentry4.o
        52          8          0          0          0          0   __scatter.o
        28          0          0          0          0          0   __scatter_zi.o
        72          0          0          0          0         96   _c16rtomb.o
         6          0          0          0          0          0   _printf_a.o
         6          0          0          0          0          0   _printf_c.o
        44          0          0          0          0        108   _printf_char.o
        48          6          0          0          0         96   _printf_char_common.o
        40          0          0          0          0         68   _printf_charcount.o
         6          0          0          0          0          0   _printf_d.o
       120         16          0          0          0         92   _printf_dec.o
         6          0          0          0          0          0   _printf_e.o
         6          0          0          0          0          0   _printf_f.o
      1058          0          0          0          0        148   _printf_fp_dec.o
       770          8         38          0          0        100   _printf_fp_hex.o
       128         16          0          0          0         84   _printf_fp_infnan.o
         6          0          0          0          0          0   _printf_g.o
       148          4         40          0          0        160   _printf_hex_int_ll_ptr.o
         6          0          0          0          0          0   _printf_i.o
       178          0          0          0          0         88   _printf_intcommon.o
        10          0          0          0          0          0   _printf_l.o
         6          0          0          0          0          0   _printf_lc.o
        10          0          0          0          0          0   _printf_ll.o
         6          0          0          0          0          0   _printf_lld.o
         6          0          0          0          0          0   _printf_lli.o
         6          0          0          0          0          0   _printf_llo.o
         6          0          0          0          0          0   _printf_llu.o
         6          0          0          0          0          0   _printf_llx.o
       124         16          0          0          0         92   _printf_longlong_dec.o
         6          0          0          0          0          0   _printf_ls.o
         6          0          0          0          0          0   _printf_n.o
         6          0          0          0          0          0   _printf_o.o
       112          8          0          0          0        124   _printf_oct_int_ll.o
         6          0          0          0          0          0   _printf_p.o
        78          0          0          0          0        108   _printf_pad.o
         0          0          0          0          0          0   _printf_percent.o
         4          0          0          0          0          0   _printf_percent_end.o
         6          0          0          0          0          0   _printf_s.o
        82          0          0          0          0         80   _printf_str.o
        36          0          0          0          0         84   _printf_truncate.o
         6          0          0          0          0          0   _printf_u.o
        44          0          0          0          0        108   _printf_wchar.o
       194          6          8          0          0         92   _printf_wctomb.o
         6          0          0          0          0          0   _printf_x.o
        10          0          0          0          0         68   _sputc.o
       228          4        148          0          0         96   bigflt0.o
      1936        128          0          0          0        668   btod.o
        18          0          0          0          0         80   exit.o
         6          0          0          0          0        152   heapauxi.o
         0          0          0          0          0          0   indicate_semi.o
        44         10        272          0          0         76   lc_ctype_c.o
        44         10         28          0          0         76   lc_numeric_c.o
         2          0          0          0          0          0   libinit.o
        34          0          0          0          0          0   libinit2.o
         2          0          0          0          0          0   libshutdown.o
         2          0          0          0          0          0   libshutdown2.o
         8          4          0          0         96         68   libspace.o
       138          0          0          0          0         80   lludiv10.o
       240          0          0          0          0        100   lludivv7m.o
        16          4          0          0          0         76   rt_ctype_table.o
         8          4          0          0          0         68   rt_locale_intlibspace.o
        78          0          0          0          0         80   rt_memclr_w.o
       138          0          0          0          0         68   rt_memcpy_v6.o
       100          0          0          0          0         80   rt_memcpy_w.o
         2          0          0          0          0          0   rtexit.o
        10          0          0          0          0          0   rtexit2.o
       124          0          0          0          0         88   strcmpv7em.o
        62          0          0          0          0         76   strlen.o
        12          4          0          0          0         68   sys_exit.o
        74          0          0          0          0         80   sys_stackheap_outer.o
         2          0          0          0          0         68   use_no_semi.o
        36          4          0          0          0         76   vsprintf.o
        26          0          0          0          0        116   fpinit.o
         4          0          0          0          0        116   printf1.o
         4          0          0          0          0        116   printf2.o
         0          0          0          0          0          0   usenofp.o
        48          0          0          0          0        124   fpclassify.o

    ----------------------------------------------------------------------
      7512        270        554          0         96       4804   Library Totals
        16          0          3          0          0          0   (incl. Padding)

    ----------------------------------------------------------------------

      Code (inc. data)   RO Data    RW Data    ZI Data      Debug   Library Name

      7414        270        551          0         96       4332   c_w.l
        34          0          0          0          0        348   fz_wm.l
        48          0          0          0          0        124   m_wm.l

    ----------------------------------------------------------------------
      7512        270        554          0         96       4804   Library Totals

    ----------------------------------------------------------------------

==============================================================================


      Code (inc. data)   RO Data    RW Data    ZI Data      Debug   

     44294       1824       2942        912       2168     620961   Grand Totals
     44294       1824       2942        104       2168     620961   ELF Image Totals (compressed)
     44294       1824       2942        104          0          0   ROM Totals

==============================================================================

    Total RO  Size (Code + RO Data)                47236 (  46.13kB)
    Total RW  Size (RW Data + ZI Data)              3080 (   3.01kB)
    Total ROM Size (Code + RO Data + RW Data)      47340 (  46.23kB)

==============================================================================

