Component: Arm Compiler for Embedded 6.19 Tool: armlink [5e73cb00]

==============================================================================

Section Cross References

    startup_stm32l476xx.o(RESET) refers to startup_stm32l476xx.o(STACK) for __initial_sp
    startup_stm32l476xx.o(RESET) refers to startup_stm32l476xx.o(.text) for Reset_Handler
    startup_stm32l476xx.o(RESET) refers to smtc_hal_mcu_gpio_stm32l4.o(.text.EXTI0_IRQHandler) for EXTI0_IRQHandler
    startup_stm32l476xx.o(RESET) refers to smtc_hal_mcu_gpio_stm32l4.o(.text.EXTI1_IRQHandler) for EXTI1_IRQHandler
    startup_stm32l476xx.o(RESET) refers to smtc_hal_mcu_gpio_stm32l4.o(.text.EXTI2_IRQHandler) for EXTI2_IRQHandler
    startup_stm32l476xx.o(RESET) refers to smtc_hal_mcu_gpio_stm32l4.o(.text.EXTI3_IRQHandler) for EXTI3_IRQHandler
    startup_stm32l476xx.o(RESET) refers to smtc_hal_mcu_gpio_stm32l4.o(.text.EXTI4_IRQHandler) for EXTI4_IRQHandler
    startup_stm32l476xx.o(RESET) refers to smtc_hal_mcu_gpio_stm32l4.o(.text.EXTI9_5_IRQHandler) for EXTI9_5_IRQHandler
    startup_stm32l476xx.o(RESET) refers to smtc_hal_mcu_uart_stm32l4.o(.text.USART2_IRQHandler) for USART2_IRQHandler
    startup_stm32l476xx.o(RESET) refers to smtc_hal_mcu_gpio_stm32l4.o(.text.EXTI15_10_IRQHandler) for EXTI15_10_IRQHandler
    startup_stm32l476xx.o(RESET) refers to smtc_hal_mcu_timer_stm32l4.o(.text.LPTIM1_IRQHandler) for LPTIM1_IRQHandler
    startup_stm32l476xx.o(.text) refers to system_stm32l4xx.o(.text.SystemInit) for SystemInit
    startup_stm32l476xx.o(.text) refers to entry.o(.ARM.Collect$$$$00000000) for __main
    apps_common.o(.text.apps_common_lr11xx_get_context) refers to smtc_shield_pinout_mapping.o(.text.smtc_shield_pinout_mapping_get_gpio_cfg) for smtc_shield_pinout_mapping_get_gpio_cfg
    apps_common.o(.text.apps_common_lr11xx_get_context) refers to apps_common.o(.bss.context) for context
    apps_common.o(.text.apps_common_lr11xx_get_context) refers to apps_common.o(.text.radio_on_dio_irq) for radio_on_dio_irq
    apps_common.o(.text.apps_common_lr11xx_get_context) refers to smtc_hal_mcu_gpio_stm32l4.o(.text.smtc_hal_mcu_gpio_init_input) for smtc_hal_mcu_gpio_init_input
    apps_common.o(.text.apps_common_lr11xx_get_context) refers to smtc_hal_mcu_gpio_stm32l4.o(.text.smtc_hal_mcu_gpio_init_output) for smtc_hal_mcu_gpio_init_output
    apps_common.o(.text.apps_common_lr11xx_get_context) refers to smtc_hal_mcu_gpio_stm32l4.o(.text.smtc_hal_mcu_gpio_enable_irq) for smtc_hal_mcu_gpio_enable_irq
    apps_common.o(.text.apps_common_lr11xx_get_context) refers to smtc_hal_mcu_spi_stm32l4.o(.text.smtc_hal_mcu_spi_init) for smtc_hal_mcu_spi_init
    apps_common.o(.ARM.exidx.text.apps_common_lr11xx_get_context) refers to apps_common.o(.text.apps_common_lr11xx_get_context) for [Anonymous Symbol]
    apps_common.o(.text.radio_on_dio_irq) refers to apps_common.o(.bss.irq_fired) for irq_fired
    apps_common.o(.ARM.exidx.text.radio_on_dio_irq) refers to apps_common.o(.text.radio_on_dio_irq) for [Anonymous Symbol]
    apps_common.o(.text.apps_common_shield_init) refers to apps_common.o(.data.shield) for shield
    apps_common.o(.text.apps_common_shield_init) refers to apps_common.o(.bss.shield_pinout) for shield_pinout
    apps_common.o(.text.apps_common_shield_init) refers to smtc_shield_pinout_mapping.o(.text.smtc_shield_pinout_mapping_get_gpio_cfg) for smtc_shield_pinout_mapping_get_gpio_cfg
    apps_common.o(.text.apps_common_shield_init) refers to apps_common.o(.bss.led_tx) for led_tx
    apps_common.o(.text.apps_common_shield_init) refers to smtc_hal_mcu_gpio_stm32l4.o(.text.smtc_hal_mcu_gpio_init_output) for smtc_hal_mcu_gpio_init_output
    apps_common.o(.text.apps_common_shield_init) refers to apps_common.o(.bss.led_rx) for led_rx
    apps_common.o(.text.apps_common_shield_init) refers to apps_common.o(.bss.led_scan) for led_scan
    apps_common.o(.text.apps_common_shield_init) refers to apps_common.o(.bss.lna_ctrl) for lna_ctrl
    apps_common.o(.ARM.exidx.text.apps_common_shield_init) refers to apps_common.o(.text.apps_common_shield_init) for [Anonymous Symbol]
    apps_common.o(.text.apps_common_lr11xx_system_init) refers to lr11xx_system.o(.text.lr11xx_system_reset) for lr11xx_system_reset
    apps_common.o(.text.apps_common_lr11xx_system_init) refers to apps_common.o(.rodata.str1.1) for .L.str
    apps_common.o(.text.apps_common_lr11xx_system_init) refers to smtc_hal_dbg_trace.o(.text.hal_mcu_trace_print) for hal_mcu_trace_print
    apps_common.o(.text.apps_common_lr11xx_system_init) refers to apps_common.o(.data.shield) for shield
    apps_common.o(.text.apps_common_lr11xx_system_init) refers to lr11xx_system.o(.text.lr11xx_system_set_reg_mode) for lr11xx_system_set_reg_mode
    apps_common.o(.text.apps_common_lr11xx_system_init) refers to lr11xx_system.o(.text.lr11xx_system_set_dio_as_rf_switch) for lr11xx_system_set_dio_as_rf_switch
[...]
    [Anonymous Symbol]                       0x08001800   Section        0  apps_common.o(.text.apps_common_lr11xx_print_version)
    [Anonymous Symbol]                       0x080019e4   Section        0  apps_common.o(.text.apps_common_lr11xx_radio_init)
    [Anonymous Symbol]                       0x08001dc0   Section        0  apps_common.o(.text.apps_common_lr11xx_receive)
    [Anonymous Symbol]                       0x08001f8c   Section        0  apps_common.o(.text.apps_common_lr11xx_system_init)
    [Anonymous Symbol]                       0x08002340   Section        0  apps_common.o(.text.apps_common_print_sdk_driver_version)
    [Anonymous Symbol]                       0x080023bc   Section        0  apps_common.o(.text.apps_common_shield_init)
    [Anonymous Symbol]                       0x08002474   Section        0  common_version.o(.text.common_version_print)
    [Anonymous Symbol]                       0x080024d4   Section        0  apps_common.o(.text.get_time_on_air_in_ms)
    [Anonymous Symbol]                       0x080024e8   Section        0  smtc_hal_dbg_trace.o(.text.hal_mcu_trace_print)
    [Anonymous Symbol]                       0x08002508   Section        0  lr11xx_driver_version.o(.text.lr11xx_driver_version_get_version_string)
    [Anonymous Symbol]                       0x08002514   Section        0  lr11xx_hal.o(.text.lr11xx_hal_direct_read)
    [Anonymous Symbol]                       0x08002558   Section        0  lr11xx_hal.o(.text.lr11xx_hal_read)
    [Anonymous Symbol]                       0x080025ec   Section        0  lr11xx_hal.o(.text.lr11xx_hal_reset)
    [Anonymous Symbol]                       0x0800260c   Section        0  lr11xx_hal.o(.text.lr11xx_hal_write)
    [Anonymous Symbol]                       0x08002664   Section        0  lr11xx_radio.o(.text.lr11xx_radio_cfg_rx_boosted)
    [Anonymous Symbol]                       0x0800268c   Section        0  lr11xx_radio_types_str.o(.text.lr11xx_radio_fallback_modes_to_str)
    [Anonymous Symbol]                       0x080026b4   Section        0  lr11xx_radio.o(.text.lr11xx_radio_get_lora_pkt_status)
    [Anonymous Symbol]                       0x0800270c   Section        0  lr11xx_radio.o(.text.lr11xx_radio_get_lora_time_on_air_in_ms)
    [Anonymous Symbol]                       0x08002740   Section        0  lr11xx_radio.o(.text.lr11xx_radio_get_lora_time_on_air_numerator)
    [Anonymous Symbol]                       0x08002824   Section        0  lr11xx_radio.o(.text.lr11xx_radio_get_rx_buffer_status)
    [Anonymous Symbol]                       0x08002858   Section        0  lr11xx_radio_types_str.o(.text.lr11xx_radio_lora_bw_to_str)
    [Anonymous Symbol]                       0x080028b0   Section        0  lr11xx_radio_types_str.o(.text.lr11xx_radio_lora_cr_to_str)
    [Anonymous Symbol]                       0x080028e8   Section        0  lr11xx_radio_types_str.o(.text.lr11xx_radio_lora_crc_to_str)
    [Anonymous Symbol]                       0x0800293c   Section        0  lr11xx_radio_types_str.o(.text.lr11xx_radio_lora_iq_to_str)
    [Anonymous Symbol]                       0x08002998   Section        0  lr11xx_radio_types_str.o(.text.lr11xx_radio_lora_pkt_len_modes_to_str)
    [Anonymous Symbol]                       0x080029f4   Section        0  lr11xx_radio_types_str.o(.text.lr11xx_radio_lora_sf_to_str)
    [Anonymous Symbol]                       0x08002a30   Section        0  lr11xx_radio_types_str.o(.text.lr11xx_radio_pkt_type_to_str)
    [Anonymous Symbol]                       0x08002a58   Section        0  lr11xx_radio.o(.text.lr11xx_radio_set_lora_mod_params)
    [Anonymous Symbol]                       0x08002a80   Section        0  lr11xx_radio.o(.text.lr11xx_radio_set_lora_pkt_params)
    [Anonymous Symbol]                       0x08002ab4   Section        0  lr11xx_radio.o(.text.lr11xx_radio_set_lora_sync_word)
    [Anonymous Symbol]                       0x08002adc   Section        0  lr11xx_radio.o(.text.lr11xx_radio_set_pa_cfg)
    [Anonymous Symbol]                       0x08002b04   Section        0  lr11xx_radio.o(.text.lr11xx_radio_set_pkt_type)
    [Anonymous Symbol]                       0x08002b2c   Section        0  lr11xx_radio.o(.text.lr11xx_radio_set_rf_freq)
    [Anonymous Symbol]                       0x08002b68   Section        0  lr11xx_radio.o(.text.lr11xx_radio_set_rssi_calibration)
    [Anonymous Symbol]                       0x08002c28   Section        0  lr11xx_radio.o(.text.lr11xx_radio_set_rx)
    [Anonymous Symbol]                       0x08002c6c   Section        0  lr11xx_radio.o(.text.lr11xx_radio_set_rx_tx_fallback_mode)
    [Anonymous Symbol]                       0x08002c94   Section        0  lr11xx_radio.o(.text.lr11xx_radio_set_tx)
    [Anonymous Symbol]                       0x08002cd8   Section        0  lr11xx_radio.o(.text.lr11xx_radio_set_tx_params)
    [Anonymous Symbol]                       0x08002d04   Section        0  lr11xx_regmem.o(.text.lr11xx_regmem_read_buffer8)
    [Anonymous Symbol]                       0x08002d2c   Section        0  lr11xx_regmem.o(.text.lr11xx_regmem_write_buffer8)
    [Anonymous Symbol]                       0x08002d50   Section        0  lr11xx_system.o(.text.lr11xx_system_calibrate)
    [Anonymous Symbol]                       0x08002d78   Section        0  lr11xx_system.o(.text.lr11xx_system_cfg_lfclk)
    [Anonymous Symbol]                       0x08002da8   Section        0  lr11xx_system.o(.text.lr11xx_system_clear_errors)
    [Anonymous Symbol]                       0x08002dcc   Section        0  lr11xx_system.o(.text.lr11xx_system_clear_irq_status)
    [Anonymous Symbol]                       0x08002e08   Section        0  lr11xx_system.o(.text.lr11xx_system_get_and_clear_irq_status)
    [Anonymous Symbol]                       0x08002e6c   Section        0  lr11xx_system.o(.text.lr11xx_system_get_errors)
    [Anonymous Symbol]                       0x08002ea4   Section        0  lr11xx_system.o(.text.lr11xx_system_get_version)
    [Anonymous Symbol]                       0x08002ee4   Section        0  lr11xx_system.o(.text.lr11xx_system_reset)
    [Anonymous Symbol]                       0x08002ee8   Section        0  lr11xx_system.o(.text.lr11xx_system_set_dio_as_rf_switch)
    [Anonymous Symbol]                       0x08002f14   Section        0  lr11xx_system.o(.text.lr11xx_system_set_dio_irq_params)
    [Anonymous Symbol]                       0x08002f64   Section        0  lr11xx_system.o(.text.lr11xx_system_set_reg_mode)
    [Anonymous Symbol]                       0x08002f8c   Section        0  lr11xx_system.o(.text.lr11xx_system_set_tcxo_mode)
    [Anonymous Symbol]                       0x08002fc4   Section        0  main_per.o(.text.main)
    [Anonymous Symbol]                       0x080031dc   Section        0  apps_common.o(.text.on_cad_done_detected)
    [Anonymous Symbol]                       0x08003214   Section        0  apps_common.o(.text.on_cad_done_undetected)
    [Anonymous Symbol]                       0x0800324c   Section        0  main_per.o(.text.on_fsk_len_error)
    [Anonymous Symbol]                       0x08003258   Section        0  apps_common.o(.text.on_gnss_scan_done)
    [Anonymous Symbol]                       0x08003290   Section        0  apps_common.o(.text.on_header_error)
    [Anonymous Symbol]                       0x080032c8   Section        0  apps_common.o(.text.on_lora_rx_timestamp)
    [Anonymous Symbol]                       0x08003300   Section        0  apps_common.o(.text.on_preamble_detected)
    [Anonymous Symbol]                       0x08003338   Section        0  main_per.o(.text.on_rx_crc_error)
    [Anonymous Symbol]                       0x08003344   Section        0  main_per.o(.text.on_rx_done)
    [Anonymous Symbol]                       0x080034e0   Section        0  main_per.o(.text.on_rx_timeout)
    [Anonymous Symbol]                       0x080034ec   Section        0  apps_common.o(.text.on_syncword_header_valid)
    [Anonymous Symbol]                       0x08003524   Section        0  main_per.o(.text.on_tx_done)
    [Anonymous Symbol]                       0x08003644   Section        0  apps_common.o(.text.on_wifi_scan_done)
    per_reception_failure_handling           0x0800367d   Thumb Code   144  main_per.o(.text.per_reception_failure_handling)
    [Anonymous Symbol]                       0x0800367c   Section        0  main_per.o(.text.per_reception_failure_handling)
    [Anonymous Symbol]                       0x0800372c   Section        0  apps_common.o(.text.print_common_configuration)
    [Anonymous Symbol]                       0x0800385c   Section        0  apps_common.o(.text.print_lora_configuration)
    [Anonymous Symbol]                       0x08003a8c   Section        0  apps_common.o(.text.radio_on_dio_irq)
    [Anonymous Symbol]                       0x08003a9c   Section        0  smtc_hal_mcu_gpio_stm32l4.o(.text.smtc_hal_mcu_gpio_enable_irq)
    [Anonymous Symbol]                       0x08003b3c   Section        0  smtc_hal_mcu_gpio_stm32l4.o(.text.smtc_hal_mcu_gpio_get_state)
    [Anonymous Symbol]                       0x08003bac   Section        0  smtc_hal_mcu_gpio_stm32l4.o(.text.smtc_hal_mcu_gpio_init_input)
    [Anonymous Symbol]                       0x08003e70   Section        0  smtc_hal_mcu_gpio_stm32l4.o(.text.smtc_hal_mcu_gpio_init_output)
    [Anonymous Symbol]                       0x08003f60   Section        0  smtc_hal_mcu_gpio_stm32l4.o(.text.smtc_hal_mcu_gpio_set_state)
    smtc_hal_mcu_gpio_stm32l4_enable_clock   0x08003fa5   Thumb Code   232  smtc_hal_mcu_gpio_stm32l4.o(.text.smtc_hal_mcu_gpio_stm32l4_enable_clock)
    [Anonymous Symbol]                       0x08003fa4   Section        0  smtc_hal_mcu_gpio_stm32l4.o(.text.smtc_hal_mcu_gpio_stm32l4_enable_clock)
    [Anonymous Symbol]                       0x0800408c   Section        0  smtc_hal_mcu_stm32l4.o(.text.smtc_hal_mcu_init)
    [Anonymous Symbol]                       0x080041b0   Section        0  smtc_hal_mcu_spi_stm32l4.o(.text.smtc_hal_mcu_spi_init)
    [Anonymous Symbol]                       0x0800432c   Section        0  smtc_hal_mcu_spi_stm32l4.o(.text.smtc_hal_mcu_spi_rw_buffer)
    [Anonymous Symbol]                       0x080043dc   Section        0  smtc_hal_mcu_uart_stm32l4.o(.text.smtc_hal_mcu_uart_init)
    [Anonymous Symbol]                       0x08004518   Section        0  smtc_hal_mcu_uart_stm32l4.o(.text.smtc_hal_mcu_uart_send)
    [Anonymous Symbol]                       0x0800454c   Section        0  smtc_shield_lr1121mb1dis.o(.text.smtc_shield_lr1121mb1dis_get_lfclk_cfg)
    [Anonymous Symbol]                       0x08004550   Section        0  smtc_shield_lr1121mb1dis.o(.text.smtc_shield_lr1121mb1dis_get_pa_pwr_cfg)
    [Anonymous Symbol]                       0x080045dc   Section        0  smtc_shield_lr1121mb1dis.o(.text.smtc_shield_lr1121mb1dis_get_pinout)
    [Anonymous Symbol]                       0x080045e0   Section        0  smtc_shield_lr1121mb1dis.o(.text.smtc_shield_lr1121mb1dis_get_reg_mode)
    [Anonymous Symbol]                       0x080045e4   Section        0  smtc_shield_lr1121mb1dis.o(.text.smtc_shield_lr1121mb1dis_get_rf_switch_cfg)
    [Anonymous Symbol]                       0x080045e8   Section        0  smtc_shield_lr1121mb1dis.o(.text.smtc_shield_lr1121mb1dis_get_rssi_calibration_table)
    [Anonymous Symbol]                       0x080045ec   Section        0  smtc_shield_lr1121mb1dis.o(.text.smtc_shield_lr1121mb1dis_get_xosc_cfg)
    [Anonymous Symbol]                       0x080045f0   Section        0  smtc_shield_lr11x1_common.o(.text.smtc_shield_lr11x1_common_get_xosc_cfg)
    [Anonymous Symbol]                       0x080045fc   Section        0  smtc_shield_lr11xx_common.o(.text.smtc_shield_lr11xx_common_get_lfclk_cfg)
    [Anonymous Symbol]                       0x08004608   Section        0  smtc_shield_lr11xx_common.o(.text.smtc_shield_lr11xx_common_get_pinout)
    [Anonymous Symbol]                       0x08004614   Section        0  smtc_shield_lr11xx_common.o(.text.smtc_shield_lr11xx_common_get_reg_mode)
    [Anonymous Symbol]                       0x08004618   Section        0  smtc_shield_lr11xx_common.o(.text.smtc_shield_lr11xx_common_get_rf_switch_cfg)
    [Anonymous Symbol]                       0x08004624   Section        0  smtc_shield_lr11xx_common.o(.text.smtc_shield_lr11xx_get_rssi_calibration_table)
    [Anonymous Symbol]                       0x0800465c   Section        0  smtc_shield_pinout_mapping.o(.text.smtc_shield_pinout_mapping_get_gpio_cfg)
    [Anonymous Symbol]                       0x0800466c   Section        0  uart_init.o(.text.uart_init)
    [Anonymous Symbol]                       0x08004698   Section        0  uart_init.o(.text.vprint)
    i.__0vsprintf                            0x080046d0   Section        0  printfa.o(i.__0vsprintf)
    i.__scatterload_copy                     0x080046f4   Section       14  handlers.o(i.__scatterload_copy)
    i.__scatterload_null                     0x08004702   Section        2  handlers.o(i.__scatterload_null)
    i.__scatterload_zeroinit                 0x08004704   Section       14  handlers.o(i.__scatterload_zeroinit)
    _fp_digits                               0x08004715   Thumb Code   366  printfa.o(i._fp_digits)
    i._fp_digits                             0x08004714   Section        0  printfa.o(i._fp_digits)
    _printf_core                             0x080048a1   Thumb Code  1744  printfa.o(i._printf_core)
    i._printf_core                           0x080048a0   Section        0  printfa.o(i._printf_core)
    _printf_post_padding                     0x08004f83   Thumb Code    36  printfa.o(i._printf_post_padding)
    i._printf_post_padding                   0x08004f82   Section        0  printfa.o(i._printf_post_padding)
    _printf_pre_padding                      0x08004fa7   Thumb Code    46  printfa.o(i._printf_pre_padding)
    i._printf_pre_padding                    0x08004fa6   Section        0  printfa.o(i._printf_pre_padding)
    _sputc                                   0x08004fd5   Thumb Code    10  printfa.o(i._sputc)
    i._sputc                                 0x08004fd4   Section        0  printfa.o(i._sputc)
    .Lswitch.table.lr11xx_radio_get_lora_time_on_air_in_ms 0x08004fe0   Data          60  lr11xx_radio.o(.rodata..Lswitch.table.lr11xx_radio_get_lora_time_on_air_in_ms)
    lora_pkt_params                          0x08005114   Data           6  apps_common.o(.rodata.lora_pkt_params)
    [Anonymous Symbol]                       0x08005114   Section        0  apps_common.o(.rodata.lora_pkt_params)
    smtc_shield_lr11xx_common_rssi_calibration_table_above_2ghz 0x0800529e   Data          20  smtc_shield_lr11xx_common.o(.rodata.smtc_shield_lr11xx_common_rssi_calibration_table_above_2ghz)
    [Anonymous Symbol]                       0x0800529e   Section        0  smtc_shield_lr11xx_common.o(.rodata.smtc_shield_lr11xx_common_rssi_calibration_table_above_2ghz)
    smtc_shield_lr11xx_common_rssi_calibration_table_below_600mhz 0x080052b2   Data          20  smtc_shield_lr11xx_common.o(.rodata.smtc_shield_lr11xx_common_rssi_calibration_table_below_600mhz)
    [Anonymous Symbol]                       0x080052b2   Section        0  smtc_shield_lr11xx_common.o(.rodata.smtc_shield_lr11xx_common_rssi_calibration_table_below_600mhz)
    smtc_shield_lr11xx_common_rssi_calibration_table_from_600mhz_to_2ghz 0x080052c6   Data          20  smtc_shield_lr11xx_common.o(.rodata.smtc_shield_lr11xx_common_rssi_calibration_table_from_600mhz_to_2ghz)
    [Anonymous Symbol]                       0x080052c6   Section        0  smtc_shield_lr11xx_common.o(.rodata.smtc_shield_lr11xx_common_rssi_calibration_table_from_600mhz_to_2ghz)
    .L.str.23                                0x080052da   Data          67  apps_common.o(.rodata.str1.1)
    [Anonymous Symbol]                       0x080052da   Section        0  apps_common.o(.rodata.str1.1)
    .L.str.11                                0x0800531d   Data          75  apps_common.o(.rodata.str1.1)
    .L.str.55                                0x08005368   Data          35  apps_common.o(.rodata.str1.1)
    .L.str.50                                0x0800538b   Data          29  apps_common.o(.rodata.str1.1)
    .L.str.54                                0x080053a8   Data          25  apps_common.o(.rodata.str1.1)
    .L.str.16                                0x080053c1   Data          60  apps_common.o(.rodata.str1.1)
    .L.str.14                                0x080053fd   Data          68  apps_common.o(.rodata.str1.1)
    .L.str.77                                0x08005441   Data          24  apps_common.o(.rodata.str1.1)
    .L.str.41                                0x08005459   Data          27  apps_common.o(.rodata.str1.1)
    .L.str.42                                0x08005474   Data          30  apps_common.o(.rodata.str1.1)
    .L.str.40                                0x08005492   Data          10  apps_common.o(.rodata.str1.1)
    .L.str.46                                0x0800549c   Data          16  apps_common.o(.rodata.str1.1)
    .L.str.45                                0x080054ac   Data          17  apps_common.o(.rodata.str1.1)
    .L.str.39                                0x080054bd   Data           9  apps_common.o(.rodata.str1.1)
    .L.str.18                                0x080054c6   Data          41  apps_common.o(.rodata.str1.1)
    .L.str.22                                0x080054ef   Data          27  apps_common.o(.rodata.str1.1)
    .L__func__.apps_common_lr11xx_radio_dbpsk_init 0x080054f9   Data          36  apps_common.o(.rodata.str1.1)
    .L.str.44                                0x0800550a   Data          19  apps_common.o(.rodata.str1.1)
    .L.str.37                                0x0800551d   Data          11  apps_common.o(.rodata.str1.1)
    .L.str.38                                0x08005528   Data          18  apps_common.o(.rodata.str1.1)
    .L.str.2                                 0x0800553a   Data          26  apps_common.o(.rodata.str1.1)
    .L.str.7                                 0x0800553a   Data          26  apps_common.o(.rodata.str1.1)
    .L.str.52                                0x08005554   Data          26  apps_common.o(.rodata.str1.1)
    .L.str.53                                0x0800556e   Data          26  apps_common.o(.rodata.str1.1)
    .L.str.20                                0x08005588   Data          23  apps_common.o(.rodata.str1.1)
    .L.str.51                                0x0800559f   Data          26  apps_common.o(.rodata.str1.1)
    .L.str.43                                0x080055b9   Data          12  apps_common.o(.rodata.str1.1)
    .L.str.21                                0x080055c5   Data          26  apps_common.o(.rodata.str1.1)
    .L.str.17                                0x080055dd   Data           2  apps_common.o(.rodata.str1.1)
    .L.str.13                                0x080055df   Data           7  apps_common.o(.rodata.str1.1)
    .L.str.2                                 0x080055e6   Data           7  apps_common.o(.rodata.str1.1)
    .L.str.7                                 0x080055e6   Data           7  apps_common.o(.rodata.str1.1)
    .L.str.1                                 0x080055ed   Data           8  apps_common.o(.rodata.str1.1)
    .L.str.6                                 0x080055ed   Data           8  apps_common.o(.rodata.str1.1)
    .L.str.4                                 0x080055f5   Data          20  apps_common.o(.rodata.str1.1)
    .L.str.9                                 0x080055f5   Data          20  apps_common.o(.rodata.str1.1)
    .L.str.3                                 0x08005609   Data          30  apps_common.o(.rodata.str1.1)
    .L.str.4                                 0x08005627   Data           5  apps_common.o(.rodata.str1.1)
    .L.str.5                                 0x08005627   Data           5  apps_common.o(.rodata.str1.1)
    .L.str                                   0x0800562c   Data           8  apps_common.o(.rodata.str1.1)
    .L.str.5                                 0x0800562c   Data           8  apps_common.o(.rodata.str1.1)
    .L.str.1                                 0x08005634   Data           8  apps_common.o(.rodata.str1.1)
    .L.str.6                                 0x08005634   Data           8  apps_common.o(.rodata.str1.1)
    .L.str.12                                0x0800563c   Data           8  apps_common.o(.rodata.str1.1)
    .L__func__.apps_common_lr11xx_fetch_version 0x08005644   Data          33  apps_common.o(.rodata.str1.1)
    .L__func__.apps_common_lr11xx_system_init 0x08005665   Data          31  apps_common.o(.rodata.str1.1)
    .L__func__.apps_common_lr11xx_radio_init 0x08005684   Data          30  apps_common.o(.rodata.str1.1)
    .L.str.8                                 0x080056a2   Data          14  main_per.o(.rodata.str1.1)
    [Anonymous Symbol]                       0x080056a2   Section        0  main_per.o(.rodata.str1.1)
    .L.str.61                                0x080056b0   Data          29  apps_common.o(.rodata.str1.1)
    .L__func__.on_tx_done                    0x080056b0   Data          11  main_per.o(.rodata.str1.1)
    .L__func__.main                          0x080056bb   Data           5  main_per.o(.rodata.str1.1)
    [Anonymous Symbol]                       0x080056cc   Section        0  lr11xx_radio_types_str.o(.rodata.str1.1)
    .L.str.62                                0x080056cd   Data          33  apps_common.o(.rodata.str1.1)
    .L.str.63                                0x080056ee   Data          29  apps_common.o(.rodata.str1.1)
    .L.str.64                                0x0800570b   Data          29  apps_common.o(.rodata.str1.1)
    .L.str.65                                0x08005728   Data          32  apps_common.o(.rodata.str1.1)
    .L.str.66                                0x08005748   Data          25  apps_common.o(.rodata.str1.1)
    .L.str.67                                0x08005761   Data          34  apps_common.o(.rodata.str1.1)
    .L.str.68                                0x08005783   Data          27  apps_common.o(.rodata.str1.1)
    .L.str.69                                0x0800579e   Data          34  apps_common.o(.rodata.str1.1)
    .L.str.70                                0x080057c0   Data          27  apps_common.o(.rodata.str1.1)
    .L.str.71                                0x080057db   Data          27  apps_common.o(.rodata.str1.1)
    .L.str.72                                0x080057f6   Data          35  apps_common.o(.rodata.str1.1)
    .L.str.3                                 0x08005a35   Data           8  lr11xx_radio_types_str.o(.rodata.str1.1)
    lora_mod_params                          0x20000004   Data           4  apps_common.o(.data.lora_mod_params)
    [Anonymous Symbol]                       0x20000004   Section        0  apps_common.o(.data.lora_mod_params)
    rx_timeout                               0x2000000c   Data           4  main_per.o(.data.rx_timeout)
    [Anonymous Symbol]                       0x2000000c   Section        0  main_per.o(.data.rx_timeout)
    buffer                                   0x20000030   Data           7  main_per.o(.bss.buffer)
    [Anonymous Symbol]                       0x20000030   Section        0  main_per.o(.bss.buffer)
    context                                  0x20000038   Data          72  apps_common.o(.bss.context)
    [Anonymous Symbol]                       0x20000038   Section        0  apps_common.o(.bss.context)
    context                                  0x20000080   Data           4  main_per.o(.bss.context)
    [Anonymous Symbol]                       0x20000080   Section        0  main_per.o(.bss.context)
    first_pkt_flag                           0x20000084   Data           1  main_per.o(.bss.first_pkt_flag)
    [Anonymous Symbol]                       0x20000084   Section        0  main_per.o(.bss.first_pkt_flag)
    gpio_inst_array                          0x20000088   Data         768  smtc_hal_mcu_gpio_stm32l4.o(.bss.gpio_inst_array)
    [Anonymous Symbol]                       0x20000088   Section        0  smtc_hal_mcu_gpio_stm32l4.o(.bss.gpio_inst_array)
    inst_uart                                0x20000388   Data           4  uart_init.o(.bss.inst_uart)
    [Anonymous Symbol]                       0x20000388   Section        0  uart_init.o(.bss.inst_uart)
    irq_fired                                0x2000038c   Data           1  apps_common.o(.bss.irq_fired)
    [Anonymous Symbol]                       0x2000038c   Section        0  apps_common.o(.bss.irq_fired)
    led_rx                                   0x20000390   Data          12  apps_common.o(.bss.led_rx)
    [Anonymous Symbol]                       0x20000390   Section        0  apps_common.o(.bss.led_rx)
    led_scan                                 0x2000039c   Data          12  apps_common.o(.bss.led_scan)
    [Anonymous Symbol]                       0x2000039c   Section        0  apps_common.o(.bss.led_scan)
    led_tx                                   0x200003a8   Data          12  apps_common.o(.bss.led_tx)
    [Anonymous Symbol]                       0x200003a8   Section        0  apps_common.o(.bss.led_tx)
    lna_ctrl                                 0x200003b4   Data          12  apps_common.o(.bss.lna_ctrl)
    [Anonymous Symbol]                       0x200003b4   Section        0  apps_common.o(.bss.lna_ctrl)
    nb_fsk_len_error                         0x200003c0   Data           2  main_per.o(.bss.nb_fsk_len_error)
    [Anonymous Symbol]                       0x200003c0   Section        0  main_per.o(.bss.nb_fsk_len_error)
    nb_ok                                    0x200003c2   Data           2  main_per.o(.bss.nb_ok)
    [Anonymous Symbol]                       0x200003c2   Section        0  main_per.o(.bss.nb_ok)
    nb_rx_error                              0x200003c4   Data           2  main_per.o(.bss.nb_rx_error)
    [Anonymous Symbol]                       0x200003c4   Section        0  main_per.o(.bss.nb_rx_error)
    nb_rx_timeout                            0x200003c6   Data           2  main_per.o(.bss.nb_rx_timeout)
    [Anonymous Symbol]                       0x200003c6   Section        0  main_per.o(.bss.nb_rx_timeout)
    per_index                                0x200003c8   Data           2  main_per.o(.bss.per_index)
    [Anonymous Symbol]                       0x200003c8   Section        0  main_per.o(.bss.per_index)
    per_msg                                  0x200003ca   Data           7  main_per.o(.bss.per_msg)
    [Anonymous Symbol]                       0x200003ca   Section        0  main_per.o(.bss.per_msg)
    rolling_counter                          0x200003d1   Data           1  main_per.o(.bss.rolling_counter)
    [Anonymous Symbol]                       0x200003d1   Section        0  main_per.o(.bss.rolling_counter)
    shield_pinout                            0x200003d4   Data           4  apps_common.o(.bss.shield_pinout)
    [Anonymous Symbol]                       0x200003d4   Section        0  apps_common.o(.bss.shield_pinout)
    spi_inst_array                           0x200003d8   Data          32  smtc_hal_mcu_spi_stm32l4.o(.bss.spi_inst_array)
    [Anonymous Symbol]                       0x200003d8   Section        0  smtc_hal_mcu_spi_stm32l4.o(.bss.spi_inst_array)
    tim_inst_array                           0x200003f8   Data          16  smtc_hal_mcu_timer_stm32l4.o(.bss.tim_inst_array)
    [Anonymous Symbol]                       0x200003f8   Section        0  smtc_hal_mcu_timer_stm32l4.o(.bss.tim_inst_array)
    uart_inst_array                          0x20000408   Data          12  smtc_hal_mcu_uart_stm32l4.o(.bss.uart_inst_array)
    [Anonymous Symbol]                       0x20000408   Section        0  smtc_hal_mcu_uart_stm32l4.o(.bss.uart_inst_array)
    STACK                                    0x20000418   Section     1024  startup_stm32l476xx.o(STACK)

    Global Symbols

    Symbol Name                              Value     Ov Type        Size  Object(Section)

    BuildAttributes$$THM_ISAv4$E$P$D$K$B$S$7EM$VFPi3$EXTD16$VFPS$VFMA$PE$A:L22UL41UL21$X:L11$S22US41US21$IEEE1$IW$~IW$USESV6$~STKCKD$USESV7$~SHL$OTIME$ROPI$EBA8$MICROLIB$REQ8$PRES8$EABIv2 0x00000000   Number         0  anon$$obj.o ABSOLUTE
    __cpp_initialize__aeabi_                  - Undefined Weak Reference
    __cxa_finalize                            - Undefined Weak Reference
    __decompress                              - Undefined Weak Reference
    _clock_init                               - Undefined Weak Reference
    _microlib_exit                            - Undefined Weak Reference
    __Vectors_Size                           0x00000188   Number         0  startup_stm32l476xx.o ABSOLUTE
    __Vectors                                0x08000000   Data           4  startup_stm32l476xx.o(RESET)
    __Vectors_End                            0x08000188   Data           0  startup_stm32l476xx.o(RESET)
    __main                                   0x08000189   Thumb Code     0  entry.o(.ARM.Collect$$$$00000000)
    _main_stk                                0x08000189   Thumb Code     0  entry2.o(.ARM.Collect$$$$00000001)
    _main_scatterload                        0x0800018d   Thumb Code     0  entry5.o(.ARM.Collect$$$$00000004)
    __main_after_scatterload                 0x08000191   Thumb Code     0  entry5.o(.ARM.Collect$$$$00000004)
    _main_clock                              0x08000191   Thumb Code     0  entry7b.o(.ARM.Collect$$$$00000008)
    _main_cpp_init                           0x08000191   Thumb Code     0  entry8b.o(.ARM.Collect$$$$0000000A)
    _main_init                               0x08000191   Thumb Code     0  entry9a.o(.ARM.Collect$$$$0000000B)
    __rt_final_cpp                           0x08000199   Thumb Code     0  entry10a.o(.ARM.Collect$$$$0000000D)
    __rt_final_exit                          0x08000199   Thumb Code     0  entry11a.o(.ARM.Collect$$$$0000000F)
    Reset_Handler                            0x0800019d   Thumb Code     8  startup_stm32l476xx.o(.text)
    NMI_Handler                              0x080001a5   Thumb Code     2  startup_stm32l476xx.o(.text)
    HardFault_Handler                        0x080001a7   Thumb Code     2  startup_stm32l476xx.o(.text)
    MemManage_Handler                        0x080001a9   Thumb Code     2  startup_stm32l476xx.o(.text)
    BusFault_Handler                         0x080001ab   Thumb Code     2  startup_stm32l476xx.o(.text)
    UsageFault_Handler                       0x080001ad   Thumb Code     2  startup_stm32l476xx.o(.text)
    SVC_Handler                              0x080001af   Thumb Code     2  startup_stm32l476xx.o(.text)
    DebugMon_Handler                         0x080001b1   Thumb Code     2  startup_stm32l476xx.o(.text)
    PendSV_Handler                           0x080001b3   Thumb Code     2  startup_stm32l476xx.o(.text)
    SysTick_Handler                          0x080001b5   Thumb Code     2  startup_stm32l476xx.o(.text)
    ADC1_2_IRQHandler                        0x080001b7   Thumb Code     0  startup_stm32l476xx.o(.text)
    ADC3_IRQHandler                          0x080001b7   Thumb Code     0  startup_stm32l476xx.o(.text)
    CAN1_RX0_IRQHandler                      0x080001b7   Thumb Code     0  startup_stm32l476xx.o(.text)
    CAN1_RX1_IRQHandler                      0x080001b7   Thumb Code     0  startup_stm32l476xx.o(.text)
    CAN1_SCE_IRQHandler                      0x080001b7   Thumb Code     0  startup_stm32l476xx.o(.text)
    CAN1_TX_IRQHandler                       0x080001b7   Thumb Code     0  startup_stm32l476xx.o(.text)
    COMP_IRQHandler                          0x080001b7   Thumb Code     0  startup_stm32l476xx.o(.text)
    DFSDM1_FLT0_IRQHandler                   0x080001b7   Thumb Code     0  startup_stm32l476xx.o(.text)
    DFSDM1_FLT1_IRQHandler                   0x080001b7   Thumb Code     0  startup_stm32l476xx.o(.text)
    DFSDM1_FLT2_IRQHandler                   0x080001b7   Thumb Code     0  startup_stm32l476xx.o(.text)
    DFSDM1_FLT3_IRQHandler                   0x080001b7   Thumb Code     0  startup_stm32l476xx.o(.text)
    DMA1_Channel1_IRQHandler                 0x080001b7   Thumb Code     0  startup_stm32l476xx.o(.text)
    DMA1_Channel2_IRQHandler                 0x080001b7   Thumb Code     0  startup_stm32l476xx.o(.text)
    DMA1_Channel3_IRQHandler                 0x080001b7   Thumb Code     0  startup_stm32l476xx.o(.text)
    DMA1_Channel4_IRQHandler                 0x080001b7   Thumb Code     0  startup_stm32l476xx.o(.text)
    DMA1_Channel5_IRQHandler                 0x080001b7   Thumb Code     0  startup_stm32l476xx.o(.text)
    DMA1_Channel6_IRQHandler                 0x080001b7   Thumb Code     0  startup_stm32l476xx.o(.text)
    DMA1_Channel7_IRQHandler                 0x080001b7   Thumb Code     0  startup_stm32l476xx.o(.text)
    DMA2_Channel1_IRQHandler                 0x080001b7   Thumb Code     0  startup_stm32l476xx.o(.text)
    DMA2_Channel2_IRQHandler                 0x080001b7   Thumb Code     0  startup_stm32l476xx.o(.text)
    DMA2_Channel3_IRQHandler                 0x080001b7   Thumb Code     0  startup_stm32l476xx.o(.text)
    DMA2_Channel4_IRQHandler                 0x080001b7   Thumb Code     0  startup_stm32l476xx.o(.text)
    DMA2_Channel5_IRQHandler                 0x080001b7   Thumb Code     0  startup_stm32l476xx.o(.text)
    DMA2_Channel6_IRQHandler                 0x080001b7   Thumb Code     0  startup_stm32l476xx.o(.text)
    DMA2_Channel7_IRQHandler                 0x080001b7   Thumb Code     0  startup_stm32l476xx.o(.text)
    FLASH_IRQHandler                         0x080001b7   Thumb Code     0  startup_stm32l476xx.o(.text)
    FMC_IRQHandler                           0x080001b7   Thumb Code     0  startup_stm32l476xx.o(.text)
    FPU_IRQHandler                           0x080001b7   Thumb Code     0  startup_stm32l476xx.o(.text)
    I2C1_ER_IRQHandler                       0x080001b7   Thumb Code     0  startup_stm32l476xx.o(.text)
    I2C1_EV_IRQHandler                       0x080001b7   Thumb Code     0  startup_stm32l476xx.o(.text)
    I2C2_ER_IRQHandler                       0x080001b7   Thumb Code     0  startup_stm32l476xx.o(.text)
    I2C2_EV_IRQHandler                       0x080001b7   Thumb Code     0  startup_stm32l476xx.o(.text)
    I2C3_ER_IRQHandler                       0x080001b7   Thumb Code     0  startup_stm32l476xx.o(.text)
    I2C3_EV_IRQHandler                       0x080001b7   Thumb Code     0  startup_stm32l476xx.o(.text)
    LCD_IRQHandler                           0x080001b7   Thumb Code     0  startup_stm32l476xx.o(.text)
    LPTIM2_IRQHandler                        0x080001b7   Thumb Code     0  startup_stm32l476xx.o(.text)
    LPUART1_IRQHandler                       0x080001b7   Thumb Code     0  startup_stm32l476xx.o(.text)
    OTG_FS_IRQHandler                        0x080001b7   Thumb Code     0  startup_stm32l476xx.o(.text)
    PVD_PVM_IRQHandler                       0x080001b7   Thumb Code     0  startup_stm32l476xx.o(.text)
    QUADSPI_IRQHandler                       0x080001b7   Thumb Code     0  startup_stm32l476xx.o(.text)
    RCC_IRQHandler                           0x080001b7   Thumb Code     0  startup_stm32l476xx.o(.text)
    RNG_IRQHandler                           0x080001b7   Thumb Code     0  startup_stm32l476xx.o(.text)
    RTC_Alarm_IRQHandler                     0x080001b7   Thumb Code     0  startup_stm32l476xx.o(.text)
    RTC_WKUP_IRQHandler                      0x080001b7   Thumb Code     0  startup_stm32l476xx.o(.text)
    SAI1_IRQHandler                          0x080001b7   Thumb Code     0  startup_stm32l476xx.o(.text)
    SAI2_IRQHandler                          0x080001b7   Thumb Code     0  startup_stm32l476xx.o(.text)
    SDMMC1_IRQHandler                        0x080001b7   Thumb Code     0  startup_stm32l476xx.o(.text)
    SPI1_IRQHandler                          0x080001b7   Thumb Code     0  startup_stm32l476xx.o(.text)
    SPI2_IRQHandler                          0x080001b7   Thumb Code     0  startup_stm32l476xx.o(.text)
    SPI3_IRQHandler                          0x080001b7   Thumb Code     0  startup_stm32l476xx.o(.text)
    SWPMI1_IRQHandler                        0x080001b7   Thumb Code     0  startup_stm32l476xx.o(.text)
    TAMP_STAMP_IRQHandler                    0x080001b7   Thumb Code     0  startup_stm32l476xx.o(.text)
    TIM1_BRK_TIM15_IRQHandler                0x080001b7   Thumb Code     0  startup_stm32l476xx.o(.text)
    TIM1_CC_IRQHandler                       0x080001b7   Thumb Code     0  startup_stm32l476xx.o(.text)
    TIM1_TRG_COM_TIM17_IRQHandler            0x080001b7   Thumb Code     0  startup_stm32l476xx.o(.text)
    TIM1_UP_TIM16_IRQHandler                 0x080001b7   Thumb Code     0  startup_stm32l476xx.o(.text)
    TIM2_IRQHandler                          0x080001b7   Thumb Code     0  startup_stm32l476xx.o(.text)
    TIM3_IRQHandler                          0x080001b7   Thumb Code     0  startup_stm32l476xx.o(.text)
    TIM4_IRQHandler                          0x080001b7   Thumb Code     0  startup_stm32l476xx.o(.text)
    TIM5_IRQHandler                          0x080001b7   Thumb Code     0  startup_stm32l476xx.o(.text)
    TIM6_DAC_IRQHandler                      0x080001b7   Thumb Code     0  startup_stm32l476xx.o(.text)
    TIM7_IRQHandler                          0x080001b7   Thumb Code     0  startup_stm32l476xx.o(.text)
    TIM8_BRK_IRQHandler                      0x080001b7   Thumb Code     0  startup_stm32l476xx.o(.text)
    TIM8_CC_IRQHandler                       0x080001b7   Thumb Code     0  startup_stm32l476xx.o(.text)
    TIM8_TRG_COM_IRQHandler                  0x080001b7   Thumb Code     0  startup_stm32l476xx.o(.text)
    TIM8_UP_IRQHandler                       0x080001b7   Thumb Code     0  startup_stm32l476xx.o(.text)
    TSC_IRQHandler                           0x080001b7   Thumb Code     0  startup_stm32l476xx.o(.text)
    UART4_IRQHandler                         0x080001b7   Thumb Code     0  startup_stm32l476xx.o(.text)
    UART5_IRQHandler                         0x080001b7   Thumb Code     0  startup_stm32l476xx.o(.text)
    USART1_IRQHandler                        0x080001b7   Thumb Code     0  startup_stm32l476xx.o(.text)
    USART3_IRQHandler                        0x080001b7   Thumb Code     0  startup_stm32l476xx.o(.text)
    WWDG_IRQHandler                          0x080001b7   Thumb Code     0  startup_stm32l476xx.o(.text)
    __aeabi_uldivmod                         0x080001c1   Thumb Code    98  uldiv.o(.text)
    __aeabi_memset                           0x08000229   Thumb Code    14  memseta.o(.text)
    __aeabi_memset4                          0x08000229   Thumb Code     0  memseta.o(.text)
    __aeabi_memset8                          0x08000229   Thumb Code     0  memseta.o(.text)
    __aeabi_memclr                           0x08000237   Thumb Code     4  memseta.o(.text)
    __aeabi_memclr4                          0x08000237   Thumb Code     0  memseta.o(.text)
    __aeabi_memclr8                          0x08000237   Thumb Code     0  memseta.o(.text)
    _memset$wrapper                          0x0800023b   Thumb Code    18  memseta.o(.text)
    strlen                                   0x0800024d   Thumb Code    14  strlen.o(.text)
    memcmp                                   0x0800025b   Thumb Code    26  memcmp.o(.text)
    __aeabi_uidiv                            0x08000275   Thumb Code     0  uidiv.o(.text)
    __aeabi_uidivmod                         0x08000275   Thumb Code    44  uidiv.o(.text)
    __aeabi_llsl                             0x080002a1   Thumb Code    30  llshl.o(.text)
    _ll_shift_l                              0x080002a1   Thumb Code     0  llshl.o(.text)
    __aeabi_llsr                             0x080002bf   Thumb Code    32  llushr.o(.text)
    _ll_ushift_r                             0x080002bf   Thumb Code     0  llushr.o(.text)
    __I$use$fp                               0x080002df   Thumb Code     0  iusefp.o(.text)
    __aeabi_dadd                             0x080002df   Thumb Code   322  dadd.o(.text)
    __aeabi_dsub                             0x08000421   Thumb Code     6  dadd.o(.text)
    __aeabi_drsub                            0x08000427   Thumb Code     6  dadd.o(.text)
    __aeabi_dmul                             0x0800043d   Thumb Code   228  dmul.o(.text)
    __aeabi_ddiv                             0x08000527   Thumb Code   222  ddiv.o(.text)
    __aeabi_d2ulz                            0x08000605   Thumb Code    48  dfixul.o(.text)
    __aeabi_cdrcmple                         0x08000635   Thumb Code    48  cdrcmple.o(.text)
    __scatterload                            0x08000665   Thumb Code    28  init.o(.text)
    __scatterload_rt2                        0x08000665   Thumb Code     0  init.o(.text)
    __aeabi_lasr                             0x08000689   Thumb Code    36  llsshr.o(.text)
    _ll_sshift_r                             0x08000689   Thumb Code     0  llsshr.o(.text)
    _double_round                            0x080006ad   Thumb Code    30  depilogue.o(.text)
    _double_epilogue                         0x080006cb   Thumb Code   156  depilogue.o(.text)
    EXTI0_IRQHandler                         0x08000769   Thumb Code    66  smtc_hal_mcu_gpio_stm32l4.o(.text.EXTI0_IRQHandler)
    EXTI15_10_IRQHandler                     0x080007ad   Thumb Code   336  smtc_hal_mcu_gpio_stm32l4.o(.text.EXTI15_10_IRQHandler)
    EXTI1_IRQHandler                         0x080008fd   Thumb Code    66  smtc_hal_mcu_gpio_stm32l4.o(.text.EXTI1_IRQHandler)
    EXTI2_IRQHandler                         0x08000941   Thumb Code    66  smtc_hal_mcu_gpio_stm32l4.o(.text.EXTI2_IRQHandler)
    EXTI3_IRQHandler                         0x08000985   Thumb Code    66  smtc_hal_mcu_gpio_stm32l4.o(.text.EXTI3_IRQHandler)
    EXTI4_IRQHandler                         0x080009c9   Thumb Code    66  smtc_hal_mcu_gpio_stm32l4.o(.text.EXTI4_IRQHandler)
    EXTI9_5_IRQHandler                       0x08000a0d   Thumb Code   268  smtc_hal_mcu_gpio_stm32l4.o(.text.EXTI9_5_IRQHandler)
    LL_EXTI_Init                             0x08000b19   Thumb Code   366  stm32l4xx_ll_exti.o(.text.LL_EXTI_Init)
    LL_GPIO_Init                             0x08000c89   Thumb Code   220  stm32l4xx_ll_gpio.o(.text.LL_GPIO_Init)
    LL_Init1msTick                           0x08000d6d   Thumb Code    40  stm32l4xx_ll_utils.o(.text.LL_Init1msTick)
    LL_RCC_GetUARTClockFreq                  0x08000d95   Thumb Code   224  stm32l4xx_ll_rcc.o(.text.LL_RCC_GetUARTClockFreq)
    LL_RCC_GetUSARTClockFreq                 0x08000e75   Thumb Code   202  stm32l4xx_ll_rcc.o(.text.LL_RCC_GetUSARTClockFreq)
    LL_SPI_Init                              0x08000f41   Thumb Code   126  stm32l4xx_ll_spi.o(.text.LL_SPI_Init)
    LL_SetSystemCoreClock                    0x08000fc1   Thumb Code    12  stm32l4xx_ll_utils.o(.text.LL_SetSystemCoreClock)
    LL_USART_Init                            0x08000fcd   Thumb Code   236  stm32l4xx_ll_usart.o(.text.LL_USART_Init)
    LL_mDelay                                0x080010b9   Thumb Code    44  stm32l4xx_ll_utils.o(.text.LL_mDelay)
    LPTIM1_IRQHandler                        0x080010e5   Thumb Code    46  smtc_hal_mcu_timer_stm32l4.o(.text.LPTIM1_IRQHandler)
    SystemInit                               0x080011fd   Thumb Code    18  system_stm32l4xx.o(.text.SystemInit)
    USART2_IRQHandler                        0x08001211   Thumb Code    52  smtc_hal_mcu_uart_stm32l4.o(.text.USART2_IRQHandler)
    apps_common_lr11xx_fetch_and_print_version 0x08001245   Thumb Code   104  apps_common.o(.text.apps_common_lr11xx_fetch_and_print_version)
    apps_common_lr11xx_get_context           0x080012ad   Thumb Code   174  apps_common.o(.text.apps_common_lr11xx_get_context)
    apps_common_lr11xx_handle_post_rx        0x0800135d   Thumb Code    34  apps_common.o(.text.apps_common_lr11xx_handle_post_rx)
    apps_common_lr11xx_handle_post_tx        0x08001381   Thumb Code    34  apps_common.o(.text.apps_common_lr11xx_handle_post_tx)
    apps_common_lr11xx_handle_pre_rx         0x080013a5   Thumb Code    34  apps_common.o(.text.apps_common_lr11xx_handle_pre_rx)
    apps_common_lr11xx_handle_pre_tx         0x080013c9   Thumb Code    34  apps_common.o(.text.apps_common_lr11xx_handle_pre_tx)
    apps_common_lr11xx_irq_process           0x080013ed   Thumb Code   896  apps_common.o(.text.apps_common_lr11xx_irq_process)
    apps_common_lr11xx_print_version         0x08001801   Thumb Code   352  apps_common.o(.text.apps_common_lr11xx_print_version)
    apps_common_lr11xx_radio_init            0x080019e5   Thumb Code   986  apps_common.o(.text.apps_common_lr11xx_radio_init)
    apps_common_lr11xx_receive               0x08001dc1   Thumb Code   312  apps_common.o(.text.apps_common_lr11xx_receive)
    apps_common_lr11xx_system_init           0x08001f8d   Thumb Code   948  apps_common.o(.text.apps_common_lr11xx_system_init)
    apps_common_print_sdk_driver_version     0x08002341   Thumb Code    96  apps_common.o(.text.apps_common_print_sdk_driver_version)
    apps_common_shield_init                  0x080023bd   Thumb Code   182  apps_common.o(.text.apps_common_shield_init)
    common_version_print                     0x08002475   Thumb Code    32  common_version.o(.text.common_version_print)
    get_time_on_air_in_ms                    0x080024d5   Thumb Code    20  apps_common.o(.text.get_time_on_air_in_ms)
    hal_mcu_trace_print                      0x080024e9   Thumb Code    32  smtc_hal_dbg_trace.o(.text.hal_mcu_trace_print)
    lr11xx_driver_version_get_version_string 0x08002509   Thumb Code     4  lr11xx_driver_version.o(.text.lr11xx_driver_version_get_version_string)
    lr11xx_hal_direct_read                   0x08002515   Thumb Code    66  lr11xx_hal.o(.text.lr11xx_hal_direct_read)
    lr11xx_hal_read                          0x08002559   Thumb Code   146  lr11xx_hal.o(.text.lr11xx_hal_read)
    lr11xx_hal_reset                         0x080025ed   Thumb Code    30  lr11xx_hal.o(.text.lr11xx_hal_reset)
    lr11xx_hal_write                         0x0800260d   Thumb Code    88  lr11xx_hal.o(.text.lr11xx_hal_write)
    lr11xx_radio_cfg_rx_boosted              0x08002665   Thumb Code    40  lr11xx_radio.o(.text.lr11xx_radio_cfg_rx_boosted)
    lr11xx_radio_fallback_modes_to_str       0x0800268d   Thumb Code    28  lr11xx_radio_types_str.o(.text.lr11xx_radio_fallback_modes_to_str)
    lr11xx_radio_get_lora_pkt_status         0x080026b5   Thumb Code    86  lr11xx_radio.o(.text.lr11xx_radio_get_lora_pkt_status)
    lr11xx_radio_get_lora_time_on_air_in_ms  0x0800270d   Thumb Code    52  lr11xx_radio.o(.text.lr11xx_radio_get_lora_time_on_air_in_ms)
    lr11xx_radio_get_lora_time_on_air_numerator 0x08002741   Thumb Code   228  lr11xx_radio.o(.text.lr11xx_radio_get_lora_time_on_air_numerator)
    lr11xx_radio_get_rx_buffer_status        0x08002825   Thumb Code    52  lr11xx_radio.o(.text.lr11xx_radio_get_rx_buffer_status)
    lr11xx_radio_lora_bw_to_str              0x08002859   Thumb Code    28  lr11xx_radio_types_str.o(.text.lr11xx_radio_lora_bw_to_str)
    lr11xx_radio_lora_cr_to_str              0x080028b1   Thumb Code    24  lr11xx_radio_types_str.o(.text.lr11xx_radio_lora_cr_to_str)
    lr11xx_radio_lora_crc_to_str             0x080028e9   Thumb Code    28  lr11xx_radio_types_str.o(.text.lr11xx_radio_lora_crc_to_str)
    lr11xx_radio_lora_iq_to_str              0x0800293d   Thumb Code    28  lr11xx_radio_types_str.o(.text.lr11xx_radio_lora_iq_to_str)
    lr11xx_radio_lora_pkt_len_modes_to_str   0x08002999   Thumb Code    28  lr11xx_radio_types_str.o(.text.lr11xx_radio_lora_pkt_len_modes_to_str)
    lr11xx_radio_lora_sf_to_str              0x080029f5   Thumb Code    28  lr11xx_radio_types_str.o(.text.lr11xx_radio_lora_sf_to_str)
    lr11xx_radio_pkt_type_to_str             0x08002a31   Thumb Code    24  lr11xx_radio_types_str.o(.text.lr11xx_radio_pkt_type_to_str)
    lr11xx_radio_set_lora_mod_params         0x08002a59   Thumb Code    40  lr11xx_radio.o(.text.lr11xx_radio_set_lora_mod_params)
    lr11xx_radio_set_lora_pkt_params         0x08002a81   Thumb Code    50  lr11xx_radio.o(.text.lr11xx_radio_set_lora_pkt_params)
    lr11xx_radio_set_lora_sync_word          0x08002ab5   Thumb Code    40  lr11xx_radio.o(.text.lr11xx_radio_set_lora_sync_word)
    lr11xx_radio_set_pa_cfg                  0x08002add   Thumb Code    40  lr11xx_radio.o(.text.lr11xx_radio_set_pa_cfg)
    lr11xx_radio_set_pkt_type                0x08002b05   Thumb Code    40  lr11xx_radio.o(.text.lr11xx_radio_set_pkt_type)
    lr11xx_radio_set_rf_freq                 0x08002b2d   Thumb Code    58  lr11xx_radio.o(.text.lr11xx_radio_set_rf_freq)
    lr11xx_radio_set_rssi_calibration        0x08002b69   Thumb Code   192  lr11xx_radio.o(.text.lr11xx_radio_set_rssi_calibration)
    lr11xx_radio_set_rx                      0x08002c29   Thumb Code    68  lr11xx_radio.o(.text.lr11xx_radio_set_rx)
    lr11xx_radio_set_rx_tx_fallback_mode     0x08002c6d   Thumb Code    40  lr11xx_radio.o(.text.lr11xx_radio_set_rx_tx_fallback_mode)
    lr11xx_radio_set_tx                      0x08002c95   Thumb Code    68  lr11xx_radio.o(.text.lr11xx_radio_set_tx)
    lr11xx_radio_set_tx_params               0x08002cd9   Thumb Code    42  lr11xx_radio.o(.text.lr11xx_radio_set_tx_params)
    lr11xx_regmem_read_buffer8               0x08002d05   Thumb Code    40  lr11xx_regmem.o(.text.lr11xx_regmem_read_buffer8)
    lr11xx_regmem_write_buffer8              0x08002d2d   Thumb Code    34  lr11xx_regmem.o(.text.lr11xx_regmem_write_buffer8)
    lr11xx_system_calibrate                  0x08002d51   Thumb Code    40  lr11xx_system.o(.text.lr11xx_system_calibrate)
    lr11xx_system_cfg_lfclk                  0x08002d79   Thumb Code    48  lr11xx_system.o(.text.lr11xx_system_cfg_lfclk)
    lr11xx_system_clear_errors               0x08002da9   Thumb Code    36  lr11xx_system.o(.text.lr11xx_system_clear_errors)
    lr11xx_system_clear_irq_status           0x08002dcd   Thumb Code    58  lr11xx_system.o(.text.lr11xx_system_clear_irq_status)
    lr11xx_system_get_and_clear_irq_status   0x08002e09   Thumb Code    98  lr11xx_system.o(.text.lr11xx_system_get_and_clear_irq_status)
    lr11xx_system_get_errors                 0x08002e6d   Thumb Code    54  lr11xx_system.o(.text.lr11xx_system_get_errors)
    lr11xx_system_get_version                0x08002ea5   Thumb Code    64  lr11xx_system.o(.text.lr11xx_system_get_version)
    lr11xx_system_reset                      0x08002ee5   Thumb Code     4  lr11xx_system.o(.text.lr11xx_system_reset)
    lr11xx_system_set_dio_as_rf_switch       0x08002ee9   Thumb Code    44  lr11xx_system.o(.text.lr11xx_system_set_dio_as_rf_switch)
    lr11xx_system_set_dio_irq_params         0x08002f15   Thumb Code    80  lr11xx_system.o(.text.lr11xx_system_set_dio_irq_params)
    lr11xx_system_set_reg_mode               0x08002f65   Thumb Code    40  lr11xx_system.o(.text.lr11xx_system_set_reg_mode)
    lr11xx_system_set_tcxo_mode              0x08002f8d   Thumb Code    56  lr11xx_system.o(.text.lr11xx_system_set_tcxo_mode)
    main                                     0x08002fc5   Thumb Code   504  main_per.o(.text.main)
    on_cad_done_detected                     0x080031dd   Thumb Code    54  apps_common.o(.text.on_cad_done_detected)
    on_cad_done_undetected                   0x08003215   Thumb Code    54  apps_common.o(.text.on_cad_done_undetected)
    on_fsk_len_error                         0x0800324d   Thumb Code    12  main_per.o(.text.on_fsk_len_error)
    on_gnss_scan_done                        0x08003259   Thumb Code    54  apps_common.o(.text.on_gnss_scan_done)
    on_header_error                          0x08003291   Thumb Code    54  apps_common.o(.text.on_header_error)
    on_lora_rx_timestamp                     0x080032c9   Thumb Code    54  apps_common.o(.text.on_lora_rx_timestamp)
    on_preamble_detected                     0x08003301   Thumb Code    54  apps_common.o(.text.on_preamble_detected)
    on_rx_crc_error                          0x08003339   Thumb Code    12  main_per.o(.text.on_rx_crc_error)
    on_rx_done                               0x08003345   Thumb Code   324  main_per.o(.text.on_rx_done)
    on_rx_timeout                            0x080034e1   Thumb Code    12  main_per.o(.text.on_rx_timeout)
    on_syncword_header_valid                 0x080034ed   Thumb Code    54  apps_common.o(.text.on_syncword_header_valid)
    on_tx_done                               0x08003525   Thumb Code   268  main_per.o(.text.on_tx_done)
    on_wifi_scan_done                        0x08003645   Thumb Code    54  apps_common.o(.text.on_wifi_scan_done)
    print_common_configuration               0x0800372d   Thumb Code   232  apps_common.o(.text.print_common_configuration)
    print_lora_configuration                 0x0800385d   Thumb Code   416  apps_common.o(.text.print_lora_configuration)
    radio_on_dio_irq                         0x08003a8d   Thumb Code    14  apps_common.o(.text.radio_on_dio_irq)
    smtc_hal_mcu_gpio_enable_irq             0x08003a9d   Thumb Code   160  smtc_hal_mcu_gpio_stm32l4.o(.text.smtc_hal_mcu_gpio_enable_irq)
    smtc_hal_mcu_gpio_get_state              0x08003b3d   Thumb Code   110  smtc_hal_mcu_gpio_stm32l4.o(.text.smtc_hal_mcu_gpio_get_state)
    smtc_hal_mcu_gpio_init_input             0x08003bad   Thumb Code   706  smtc_hal_mcu_gpio_stm32l4.o(.text.smtc_hal_mcu_gpio_init_input)
    smtc_hal_mcu_gpio_init_output            0x08003e71   Thumb Code   240  smtc_hal_mcu_gpio_stm32l4.o(.text.smtc_hal_mcu_gpio_init_output)
    smtc_hal_mcu_gpio_set_state              0x08003f61   Thumb Code    66  smtc_hal_mcu_gpio_stm32l4.o(.text.smtc_hal_mcu_gpio_set_state)
    smtc_hal_mcu_init                        0x0800408d   Thumb Code   290  smtc_hal_mcu_stm32l4.o(.text.smtc_hal_mcu_init)
    smtc_hal_mcu_spi_init                    0x080041b1   Thumb Code   380  smtc_hal_mcu_spi_stm32l4.o(.text.smtc_hal_mcu_spi_init)
    smtc_hal_mcu_spi_rw_buffer               0x0800432d   Thumb Code   176  smtc_hal_mcu_spi_stm32l4.o(.text.smtc_hal_mcu_spi_rw_buffer)
    smtc_hal_mcu_uart_init                   0x080043dd   Thumb Code   316  smtc_hal_mcu_uart_stm32l4.o(.text.smtc_hal_mcu_uart_init)
    smtc_hal_mcu_uart_send                   0x08004519   Thumb Code    50  smtc_hal_mcu_uart_stm32l4.o(.text.smtc_hal_mcu_uart_send)
    smtc_shield_lr1121mb1dis_get_lfclk_cfg   0x0800454d   Thumb Code     4  smtc_shield_lr1121mb1dis.o(.text.smtc_shield_lr1121mb1dis_get_lfclk_cfg)
    smtc_shield_lr1121mb1dis_get_pa_pwr_cfg  0x08004551   Thumb Code   138  smtc_shield_lr1121mb1dis.o(.text.smtc_shield_lr1121mb1dis_get_pa_pwr_cfg)
    smtc_shield_lr1121mb1dis_get_pinout      0x080045dd   Thumb Code     4  smtc_shield_lr1121mb1dis.o(.text.smtc_shield_lr1121mb1dis_get_pinout)
    smtc_shield_lr1121mb1dis_get_reg_mode    0x080045e1   Thumb Code     4  smtc_shield_lr1121mb1dis.o(.text.smtc_shield_lr1121mb1dis_get_reg_mode)
    smtc_shield_lr1121mb1dis_get_rf_switch_cfg 0x080045e5   Thumb Code     4  smtc_shield_lr1121mb1dis.o(.text.smtc_shield_lr1121mb1dis_get_rf_switch_cfg)
    smtc_shield_lr1121mb1dis_get_rssi_calibration_table 0x080045e9   Thumb Code     4  smtc_shield_lr1121mb1dis.o(.text.smtc_shield_lr1121mb1dis_get_rssi_calibration_table)
    smtc_shield_lr1121mb1dis_get_xosc_cfg    0x080045ed   Thumb Code     4  smtc_shield_lr1121mb1dis.o(.text.smtc_shield_lr1121mb1dis_get_xosc_cfg)
    smtc_shield_lr11x1_common_get_xosc_cfg   0x080045f1   Thumb Code    10  smtc_shield_lr11x1_common.o(.text.smtc_shield_lr11x1_common_get_xosc_cfg)
    smtc_shield_lr11xx_common_get_lfclk_cfg  0x080045fd   Thumb Code    10  smtc_shield_lr11xx_common.o(.text.smtc_shield_lr11xx_common_get_lfclk_cfg)
    smtc_shield_lr11xx_common_get_pinout     0x08004609   Thumb Code    10  smtc_shield_lr11xx_common.o(.text.smtc_shield_lr11xx_common_get_pinout)
    smtc_shield_lr11xx_common_get_reg_mode   0x08004615   Thumb Code     4  smtc_shield_lr11xx_common.o(.text.smtc_shield_lr11xx_common_get_reg_mode)
    smtc_shield_lr11xx_common_get_rf_switch_cfg 0x08004619   Thumb Code    10  smtc_shield_lr11xx_common.o(.text.smtc_shield_lr11xx_common_get_rf_switch_cfg)
    smtc_shield_lr11xx_get_rssi_calibration_table 0x08004625   Thumb Code    56  smtc_shield_lr11xx_common.o(.text.smtc_shield_lr11xx_get_rssi_calibration_table)
    smtc_shield_pinout_mapping_get_gpio_cfg  0x0800465d   Thumb Code    14  smtc_shield_pinout_mapping.o(.text.smtc_shield_pinout_mapping_get_gpio_cfg)
    uart_init                                0x0800466d   Thumb Code    44  uart_init.o(.text.uart_init)
    vprint                                   0x08004699   Thumb Code    54  uart_init.o(.text.vprint)
    __0vsprintf                              0x080046d1   Thumb Code    30  printfa.o(i.__0vsprintf)
    __1vsprintf                              0x080046d1   Thumb Code     0  printfa.o(i.__0vsprintf)
    __2vsprintf                              0x080046d1   Thumb Code     0  printfa.o(i.__0vsprintf)
    __c89vsprintf                            0x080046d1   Thumb Code     0  printfa.o(i.__0vsprintf)
    vsprintf                                 0x080046d1   Thumb Code     0  printfa.o(i.__0vsprintf)
    __scatterload_copy                       0x080046f5   Thumb Code    14  handlers.o(i.__scatterload_copy)
    __scatterload_null                       0x08004703   Thumb Code     2  handlers.o(i.__scatterload_null)
    __scatterload_zeroinit                   0x08004705   Thumb Code    14  handlers.o(i.__scatterload_zeroinit)
    AHBPrescTable                            0x0800501c   Data          16  system_stm32l4xx.o(.rodata.AHBPrescTable)
    APBPrescTable                            0x0800502c   Data           8  system_stm32l4xx.o(.rodata.APBPrescTable)
    MSIRangeTable                            0x08005034   Data          48  system_stm32l4xx.o(.rodata.MSIRangeTable)
    arduino_mapping                          0x08005064   Data         176  smtc_shield_pinout_mapping.o(.rodata.arduino_mapping)
    smtc_shield_lr1121mb1dis_pa_pwr_cfg_table 0x0800511a   Data         200  smtc_shield_lr1121mb1dis.o(.rodata.smtc_shield_lr1121mb1dis_pa_pwr_cfg_table)
    smtc_shield_lr1121mb1dis_pa_pwr_hf_cfg_table 0x080051e2   Data         160  smtc_shield_lr1121mb1dis.o(.rodata.smtc_shield_lr1121mb1dis_pa_pwr_hf_cfg_table)
    smtc_shield_lr11x1_common_xosc_cfg       0x08005284   Data           8  smtc_shield_lr11x1_common.o(.rodata.smtc_shield_lr11x1_common_xosc_cfg)
    smtc_shield_lr11xx_common_lfclk_cfg      0x0800528c   Data           2  smtc_shield_lr11xx_common.o(.rodata.smtc_shield_lr11xx_common_lfclk_cfg)
    smtc_shield_lr11xx_common_pinout         0x0800528e   Data           8  smtc_shield_lr11xx_common.o(.rodata.smtc_shield_lr11xx_common_pinout)
    smtc_shield_lr11xx_common_rf_switch_cfg  0x08005296   Data           8  smtc_shield_lr11xx_common.o(.rodata.smtc_shield_lr11xx_common_rf_switch_cfg)
    Region$$Table$$Base                      0x08005a40   Number         0  anon$$obj.o(Region$$Table)
    Region$$Table$$Limit                     0x08005a60   Number         0  anon$$obj.o(Region$$Table)
    SystemCoreClock                          0x20000000   Data           4  system_stm32l4xx.o(.data.SystemCoreClock)
    mode                                     0x20000008   Data           4  main_per.o(.data.mode)
    shield                                   0x20000010   Data          28  apps_common.o(.data.shield)
    __initial_sp                             0x20000818   Data           0  startup_stm32l476xx.o(STACK)



==============================================================================

Memory Map of the image

  Image Entry point : 0x08000189

  Load Region LR_IROM1 (Base: 0x08000000, Size: 0x00005a90, Max: 0x00100000, ABSOLUTE)

    Execution Region ER_IROM1 (Exec base: 0x08000000, Load base: 0x08000000, Size: 0x00005a60, Max: 0x00100000, ABSOLUTE)

    Exec Addr    Load Addr    Size         Type   Attr      Idx    E Section Name        Object

    0x08000000   0x08000000   0x00000188   Data   RO            3    RESET               startup_stm32l476xx.o
    0x08000188   0x08000188   0x00000000   Code   RO         1230  * .ARM.Collect$$$$00000000  mc_w.l(entry.o)
    0x08000188   0x08000188   0x00000004   Code   RO         1273    .ARM.Collect$$$$00000001  mc_w.l(entry2.o)
    0x0800018c   0x0800018c   0x00000004   Code   RO         1276    .ARM.Collect$$$$00000004  mc_w.l(entry5.o)
    0x08000190   0x08000190   0x00000000   Code   RO         1278    .ARM.Collect$$$$00000008  mc_w.l(entry7b.o)
    0x08000190   0x08000190   0x00000000   Code   RO         1280    .ARM.Collect$$$$0000000A  mc_w.l(entry8b.o)
    0x08000190   0x08000190   0x00000008   Code   RO         1281    .ARM.Collect$$$$0000000B  mc_w.l(entry9a.o)
    0x08000198   0x08000198   0x00000000   Code   RO         1283    .ARM.Collect$$$$0000000D  mc_w.l(entry10a.o)
    0x08000198   0x08000198   0x00000000   Code   RO         1285    .ARM.Collect$$$$0000000F  mc_w.l(entry11a.o)
    0x08000198   0x08000198   0x00000004   Code   RO         1274    .ARM.Collect$$$$00002712  mc_w.l(entry2.o)
    0x0800019c   0x0800019c   0x00000024   Code   RO            4    .text               startup_stm32l476xx.o
    0x080001c0   0x080001c0   0x00000068   Code   RO         1233    .text               mc_w.l(uldiv.o)
    0x08000228   0x08000228   0x00000024   Code   RO         1237    .text               mc_w.l(memseta.o)
    0x0800024c   0x0800024c   0x0000000e   Code   RO         1239    .text               mc_w.l(strlen.o)
    0x0800025a   0x0800025a   0x0000001a   Code   RO         1241    .text               mc_w.l(memcmp.o)
    0x08000274   0x08000274   0x0000002c   Code   RO         1301    .text               mc_w.l(uidiv.o)
    0x080002a0   0x080002a0   0x0000001e   Code   RO         1303    .text               mc_w.l(llshl.o)
    0x080002be   0x080002be   0x00000020   Code   RO         1305    .text               mc_w.l(llushr.o)
    0x080002de   0x080002de   0x00000000   Code   RO         1307    .text               mc_w.l(iusefp.o)
    0x080002de   0x080002de   0x0000015e   Code   RO         1308    .text               mf_w.l(dadd.o)
    0x0800043c   0x0800043c   0x000000ea   Code   RO         1310    .text               mf_w.l(dmul.o)
    0x08000526   0x08000526   0x000000de   Code   RO         1312    .text               mf_w.l(ddiv.o)
    0x08000604   0x08000604   0x00000030   Code   RO         1314    .text               mf_w.l(dfixul.o)
    0x08000634   0x08000634   0x00000030   Code   RO         1316    .text               mf_w.l(cdrcmple.o)
    0x08000664   0x08000664   0x00000024   Code   RO         1318    .text               mc_w.l(init.o)
    0x08000688   0x08000688   0x00000024   Code   RO         1321    .text               mc_w.l(llsshr.o)
    0x080006ac   0x080006ac   0x000000ba   Code   RO         1324    .text               mf_w.l(depilogue.o)
    0x08000766   0x08000766   0x00000002   PAD
    0x08000768   0x08000768   0x00000042   Code   RO          879    .text.EXTI0_IRQHandler  smtc_hal_mcu_gpio_stm32l4.o
    0x080007aa   0x080007aa   0x00000002   PAD
    0x080007ac   0x080007ac   0x00000150   Code   RO          891    .text.EXTI15_10_IRQHandler  smtc_hal_mcu_gpio_stm32l4.o
    0x080008fc   0x080008fc   0x00000042   Code   RO          881    .text.EXTI1_IRQHandler  smtc_hal_mcu_gpio_stm32l4.o
    0x0800093e   0x0800093e   0x00000002   PAD
    0x08000940   0x08000940   0x00000042   Code   RO          883    .text.EXTI2_IRQHandler  smtc_hal_mcu_gpio_stm32l4.o
    0x08000982   0x08000982   0x00000002   PAD
    0x08000984   0x08000984   0x00000042   Code   RO          885    .text.EXTI3_IRQHandler  smtc_hal_mcu_gpio_stm32l4.o
    0x080009c6   0x080009c6   0x00000002   PAD
    0x080009c8   0x080009c8   0x00000042   Code   RO          887    .text.EXTI4_IRQHandler  smtc_hal_mcu_gpio_stm32l4.o
    0x08000a0a   0x08000a0a   0x00000002   PAD
    0x08000a0c   0x08000a0c   0x0000010c   Code   RO          889    .text.EXTI9_5_IRQHandler  smtc_hal_mcu_gpio_stm32l4.o
    0x08000b18   0x08000b18   0x0000016e   Code   RO          358    .text.LL_EXTI_Init  stm32l4xx_ll_exti.o
    0x08000c86   0x08000c86   0x00000002   PAD
    0x08000c88   0x08000c88   0x000000e2   Code   RO          335    .text.LL_GPIO_Init  stm32l4xx_ll_gpio.o
    0x08000d6a   0x08000d6a   0x00000002   PAD
    0x08000d6c   0x08000d6c   0x00000028   Code   RO          370    .text.LL_Init1msTick  stm32l4xx_ll_utils.o
    0x08000d94   0x08000d94   0x000000e0   Code   RO          293    .text.LL_RCC_GetUARTClockFreq  stm32l4xx_ll_rcc.o
    0x08000e74   0x08000e74   0x000000ca   Code   RO          291    .text.LL_RCC_GetUSARTClockFreq  stm32l4xx_ll_rcc.o
    0x08000f3e   0x08000f3e   0x00000002   PAD
    0x08000f40   0x08000f40   0x0000007e   Code   RO          205    .text.LL_SPI_Init   stm32l4xx_ll_spi.o
    0x08000fbe   0x08000fbe   0x00000002   PAD
    0x08000fc0   0x08000fc0   0x0000000c   Code   RO          374    .text.LL_SetSystemCoreClock  stm32l4xx_ll_utils.o
    0x08000fcc   0x08000fcc   0x000000ec   Code   RO          269    .text.LL_USART_Init  stm32l4xx_ll_usart.o
    0x080010b8   0x080010b8   0x0000002c   Code   RO          372    .text.LL_mDelay     stm32l4xx_ll_utils.o
    0x080010e4   0x080010e4   0x0000002e   Code   RO          946    .text.LPTIM1_IRQHandler  smtc_hal_mcu_timer_stm32l4.o
    0x08001112   0x08001112   0x00000002   PAD
    0x08001114   0x08001114   0x000000e6   Code   RO          289    .text.RCC_GetSystemClockFreq  stm32l4xx_ll_rcc.o
    0x080011fa   0x080011fa   0x00000002   PAD
    0x080011fc   0x080011fc   0x00000012   Code   RO          394    .text.SystemInit    system_stm32l4xx.o
    0x0800120e   0x0800120e   0x00000002   PAD
    0x08001210   0x08001210   0x00000034   Code   RO          925    .text.USART2_IRQHandler  smtc_hal_mcu_uart_stm32l4.o
    0x08001244   0x08001244   0x00000068   Code   RO           19    .text.apps_common_lr11xx_fetch_and_print_version  apps_common.o
    0x080012ac   0x080012ac   0x000000ae   Code   RO           11    .text.apps_common_lr11xx_get_context  apps_common.o
    0x0800135a   0x0800135a   0x00000002   PAD
    0x0800135c   0x0800135c   0x00000022   Code   RO           71    .text.apps_common_lr11xx_handle_post_rx  apps_common.o
    0x0800137e   0x0800137e   0x00000002   PAD
    0x08001380   0x08001380   0x00000022   Code   RO           67    .text.apps_common_lr11xx_handle_post_tx  apps_common.o
    0x080013a2   0x080013a2   0x00000002   PAD
    0x080013a4   0x080013a4   0x00000022   Code   RO           69    .text.apps_common_lr11xx_handle_pre_rx  apps_common.o
    0x080013c6   0x080013c6   0x00000002   PAD
    0x080013c8   0x080013c8   0x00000022   Code   RO           65    .text.apps_common_lr11xx_handle_pre_tx  apps_common.o
    0x080013ea   0x080013ea   0x00000002   PAD
    0x080013ec   0x080013ec   0x00000414   Code   RO           37    .text.apps_common_lr11xx_irq_process  apps_common.o
    0x08001800   0x08001800   0x000001e4   Code   RO           23    .text.apps_common_lr11xx_print_version  apps_common.o
    0x080019e4   0x080019e4   0x000003da   Code   RO           27    .text.apps_common_lr11xx_radio_init  apps_common.o
    0x08001dbe   0x08001dbe   0x00000002   PAD
    0x08001dc0   0x08001dc0   0x000001cc   Code   RO           35    .text.apps_common_lr11xx_receive  apps_common.o
    0x08001f8c   0x08001f8c   0x000003b4   Code   RO           17    .text.apps_common_lr11xx_system_init  apps_common.o
    0x08002340   0x08002340   0x0000007c   Code   RO           25    .text.apps_common_print_sdk_driver_version  apps_common.o
    0x080023bc   0x080023bc   0x000000b6   Code   RO           15    .text.apps_common_shield_init  apps_common.o
    0x08002472   0x08002472   0x00000002   PAD
    0x08002474   0x08002474   0x00000060   Code   RO          142    .text.common_version_print  common_version.o
    0x080024d4   0x080024d4   0x00000014   Code   RO           81    .text.get_time_on_air_in_ms  apps_common.o
    0x080024e8   0x080024e8   0x00000020   Code   RO          123    .text.hal_mcu_trace_print  smtc_hal_dbg_trace.o
    0x08002508   0x08002508   0x0000000c   Code   RO          478    .text.lr11xx_driver_version_get_version_string  lr11xx_driver_version.o
    0x08002514   0x08002514   0x00000042   Code   RO          991    .text.lr11xx_hal_direct_read  lr11xx_hal.o
    0x08002556   0x08002556   0x00000002   PAD
    0x08002558   0x08002558   0x00000092   Code   RO          989    .text.lr11xx_hal_read  lr11xx_hal.o
    0x080025ea   0x080025ea   0x00000002   PAD
    0x080025ec   0x080025ec   0x0000001e   Code   RO          981    .text.lr11xx_hal_reset  lr11xx_hal.o
    0x0800260a   0x0800260a   0x00000002   PAD
    0x0800260c   0x0800260c   0x00000058   Code   RO          985    .text.lr11xx_hal_write  lr11xx_hal.o
    0x08002664   0x08002664   0x00000028   Code   RO          662    .text.lr11xx_radio_cfg_rx_boosted  lr11xx_radio.o
    0x0800268c   0x0800268c   0x00000028   Code   RO         1121    .text.lr11xx_radio_fallback_modes_to_str  lr11xx_radio_types_str.o
    0x080026b4   0x080026b4   0x00000056   Code   RO          588    .text.lr11xx_radio_get_lora_pkt_status  lr11xx_radio.o
    0x0800270a   0x0800270a   0x00000002   PAD
    0x0800270c   0x0800270c   0x00000034   Code   RO          672    .text.lr11xx_radio_get_lora_time_on_air_in_ms  lr11xx_radio.o
    0x08002740   0x08002740   0x000000e4   Code   RO          668    .text.lr11xx_radio_get_lora_time_on_air_numerator  lr11xx_radio.o
    0x08002824   0x08002824   0x00000034   Code   RO          584    .text.lr11xx_radio_get_rx_buffer_status  lr11xx_radio.o
    0x08002858   0x08002858   0x00000058   Code   RO         1129    .text.lr11xx_radio_lora_bw_to_str  lr11xx_radio_types_str.o
    0x080028b0   0x080028b0   0x00000038   Code   RO         1131    .text.lr11xx_radio_lora_cr_to_str  lr11xx_radio_types_str.o
    0x080028e8   0x080028e8   0x00000054   Code   RO         1143    .text.lr11xx_radio_lora_crc_to_str  lr11xx_radio_types_str.o
    0x0800293c   0x0800293c   0x0000005c   Code   RO         1147    .text.lr11xx_radio_lora_iq_to_str  lr11xx_radio_types_str.o
    0x08002998   0x08002998   0x0000005c   Code   RO         1145    .text.lr11xx_radio_lora_pkt_len_modes_to_str  lr11xx_radio_types_str.o
    0x080029f4   0x080029f4   0x0000003c   Code   RO         1127    .text.lr11xx_radio_lora_sf_to_str  lr11xx_radio_types_str.o
    0x08002a30   0x08002a30   0x00000028   Code   RO         1149    .text.lr11xx_radio_pkt_type_to_str  lr11xx_radio_types_str.o
    0x08002a58   0x08002a58   0x00000028   Code   RO          622    .text.lr11xx_radio_set_lora_mod_params  lr11xx_radio.o
    0x08002a80   0x08002a80   0x00000032   Code   RO          630    .text.lr11xx_radio_set_lora_pkt_params  lr11xx_radio.o
    0x08002ab2   0x08002ab2   0x00000002   PAD
    0x08002ab4   0x08002ab4   0x00000028   Code   RO          594    .text.lr11xx_radio_set_lora_sync_word  lr11xx_radio.o
    0x08002adc   0x08002adc   0x00000028   Code   RO          642    .text.lr11xx_radio_set_pa_cfg  lr11xx_radio.o
    0x08002b04   0x08002b04   0x00000028   Code   RO          616    .text.lr11xx_radio_set_pkt_type  lr11xx_radio.o
    0x08002b2c   0x08002b2c   0x0000003a   Code   RO          610    .text.lr11xx_radio_set_rf_freq  lr11xx_radio.o
    0x08002b66   0x08002b66   0x00000002   PAD
    0x08002b68   0x08002b68   0x000000c0   Code   RO          664    .text.lr11xx_radio_set_rssi_calibration  lr11xx_radio.o
    0x08002c28   0x08002c28   0x00000044   Code   RO          600    .text.lr11xx_radio_set_rx  lr11xx_radio.o
    0x08002c6c   0x08002c6c   0x00000028   Code   RO          636    .text.lr11xx_radio_set_rx_tx_fallback_mode  lr11xx_radio.o
    0x08002c94   0x08002c94   0x00000044   Code   RO          606    .text.lr11xx_radio_set_tx  lr11xx_radio.o
    0x08002cd8   0x08002cd8   0x0000002a   Code   RO          632    .text.lr11xx_radio_set_tx_params  lr11xx_radio.o
    0x08002d02   0x08002d02   0x00000002   PAD
    0x08002d04   0x08002d04   0x00000028   Code   RO          719    .text.lr11xx_regmem_read_buffer8  lr11xx_regmem.o
    0x08002d2c   0x08002d2c   0x00000022   Code   RO          717    .text.lr11xx_regmem_write_buffer8  lr11xx_regmem.o
    0x08002d4e   0x08002d4e   0x00000002   PAD
    0x08002d50   0x08002d50   0x00000028   Code   RO          745    .text.lr11xx_system_calibrate  lr11xx_system.o
    0x08002d78   0x08002d78   0x00000030   Code   RO          761    .text.lr11xx_system_cfg_lfclk  lr11xx_system.o
    0x08002da8   0x08002da8   0x00000024   Code   RO          743    .text.lr11xx_system_clear_errors  lr11xx_system.o
    0x08002dcc   0x08002dcc   0x0000003a   Code   RO          757    .text.lr11xx_system_clear_irq_status  lr11xx_system.o
    0x08002e06   0x08002e06   0x00000002   PAD
    0x08002e08   0x08002e08   0x00000062   Code   RO          759    .text.lr11xx_system_get_and_clear_irq_status  lr11xx_system.o
    0x08002e6a   0x08002e6a   0x00000002   PAD
    0x08002e6c   0x08002e6c   0x00000036   Code   RO          741    .text.lr11xx_system_get_errors  lr11xx_system.o
    0x08002ea2   0x08002ea2   0x00000002   PAD
    0x08002ea4   0x08002ea4   0x00000040   Code   RO          739    .text.lr11xx_system_get_version  lr11xx_system.o
    0x08002ee4   0x08002ee4   0x00000004   Code   RO          733    .text.lr11xx_system_reset  lr11xx_system.o
    0x08002ee8   0x08002ee8   0x0000002c   Code   RO          753    .text.lr11xx_system_set_dio_as_rf_switch  lr11xx_system.o
    0x08002f14   0x08002f14   0x00000050   Code   RO          755    .text.lr11xx_system_set_dio_irq_params  lr11xx_system.o
    0x08002f64   0x08002f64   0x00000028   Code   RO          747    .text.lr11xx_system_set_reg_mode  lr11xx_system.o
    0x08002f8c   0x08002f8c   0x00000038   Code   RO          763    .text.lr11xx_system_set_tcxo_mode  lr11xx_system.o
    0x08002fc4   0x08002fc4   0x00000218   Code   RO          167    .text.main          main_per.o
    0x080031dc   0x080031dc   0x00000036   Code   RO           53    .text.on_cad_done_detected  apps_common.o
    0x08003212   0x08003212   0x00000002   PAD
    0x08003214   0x08003214   0x00000036   Code   RO           55    .text.on_cad_done_undetected  apps_common.o
    0x0800324a   0x0800324a   0x00000002   PAD
    0x0800324c   0x0800324c   0x0000000c   Code   RO          179    .text.on_fsk_len_error  main_per.o
    0x08003258   0x08003258   0x00000036   Code   RO           63    .text.on_gnss_scan_done  apps_common.o
    0x0800328e   0x0800328e   0x00000002   PAD
    0x08003290   0x08003290   0x00000036   Code   RO           43    .text.on_header_error  apps_common.o
    0x080032c6   0x080032c6   0x00000002   PAD
    0x080032c8   0x080032c8   0x00000036   Code   RO           59    .text.on_lora_rx_timestamp  apps_common.o
    0x080032fe   0x080032fe   0x00000002   PAD
    0x08003300   0x08003300   0x00000036   Code   RO           41    .text.on_preamble_detected  apps_common.o
    0x08003336   0x08003336   0x00000002   PAD
    0x08003338   0x08003338   0x0000000c   Code   RO          177    .text.on_rx_crc_error  main_per.o
    0x08003344   0x08003344   0x0000019c   Code   RO          171    .text.on_rx_done    main_per.o
    0x080034e0   0x080034e0   0x0000000c   Code   RO          173    .text.on_rx_timeout  main_per.o
    0x080034ec   0x080034ec   0x00000036   Code   RO           45    .text.on_syncword_header_valid  apps_common.o
    0x08003522   0x08003522   0x00000002   PAD
    0x08003524   0x08003524   0x00000120   Code   RO          169    .text.on_tx_done    main_per.o
    0x08003644   0x08003644   0x00000036   Code   RO           61    .text.on_wifi_scan_done  apps_common.o
    0x0800367a   0x0800367a   0x00000002   PAD
    0x0800367c   0x0800367c   0x000000b0   Code   RO          175    .text.per_reception_failure_handling  main_per.o
    0x0800372c   0x0800372c   0x00000130   Code   RO           29    .text.print_common_configuration  apps_common.o
    0x0800385c   0x0800385c   0x00000230   Code   RO           31    .text.print_lora_configuration  apps_common.o
    0x08003a8c   0x08003a8c   0x0000000e   Code   RO           13    .text.radio_on_dio_irq  apps_common.o
    0x08003a9a   0x08003a9a   0x00000002   PAD
    0x08003a9c   0x08003a9c   0x000000a0   Code   RO          877    .text.smtc_hal_mcu_gpio_enable_irq  smtc_hal_mcu_gpio_stm32l4.o
    0x08003b3c   0x08003b3c   0x0000006e   Code   RO          875    .text.smtc_hal_mcu_gpio_get_state  smtc_hal_mcu_gpio_stm32l4.o
    0x08003baa   0x08003baa   0x00000002   PAD
    0x08003bac   0x08003bac   0x000002c2   Code   RO          869    .text.smtc_hal_mcu_gpio_init_input  smtc_hal_mcu_gpio_stm32l4.o
    0x08003e6e   0x08003e6e   0x00000002   PAD
    0x08003e70   0x08003e70   0x000000f0   Code   RO          863    .text.smtc_hal_mcu_gpio_init_output  smtc_hal_mcu_gpio_stm32l4.o
    0x08003f60   0x08003f60   0x00000042   Code   RO          867    .text.smtc_hal_mcu_gpio_set_state  smtc_hal_mcu_gpio_stm32l4.o
    0x08003fa2   0x08003fa2   0x00000002   PAD
    0x08003fa4   0x08003fa4   0x000000e8   Code   RO          865    .text.smtc_hal_mcu_gpio_stm32l4_enable_clock  smtc_hal_mcu_gpio_stm32l4.o
    0x0800408c   0x0800408c   0x00000122   Code   RO          958    .text.smtc_hal_mcu_init  smtc_hal_mcu_stm32l4.o
    0x080041ae   0x080041ae   0x00000002   PAD
    0x080041b0   0x080041b0   0x0000017c   Code   RO          966    .text.smtc_hal_mcu_spi_init  smtc_hal_mcu_spi_stm32l4.o
    0x0800432c   0x0800432c   0x000000b0   Code   RO          970    .text.smtc_hal_mcu_spi_rw_buffer  smtc_hal_mcu_spi_stm32l4.o
    0x080043dc   0x080043dc   0x0000013c   Code   RO          917    .text.smtc_hal_mcu_uart_init  smtc_hal_mcu_uart_stm32l4.o
    0x08004518   0x08004518   0x00000032   Code   RO          921    .text.smtc_hal_mcu_uart_send  smtc_hal_mcu_uart_stm32l4.o
    0x0800454a   0x0800454a   0x00000002   PAD
    0x0800454c   0x0800454c   0x00000004   Code   RO         1044    .text.smtc_shield_lr1121mb1dis_get_lfclk_cfg  smtc_shield_lr1121mb1dis.o
    0x08004550   0x08004550   0x0000008a   Code   RO         1034    .text.smtc_shield_lr1121mb1dis_get_pa_pwr_cfg  smtc_shield_lr1121mb1dis.o
    0x080045da   0x080045da   0x00000002   PAD
    0x080045dc   0x080045dc   0x00000004   Code   RO         1046    .text.smtc_shield_lr1121mb1dis_get_pinout  smtc_shield_lr1121mb1dis.o
    0x080045e0   0x080045e0   0x00000004   Code   RO         1040    .text.smtc_shield_lr1121mb1dis_get_reg_mode  smtc_shield_lr1121mb1dis.o
    0x080045e4   0x080045e4   0x00000004   Code   RO         1038    .text.smtc_shield_lr1121mb1dis_get_rf_switch_cfg  smtc_shield_lr1121mb1dis.o
    0x080045e8   0x080045e8   0x00000004   Code   RO         1036    .text.smtc_shield_lr1121mb1dis_get_rssi_calibration_table  smtc_shield_lr1121mb1dis.o
    0x080045ec   0x080045ec   0x00000004   Code   RO         1042    .text.smtc_shield_lr1121mb1dis_get_xosc_cfg  smtc_shield_lr1121mb1dis.o
    0x080045f0   0x080045f0   0x0000000a   Code   RO         1025    .text.smtc_shield_lr11x1_common_get_xosc_cfg  smtc_shield_lr11x1_common.o
    0x080045fa   0x080045fa   0x00000002   PAD
    0x080045fc   0x080045fc   0x0000000a   Code   RO         1007    .text.smtc_shield_lr11xx_common_get_lfclk_cfg  smtc_shield_lr11xx_common.o
    0x08004606   0x08004606   0x00000002   PAD
    0x08004608   0x08004608   0x0000000a   Code   RO         1009    .text.smtc_shield_lr11xx_common_get_pinout  smtc_shield_lr11xx_common.o
    0x08004612   0x08004612   0x00000002   PAD
    0x08004614   0x08004614   0x00000004   Code   RO         1005    .text.smtc_shield_lr11xx_common_get_reg_mode  smtc_shield_lr11xx_common.o
    0x08004618   0x08004618   0x0000000a   Code   RO         1003    .text.smtc_shield_lr11xx_common_get_rf_switch_cfg  smtc_shield_lr11xx_common.o
    0x08004622   0x08004622   0x00000002   PAD
    0x08004624   0x08004624   0x00000038   Code   RO         1001    .text.smtc_shield_lr11xx_get_rssi_calibration_table  smtc_shield_lr11xx_common.o
    0x0800465c   0x0800465c   0x0000000e   Code   RO          132    .text.smtc_shield_pinout_mapping_get_gpio_cfg  smtc_shield_pinout_mapping.o
    0x0800466a   0x0800466a   0x00000002   PAD
    0x0800466c   0x0800466c   0x0000002c   Code   RO          150    .text.uart_init     uart_init.o
    0x08004698   0x08004698   0x00000036   Code   RO          156    .text.vprint        uart_init.o
    0x080046ce   0x080046ce   0x00000002   PAD
    0x080046d0   0x080046d0   0x00000024   Code   RO         1252    i.__0vsprintf       mc_w.l(printfa.o)
    0x080046f4   0x080046f4   0x0000000e   Code   RO         1328    i.__scatterload_copy  mc_w.l(handlers.o)
    0x08004702   0x08004702   0x00000002   Code   RO         1329    i.__scatterload_null  mc_w.l(handlers.o)
    0x08004704   0x08004704   0x0000000e   Code   RO         1330    i.__scatterload_zeroinit  mc_w.l(handlers.o)
    0x08004712   0x08004712   0x00000002   PAD
    0x08004714   0x08004714   0x0000018a   Code   RO         1253    i._fp_digits        mc_w.l(printfa.o)
    0x0800489e   0x0800489e   0x00000002   PAD
    0x080048a0   0x080048a0   0x000006e2   Code   RO         1254    i._printf_core      mc_w.l(printfa.o)
    0x08004f82   0x08004f82   0x00000024   Code   RO         1255    i._printf_post_padding  mc_w.l(printfa.o)
    0x08004fa6   0x08004fa6   0x0000002e   Code   RO         1256    i._printf_pre_padding  mc_w.l(printfa.o)
    0x08004fd4   0x08004fd4   0x0000000a   Code   RO         1258    i._sputc            mc_w.l(printfa.o)
    0x08004fde   0x08004fde   0x00000002   PAD
    0x08004fe0   0x08004fe0   0x0000003c   Data   RO          686    .rodata..Lswitch.table.lr11xx_radio_get_lora_time_on_air_in_ms  lr11xx_radio.o
    0x0800501c   0x0800501c   0x00000010   Data   RO          399    .rodata.AHBPrescTable  system_stm32l4xx.o
    0x0800502c   0x0800502c   0x00000008   Data   RO          400    .rodata.APBPrescTable  system_stm32l4xx.o
    0x08005034   0x08005034   0x00000030   Data   RO          401    .rodata.MSIRangeTable  system_stm32l4xx.o
    0x08005064   0x08005064   0x000000b0   Data   RO          134    .rodata.arduino_mapping  smtc_shield_pinout_mapping.o
    0x08005114   0x08005114   0x00000006   Data   RO           94    .rodata.lora_pkt_params  apps_common.o
    0x0800511a   0x0800511a   0x000000c8   Data   RO         1048    .rodata.smtc_shield_lr1121mb1dis_pa_pwr_cfg_table  smtc_shield_lr1121mb1dis.o
    0x080051e2   0x080051e2   0x000000a0   Data   RO         1049    .rodata.smtc_shield_lr1121mb1dis_pa_pwr_hf_cfg_table  smtc_shield_lr1121mb1dis.o
    0x08005282   0x08005282   0x00000002   PAD
    0x08005284   0x08005284   0x00000008   Data   RO         1027    .rodata.smtc_shield_lr11x1_common_xosc_cfg  smtc_shield_lr11x1_common.o
    0x0800528c   0x0800528c   0x00000002   Data   RO         1012    .rodata.smtc_shield_lr11xx_common_lfclk_cfg  smtc_shield_lr11xx_common.o
    0x0800528e   0x0800528e   0x00000008   Data   RO         1013    .rodata.smtc_shield_lr11xx_common_pinout  smtc_shield_lr11xx_common.o
    0x08005296   0x08005296   0x00000008   Data   RO         1011    .rodata.smtc_shield_lr11xx_common_rf_switch_cfg  smtc_shield_lr11xx_common.o
    0x0800529e   0x0800529e   0x00000014   Data   RO         1016    .rodata.smtc_shield_lr11xx_common_rssi_calibration_table_above_2ghz  smtc_shield_lr11xx_common.o
    0x080052b2   0x080052b2   0x00000014   Data   RO         1014    .rodata.smtc_shield_lr11xx_common_rssi_calibration_table_below_600mhz  smtc_shield_lr11xx_common.o
    0x080052c6   0x080052c6   0x00000014   Data   RO         1015    .rodata.smtc_shield_lr11xx_common_rssi_calibration_table_from_600mhz_to_2ghz  smtc_shield_lr11xx_common.o
    0x080052da   0x080052da   0x000003c8   Data   RO           92    .rodata.str1.1      apps_common.o
    0x080056a2   0x080056a2   0x0000002a   Data   RO          181    .rodata.str1.1      main_per.o
    0x080056cc   0x080056cc   0x00000371   Data   RO         1161    .rodata.str1.1      lr11xx_radio_types_str.o
    0x08005a3d   0x08005a3d   0x00000003   PAD
    0x08005a40   0x08005a40   0x00000020   Data   RO         1327    Region$$Table       anon$$obj.o


    Execution Region RW_IRAM1 (Exec base: 0x20000000, Load base: 0x08005a60, Size: 0x00000818, Max: 0x00018000, ABSOLUTE)

    Exec Addr    Load Addr    Size         Type   Attr      Idx    E Section Name        Object

    0x20000000   0x08005a60   0x00000004   Data   RW          398    .data.SystemCoreClock  system_stm32l4xx.o
    0x20000004   0x08005a64   0x00000004   Data   RW           93    .data.lora_mod_params  apps_common.o
    0x20000008   0x08005a68   0x00000004   Data   RW          182    .data.mode          main_per.o
    0x2000000c   0x08005a6c   0x00000004   Data   RW          185    .data.rx_timeout    main_per.o
    0x20000010   0x08005a70   0x0000001c   Data   RW           85    .data.shield        apps_common.o
    0x2000002c   0x08005a8c   0x00000004   PAD
    0x20000030        -       0x00000007   Zero   RW          184    .bss.buffer         main_per.o
    0x20000037   0x08005a8c   0x00000001   PAD
    0x20000038        -       0x00000048   Zero   RW           86    .bss.context        apps_common.o
    0x20000080        -       0x00000004   Zero   RW          183    .bss.context        main_per.o
    0x20000084        -       0x00000001   Zero   RW          187    .bss.first_pkt_flag  main_per.o
    0x20000085   0x08005a8c   0x00000003   PAD
    0x20000088        -       0x00000300   Zero   RW          893    .bss.gpio_inst_array  smtc_hal_mcu_gpio_stm32l4.o
    0x20000388        -       0x00000004   Zero   RW          158    .bss.inst_uart      uart_init.o
    0x2000038c        -       0x00000001   Zero   RW           97    .bss.irq_fired      apps_common.o
    0x2000038d   0x08005a8c   0x00000003   PAD
    0x20000390        -       0x0000000c   Zero   RW           89    .bss.led_rx         apps_common.o
    0x2000039c        -       0x0000000c   Zero   RW           90    .bss.led_scan       apps_common.o
    0x200003a8        -       0x0000000c   Zero   RW           88    .bss.led_tx         apps_common.o
    0x200003b4        -       0x0000000c   Zero   RW           91    .bss.lna_ctrl       apps_common.o
    0x200003c0        -       0x00000002   Zero   RW          193    .bss.nb_fsk_len_error  main_per.o
    0x200003c2        -       0x00000002   Zero   RW          189    .bss.nb_ok          main_per.o
    0x200003c4        -       0x00000002   Zero   RW          192    .bss.nb_rx_error    main_per.o
    0x200003c6        -       0x00000002   Zero   RW          191    .bss.nb_rx_timeout  main_per.o
    0x200003c8        -       0x00000002   Zero   RW          190    .bss.per_index      main_per.o
    0x200003ca        -       0x00000007   Zero   RW          186    .bss.per_msg        main_per.o
    0x200003d1        -       0x00000001   Zero   RW          188    .bss.rolling_counter  main_per.o
    0x200003d2   0x08005a8c   0x00000002   PAD
    0x200003d4        -       0x00000004   Zero   RW           87    .bss.shield_pinout  apps_common.o
    0x200003d8        -       0x00000020   Zero   RW          972    .bss.spi_inst_array  smtc_hal_mcu_spi_stm32l4.o
    0x200003f8        -       0x00000010   Zero   RW          949    .bss.tim_inst_array  smtc_hal_mcu_timer_stm32l4.o
    0x20000408        -       0x0000000c   Zero   RW          927    .bss.uart_inst_array  smtc_hal_mcu_uart_stm32l4.o
    0x20000414   0x08005a8c   0x00000004   PAD
    0x20000418        -       0x00000400   Zero   RW            1    STACK               startup_stm32l476xx.o


==============================================================================

Image component sizes


      Code (inc. data)   RO Data    RW Data    ZI Data      Debug   Object Name

      5972        672        974         32        125      27706   apps_common.o
        96         64          0          0          0        856   common_version.o
        12          8          0          0          0        639   lr11xx_driver_version.o
       330          0          0          0          0       6196   lr11xx_hal.o
      1136          0         60          0          0      32292   lr11xx_radio.o
       552        336        881          0          0      11929   lr11xx_radio_types_str.o
        74          0          0          0          0       6154   lr11xx_regmem.o
       622          0          0          0          0      17487   lr11xx_system.o
      1448        172         42          8         30       7139   main_per.o
        32          0          0          0          0        818   smtc_hal_dbg_trace.o
      2448        136          0          0        768      20844   smtc_hal_mcu_gpio_stm32l4.o
       556         48          0          0         32       7209   smtc_hal_mcu_spi_stm32l4.o
       290          0          0          0          0       4910   smtc_hal_mcu_stm32l4.o
        46          0          0          0         16      10250   smtc_hal_mcu_timer_stm32l4.o
       418         24          0          0         12      10859   smtc_hal_mcu_uart_stm32l4.o
       162          0        360          0          0       5976   smtc_shield_lr1121mb1dis.o
        10          0          8          0          0       1432   smtc_shield_lr11x1_common.o
        90          0         78          0          0       4103   smtc_shield_lr11xx_common.o
        14          0        176          0          0       2332   smtc_shield_pinout_mapping.o
        36          8        392          0       1024       1092   startup_stm32l476xx.o
       366          8          0          0          0       3646   stm32l4xx_ll_exti.o
       226          0          0          0          0       4640   stm32l4xx_ll_gpio.o
       656         24          0          0          0      19232   stm32l4xx_ll_rcc.o
       126          0          0          0          0       4012   stm32l4xx_ll_spi.o
       236          0          0          0          0       5929   stm32l4xx_ll_usart.o
        96          0          0          0          0      10463   stm32l4xx_ll_utils.o
        18          0         72          4          0       3292   system_stm32l4xx.o
        98          0          0          0          4       3004   uart_init.o

    ----------------------------------------------------------------------
     16268       1500       3080         44       2028     234441   Object Totals
         0          0         32          0          0          0   (incl. Generated)
       102          0          5          0         17          0   (incl. Padding)

    ----------------------------------------------------------------------

      Code (inc. data)   RO Data    RW Data    ZI Data      Debug   Library Member Name

         0          0          0          0          0          0   entry.o
         0          0          0          0          0          0   entry10a.o
         0          0          0          0          0          0   entry11a.o
         8          4          0          0          0          0   entry2.o
         4          0          0          0          0          0   entry5.o
         0          0          0          0          0          0   entry7b.o
         0          0          0          0          0          0   entry8b.o
         8          4          0          0          0          0   entry9a.o
        30          0          0          0          0          0   handlers.o
        36          8          0          0          0         68   init.o
         0          0          0          0          0          0   iusefp.o
        30          0          0          0          0         68   llshl.o
        36          0          0          0          0         68   llsshr.o
        32          0          0          0          0         68   llushr.o
        26          0          0          0          0         80   memcmp.o
        36          0          0          0          0        108   memseta.o
      2284         86          0          0          0        516   printfa.o
        14          0          0          0          0         68   strlen.o
        44          0          0          0          0         80   uidiv.o
       104          0          0          0          0         92   uldiv.o
        48          0          0          0          0         68   cdrcmple.o
       350          0          0          0          0        148   dadd.o
       222          0          0          0          0        100   ddiv.o
       186          0          0          0          0        176   depilogue.o
        48          0          0          0          0         68   dfixul.o
       234          0          0          0          0         96   dmul.o

    ----------------------------------------------------------------------
      3788        102          0          0          0       1872   Library Totals
         8          0          0          0          0          0   (incl. Padding)

    ----------------------------------------------------------------------

      Code (inc. data)   RO Data    RW Data    ZI Data      Debug   Library Name

      2692        102          0          0          0       1216   mc_w.l
      1088          0          0          0          0        656   mf_w.l

    ----------------------------------------------------------------------
      3788        102          0          0          0       1872   Library Totals

    ----------------------------------------------------------------------

==============================================================================


      Code (inc. data)   RO Data    RW Data    ZI Data      Debug   

     20056       1602       3080         44       2028     235061   Grand Totals
     20056       1602       3080         44       2028     235061   ELF Image Totals
     20056       1602       3080         44          0          0   ROM Totals

==============================================================================

    Total RO  Size (Code + RO Data)                23136 (  22.59kB)
    Total RW  Size (RW Data + ZI Data)              2072 (   2.02kB)
    Total ROM Size (Code + RO Data + RW Data)      23180 (  22.64kB)

==============================================================================

