<html>
<body>
<pre>
<h1>µVision Build Log</h1>
<h2>Tool Versions:</h2>
IDE-Version: ¦ÌVision V5.38.0.0
Copyright (C) 2022 ARM Ltd and ARM Germany GmbH. All rights reserved.
License Information: 111 582805940@qq.com, 111, LIC=BUURY-IBZBA-MMK9I-TGRJZ-PM13M-5N99A
 
Tool Versions:
Toolchain:       MDK-ARM Plus  Version: 5.38.0.0
Toolchain Path:  C:\Keil_v5\ARM\ARMCLANG\Bin
C Compiler:      ArmClang.exe V6.19
Assembler:       Armasm.exe V6.19
Linker/Locator:  ArmLink.exe V6.19
Library Manager: ArmAr.exe V6.19
Hex Converter:   FromElf.exe V6.19
CPU DLL:         SARMCM3.DLL V5.38.0.0
Dialog DLL:      DCM.DLL V1.17.5.0
Target DLL:      STLink\ST-LINKIII-KEIL_SWO.dll V3.1.0.0
Dialog DLL:      TCM.DLL V1.56.4.0
 
<h2>Project:</h2>
D:\Github\STM32-LR1121\example\Work_with_MOS\lr11xx\apps\lora\MDK-ARM\lr1121_work_with_mos.uvprojx
Project File Date:  07/08/2025

<h2>Output:</h2>
*** Using Compiler 'V6.19', folder: 'C:\Keil_v5\ARM\ARMCLANG\Bin'
Rebuild target 'LR1121MB1DIS'
assembling startup_stm32l476xx.s...
compiling smtc_hal_dbg_trace.c...
compiling common_version.c...
compiling smtc_shield_pinout_mapping.c...
compiling apps_version.c...
compiling uart_init.c...
../main.c(75): warning: passing 'uint8_t[25]' (aka 'unsigned char[25]') to parameter of type 'const char *' converts between pointers to integer types where one is of the unique plain 'char' type and the other is not [-Wpointer-sign]
            send_string_to_mos(uart_rx_buffer);
                               ^~~~~~~~~~~~~~
../main.c(35): note: passing argument to parameter 'str' here
static void send_string_to_mos(const char* str);
                                           ^
1 warning generated.
compiling main.c...
compiling apps_common.c...
compiling stm32l4xx_ll_spi.c...
compiling stm32l4xx_ll_lptim.c...
compiling stm32l4xx_ll_tim.c...
compiling stm32l4xx_ll_usart.c...
compiling stm32l4xx_ll_rcc.c...
compiling stm32l4xx_ll_pwr.c...
compiling stm32l4xx_ll_exti.c...
compiling stm32l4xx_ll_gpio.c...
compiling stm32l4xx_ll_utils.c...
compiling lr11xx_driver_version.c...
compiling lr11xx_bootloader.c...
compiling lr11xx_lr_fhss.c...
compiling system_stm32l4xx.c...
compiling lr11xx_crypto_engine.c...
compiling lr11xx_gnss.c...
compiling lr11xx_radio_timings.c...
compiling lr11xx_regmem.c...
compiling lr11xx_radio.c...
compiling lr11xx_system.c...
compiling lr11xx_wifi.c...
compiling smtc_hal_mcu_rng_stm32l4.c...
compiling smtc_hal_mcu_uart_stm32l4.c...
compiling smtc_hal_mcu_gpio_stm32l4.c...
compiling smtc_hal_mcu_timer_stm32l4.c...
compiling smtc_hal_mcu_stm32l4.c...
compiling smtc_hal_mcu_spi_stm32l4.c...
compiling smtc_shield_lr11xx_common.c...
compiling lr11xx_hal.c...
compiling smtc_shield_lr11x1_common.c...
compiling smtc_shield_lr1121mb1dis.c...
compiling lr11xx_bootloader_types_str.c...
compiling lr11xx_crypto_engine_types_str.c...
compiling lr11xx_gnss_types_str.c...
compiling lr11xx_radio_types_str.c...
compiling lr11xx_system_types_str.c...
compiling lr11xx_types_str.c...
compiling lr11xx_wifi_types_str.c...
linking...
Program Size: Code=20026 RO-data=3042 RW-data=36 ZI-data=2052  
FromELF: creating hex file...
After Build - User command #1: fromelf --bincombined --output=work_with_mos.bin .\build\LR1121MB1DIS\work_with_mos.axf
".\build\LR1121MB1DIS\work_with_mos.axf" - 0 Error(s), 1 Warning(s).

<h2>Software Packages used:</h2>

Package Vendor: ARM
                http://www.keil.com/pack/ARM.CMSIS.5.9.0.pack
                ARM.CMSIS.5.9.0
                CMSIS (Common Microcontroller Software Interface Standard)
   * Component: CORE Version: 5.6.0

Package Vendor: Keil
                http://www.keil.com/pack/Keil.STM32L4xx_DFP.2.6.1.pack
                Keil.STM32L4xx_DFP.2.6.1
                STMicroelectronics STM32L4 Series Device Support, Drivers and Examples

<h2>Collection of Component include folders:</h2>
  ./RTE/_LR1121MB1DIS
  C:/Users/58280/AppData/Local/Arm/Packs/ARM/CMSIS/5.9.0/CMSIS/Core/Include
  C:/Users/58280/AppData/Local/Arm/Packs/Keil/STM32L4xx_DFP/2.6.1/Drivers/CMSIS/Device/ST/STM32L4xx/Include

<h2>Collection of Component Files used:</h2>

   * Component: ARM::CMSIS:CORE:5.6.0
Build Time Elapsed:  00:00:03
</pre>
</body>
</html>
